========================Parámetros========================
Archivo: C:\Users\luisj\source\repos\Optimizacion en Scatter Search para el Problema del Indice de Transmision\Optimizacion en Scatter Search para el Problema del Indice de Transmision\test_graphs\cycle_graph\medium\cycle_graph_medium_(8).txt
Nodos: 80 | Población: 20 | RefSet: 10 | Iteraciones: 10
Precomputando caminos...
Construyendo base balanceada genérica...
Base inicial: indice=1611
Construyendo población...
Mejorando población inicial...
Construyendo RefSet...
Iteración 1: real=1609 cost=204843640.0000

--- Iteración 1 ---
Median Population dist: 2575 | POP_DISTANCE_THRESHOLD: 103
Median RefSet dist: 1905 | MIN_PR_DISTANCE: 285
Hijos PR: 4 | Total (inc. perturbación): 4
Insertados en población: 4 (PR=4, perturbación=0)
Sin mejora. real=1609 cost=204843640.0000

--- Iteración 2 ---
Median Population dist: 1946 | POP_DISTANCE_THRESHOLD: 80
Median RefSet dist: 1206 | MIN_PR_DISTANCE: 200
Hijos PR: 18 | Total (inc. perturbación): 18
Insertados en población: 14 (PR=14, perturbación=0)
Sin mejora. real=1609 cost=204843640.0000

--- Iteración 3 ---
Median Population dist: 79 | POP_DISTANCE_THRESHOLD: 80
Median RefSet dist: 106 | MIN_PR_DISTANCE: 200
Estancamiento detectado, perturbación estratégica...
Perturbación: 100 pares modificados (de 2320 conflictivos)
Hijos PR: 2 | Total (inc. perturbación): 3
Insertados en población: 2 (PR=2, perturbación=0)
Sin mejora. real=1609 cost=204843640.0000
Diversificando población...
Población convergida (ratio=0.013), reemplazando 50%
Diversificaciones sin mejora: 1

--- Iteración 4 ---
Median Population dist: 839 | POP_DISTANCE_THRESHOLD: 80
Median RefSet dist: 833 | MIN_PR_DISTANCE: 200
Hijos PR: 11 | Total (inc. perturbación): 11
Insertados en población: 11 (PR=11, perturbación=0)
Sin mejora. real=1609 cost=204843640.0000

--- Iteración 5 ---
Median Population dist: 75 | POP_DISTANCE_THRESHOLD: 80
Median RefSet dist: 87 | MIN_PR_DISTANCE: 200
Hijos PR: 0 | Total (inc. perturbación): 0
Insertados en población: 0 (PR=0, perturbación=0)
Sin mejora. real=1609 cost=204843640.0000

--- Iteración 6 ---
Median Population dist: 75 | POP_DISTANCE_THRESHOLD: 80
Median RefSet dist: 84 | MIN_PR_DISTANCE: 200
Hijos PR: 0 | Total (inc. perturbación): 0
Insertados en población: 0 (PR=0, perturbación=0)
Sin mejora. real=1609 cost=204843640.0000
Diversificando población...
Población convergida (ratio=0.012), reemplazando 50%
Diversificaciones sin mejora: 2

--- Iteración 7 ---
Median Population dist: 842 | POP_DISTANCE_THRESHOLD: 80
Median RefSet dist: 808 | MIN_PR_DISTANCE: 200
Hijos PR: 14 | Total (inc. perturbación): 14
Insertados en población: 14 (PR=14, perturbación=0)
Sin mejora. real=1609 cost=204843640.0000

--- Iteración 8 ---
Median Population dist: 80 | POP_DISTANCE_THRESHOLD: 80
Median RefSet dist: 77 | MIN_PR_DISTANCE: 200
Hijos PR: 0 | Total (inc. perturbación): 0
Insertados en población: 0 (PR=0, perturbación=0)
Sin mejora. real=1609 cost=204843640.0000

--- Iteración 9 ---
Median Population dist: 82 | POP_DISTANCE_THRESHOLD: 80
Median RefSet dist: 80 | MIN_PR_DISTANCE: 200
Estancamiento detectado, perturbación estratégica...
Perturbación: 100 pares modificados (de 2320 conflictivos)
Hijos PR: 0 | Total (inc. perturbación): 1
Insertados en población: 0 (PR=0, perturbación=0)
Sin mejora. real=1609 cost=204843640.0000
Diversificando población...
Población convergida (ratio=0.013), reemplazando 50%
Diversificaciones sin mejora: 3
Demasiadas diversificaciones sin mejora. Terminando.
========================Resultados========================
Índice de Transmisión aproximado (real): 1609
Costo heurístico: 204843640.0000
Carga total: 128012
Numero de pares: 6320
Tiempo de ejecución: 35.0854 segundos
