========================Parámetros========================
Archivo: C:\Users\luisj\source\repos\Optimizacion en Scatter Search para el Problema del Indice de Transmision\Optimizacion en Scatter Search para el Problema del Indice de Transmision\test_graphs\cycle_graph\medium\cycle_graph_medium_(5).txt
Nodos: 50 | Población: 20 | RefSet: 10 | Iteraciones: 10
Precomputando caminos...
Construyendo base balanceada genérica...
Base inicial: indice=633
Construyendo población...
Mejorando población inicial...
Construyendo RefSet...
Iteración 1: real=633 cost=19533778.0000

--- Iteración 1 ---
Median Population dist: 1254 | POP_DISTANCE_THRESHOLD: 80
Median RefSet dist: 1220 | MIN_PR_DISTANCE: 200
Hijos PR: 4 | Total (inc. perturbación): 4
Insertados en población: 2 (PR=2, perturbación=0)
Iter 1: Mejor real=631 cost=19651850.0000 [PR+Improve (PR dejó=639, improve bajó a 631)]
  Cargas min (10): [623, 623, 623, 623, 623, 623, 623, 623, 623, 623]
  Cargas max (10): [631, 631, 631, 631, 631, 631, 631, 631, 631, 631]

--- Iteración 2 ---
Median Population dist: 1249 | POP_DISTANCE_THRESHOLD: 80
Median RefSet dist: 1190 | MIN_PR_DISTANCE: 200
Hijos PR: 12 | Total (inc. perturbación): 12
Insertados en población: 7 (PR=7, perturbación=0)
Sin mejora. real=631 cost=19651850.0000

--- Iteración 3 ---
Median Population dist: 1180 | POP_DISTANCE_THRESHOLD: 80
Median RefSet dist: 1166 | MIN_PR_DISTANCE: 200
Hijos PR: 14 | Total (inc. perturbación): 14
Insertados en población: 12 (PR=12, perturbación=0)
Sin mejora. real=631 cost=19651850.0000

--- Iteración 4 ---
Median Population dist: 81 | POP_DISTANCE_THRESHOLD: 80
Median RefSet dist: 91 | MIN_PR_DISTANCE: 200
Estancamiento detectado, perturbación estratégica...
Perturbación: 100 pares modificados (de 1898 conflictivos)
Hijos PR: 0 | Total (inc. perturbación): 1
Insertados en población: 1 (PR=0, perturbación=1)
Sin mejora. real=631 cost=19651850.0000
Diversificando población...
Población convergida (ratio=0.033), reemplazando 50%
Diversificaciones sin mejora: 1

--- Iteración 5 ---
Median Population dist: 329 | POP_DISTANCE_THRESHOLD: 80
Median RefSet dist: 508 | MIN_PR_DISTANCE: 200
Hijos PR: 5 | Total (inc. perturbación): 5
Insertados en población: 5 (PR=5, perturbación=0)
Sin mejora. real=631 cost=19651850.0000

--- Iteración 6 ---
Median Population dist: 110 | POP_DISTANCE_THRESHOLD: 80
Median RefSet dist: 331 | MIN_PR_DISTANCE: 200
Hijos PR: 15 | Total (inc. perturbación): 15
Insertados en población: 10 (PR=10, perturbación=0)
Sin mejora. real=631 cost=19651850.0000

--- Iteración 7 ---
Median Population dist: 92 | POP_DISTANCE_THRESHOLD: 80
Median RefSet dist: 99 | MIN_PR_DISTANCE: 200
Hijos PR: 0 | Total (inc. perturbación): 0
Insertados en población: 0 (PR=0, perturbación=0)
Sin mejora. real=631 cost=19651850.0000
Diversificando población...
Población convergida (ratio=0.038), reemplazando 50%
Diversificaciones sin mejora: 2

--- Iteración 8 ---
Median Population dist: 332 | POP_DISTANCE_THRESHOLD: 80
Median RefSet dist: 508 | MIN_PR_DISTANCE: 200
Hijos PR: 6 | Total (inc. perturbación): 6
Insertados en población: 6 (PR=6, perturbación=0)
Sin mejora. real=631 cost=19651850.0000

--- Iteración 9 ---
Median Population dist: 98 | POP_DISTANCE_THRESHOLD: 80
Median RefSet dist: 328 | MIN_PR_DISTANCE: 200
Hijos PR: 15 | Total (inc. perturbación): 15
Insertados en población: 7 (PR=7, perturbación=0)
Sin mejora. real=631 cost=19651850.0000

--- Iteración 10 ---
Median Population dist: 95 | POP_DISTANCE_THRESHOLD: 80
Median RefSet dist: 99 | MIN_PR_DISTANCE: 200
Estancamiento detectado, perturbación estratégica...
Perturbación: 100 pares modificados (de 1898 conflictivos)
Hijos PR: 0 | Total (inc. perturbación): 1
Insertados en población: 1 (PR=0, perturbación=1)
Sin mejora. real=631 cost=19651850.0000
Diversificando población...
Población convergida (ratio=0.039), reemplazando 50%
Diversificaciones sin mejora: 3
Demasiadas diversificaciones sin mejora. Terminando.
========================Resultados========================
Índice de Transmisión aproximado (real): 631
Costo heurístico: 19651850.0000
Carga total: 31346
Numero de pares: 2450
Tiempo de ejecución: 22.4310 segundos
