========================Parámetros========================
Archivo: C:\Users\luisj\source\repos\Optimizacion en Scatter Search para el Problema del Indice de Transmision\Optimizacion en Scatter Search para el Problema del Indice de Transmision\test_graphs\cycle_graph\medium\cycle_graph_medium_(2).txt
Nodos: 20 | Población: 20 | RefSet: 10 | Iteraciones: 10
Precomputando caminos...
Construyendo base balanceada genérica...
Base inicial: indice=105
Construyendo población...
Mejorando población inicial...
Construyendo RefSet...
Iteración 1: real=102 cost=200064.0000

--- Iteración 1 ---
Median Population dist: 19 | POP_DISTANCE_THRESHOLD: 80
Median RefSet dist: 19 | MIN_PR_DISTANCE: 200
Hijos PR: 6 | Total (inc. perturbación): 6
Insertados en población: 6 (PR=6, perturbación=0)
Sin mejora. real=102 cost=200064.0000

--- Iteración 2 ---
Median Population dist: 23 | POP_DISTANCE_THRESHOLD: 80
Median RefSet dist: 331 | MIN_PR_DISTANCE: 200
Hijos PR: 13 | Total (inc. perturbación): 13
Insertados en población: 0 (PR=0, perturbación=0)
Sin mejora. real=102 cost=200064.0000

--- Iteración 3 ---
Median Population dist: 35 | POP_DISTANCE_THRESHOLD: 80
Median RefSet dist: 330 | MIN_PR_DISTANCE: 200
Estancamiento detectado, perturbación estratégica...
Perturbación: 100 pares modificados (de 304 conflictivos)
Hijos PR: 15 | Total (inc. perturbación): 16
Insertados en población: 1 (PR=0, perturbación=1)
Sin mejora. real=102 cost=200064.0000
Diversificando población...
Población convergida (ratio=0.092), reemplazando 50%
Diversificaciones sin mejora: 1

--- Iteración 4 ---
Median Population dist: 65 | POP_DISTANCE_THRESHOLD: 80
Median RefSet dist: 84 | MIN_PR_DISTANCE: 200
Hijos PR: 3 | Total (inc. perturbación): 3
Insertados en población: 0 (PR=0, perturbación=0)
Sin mejora. real=102 cost=200064.0000

--- Iteración 5 ---
Median Population dist: 63 | POP_DISTANCE_THRESHOLD: 80
Median RefSet dist: 82 | MIN_PR_DISTANCE: 200
Hijos PR: 4 | Total (inc. perturbación): 4
Insertados en población: 0 (PR=0, perturbación=0)
Sin mejora. real=102 cost=200064.0000

--- Iteración 6 ---
Median Population dist: 63 | POP_DISTANCE_THRESHOLD: 80
Median RefSet dist: 80 | MIN_PR_DISTANCE: 200
Hijos PR: 6 | Total (inc. perturbación): 6
Insertados en población: 0 (PR=0, perturbación=0)
Sin mejora. real=102 cost=200064.0000
Diversificando población...
Diversificaciones sin mejora: 2

--- Iteración 7 ---
Median Population dist: 62 | POP_DISTANCE_THRESHOLD: 80
Median RefSet dist: 61 | MIN_PR_DISTANCE: 200
Hijos PR: 0 | Total (inc. perturbación): 0
Insertados en población: 0 (PR=0, perturbación=0)
Sin mejora. real=102 cost=200064.0000

--- Iteración 8 ---
Median Population dist: 63 | POP_DISTANCE_THRESHOLD: 80
Median RefSet dist: 62 | MIN_PR_DISTANCE: 200
Hijos PR: 0 | Total (inc. perturbación): 0
Insertados en población: 0 (PR=0, perturbación=0)
Sin mejora. real=102 cost=200064.0000

--- Iteración 9 ---
Median Population dist: 62 | POP_DISTANCE_THRESHOLD: 80
Median RefSet dist: 62 | MIN_PR_DISTANCE: 200
Estancamiento detectado, perturbación estratégica...
Perturbación: 100 pares modificados (de 304 conflictivos)
Hijos PR: 0 | Total (inc. perturbación): 1
Insertados en población: 1 (PR=0, perturbación=1)
Sin mejora. real=102 cost=200064.0000
Diversificando población...
Diversificaciones sin mejora: 3
Demasiadas diversificaciones sin mejora. Terminando.
========================Resultados========================
Índice de Transmisión aproximado (real): 102
Costo heurístico: 200064.0000
Carga total: 2000
Numero de pares: 380
Tiempo de ejecución: 2.7625 segundos
