========================Parámetros========================
Archivo: C:\Users\luisj\source\repos\Optimizacion en Scatter Search para el Problema del Indice de Transmision\Optimizacion en Scatter Search para el Problema del Indice de Transmision\test_graphs\cycle_graph\large\cycle_graph_large_(1).txt
Nodos: 100 | Población: 30 | RefSet: 15 | Iteraciones: 5
Precomputando caminos...
Construyendo base balanceada genérica...
Base inicial: indice=2512
Construyendo población...
Mejorando población inicial...
Construyendo RefSet...
Iteración 1: real=2512 cost=625012112.0000

--- Iteración 1 ---
Median Population dist: 2861 | POP_DISTANCE_THRESHOLD: 114
Median RefSet dist: 2087 | MIN_PR_DISTANCE: 313
Hijos PR: 6 | Total (inc. perturbación): 6
Insertados en población: 6 (PR=6, perturbación=0)
Sin mejora. real=2512 cost=625012112.0000

--- Iteración 2 ---
Median Population dist: 2096 | POP_DISTANCE_THRESHOLD: 83
Median RefSet dist: 1229 | MIN_PR_DISTANCE: 200
Hijos PR: 2 | Total (inc. perturbación): 2
Insertados en población: 0 (PR=0, perturbación=0)
Sin mejora. real=2512 cost=625012112.0000

--- Iteración 3 ---
Median Population dist: 2104 | POP_DISTANCE_THRESHOLD: 84
Median RefSet dist: 1251 | MIN_PR_DISTANCE: 200
Estancamiento detectado, perturbación estratégica...
Perturbación: 100 pares modificados (de 3403 conflictivos)
Hijos PR: 3 | Total (inc. perturbación): 4
Insertados en población: 1 (PR=0, perturbación=1)
Sin mejora. real=2512 cost=625012112.0000
Diversificando población...
Diversificaciones sin mejora: 1

--- Iteración 4 ---
Median Population dist: 2081 | POP_DISTANCE_THRESHOLD: 83
Median RefSet dist: 1254 | MIN_PR_DISTANCE: 200
Hijos PR: 7 | Total (inc. perturbación): 7
Insertados en población: 4 (PR=4, perturbación=0)
Sin mejora. real=2512 cost=625012112.0000

--- Iteración 5 ---
Median Population dist: 1251 | POP_DISTANCE_THRESHOLD: 80
Median RefSet dist: 1197 | MIN_PR_DISTANCE: 200
Hijos PR: 8 | Total (inc. perturbación): 8
Insertados en población: 4 (PR=4, perturbación=0)
Sin mejora. real=2512 cost=625012112.0000
========================Resultados========================
Índice de Transmisión aproximado (real): 2512
Costo heurístico: 625012112.0000
Carga total: 250000
Numero de pares: 9900
Tiempo de ejecución: 51.6741 segundos
