========================Parámetros========================
Archivo: C:\Users\luisj\source\repos\Optimizacion en Scatter Search para el Problema del Indice de Transmision\Optimizacion en Scatter Search para el Problema del Indice de Transmision\test_graphs\cycle_graph\medium\cycle_graph_medium_(10).txt
Nodos: 100 | Población: 30 | RefSet: 15 | Iteraciones: 15
Precomputando caminos...
Construyendo base balanceada genérica...
Base inicial: indice=2512
Construyendo población...
Mejorando población inicial...
Construyendo RefSet...
Iteración 1: real=2512 cost=625012112.0000

--- Iteración 1 ---
Median Population dist: 2857 | POP_DISTANCE_THRESHOLD: 114
Median RefSet dist: 2108 | MIN_PR_DISTANCE: 316
Hijos PR: 6 | Total (inc. perturbación): 6
Insertados en población: 6 (PR=6, perturbación=0)
Sin mejora. real=2512 cost=625012112.0000

--- Iteración 2 ---
Median Population dist: 2121 | POP_DISTANCE_THRESHOLD: 84
Median RefSet dist: 1236 | MIN_PR_DISTANCE: 200
Hijos PR: 2 | Total (inc. perturbación): 2
Insertados en población: 0 (PR=0, perturbación=0)
Sin mejora. real=2512 cost=625012112.0000

--- Iteración 3 ---
Median Population dist: 2128 | POP_DISTANCE_THRESHOLD: 85
Median RefSet dist: 1240 | MIN_PR_DISTANCE: 200
Hijos PR: 2 | Total (inc. perturbación): 2
Insertados en población: 0 (PR=0, perturbación=0)
Sin mejora. real=2512 cost=625012112.0000

--- Iteración 4 ---
Median Population dist: 2118 | POP_DISTANCE_THRESHOLD: 84
Median RefSet dist: 1216 | MIN_PR_DISTANCE: 200
Estancamiento detectado, perturbación estratégica...
Perturbación: 100 pares modificados (de 3403 conflictivos)
Hijos PR: 4 | Total (inc. perturbación): 5
Insertados en población: 1 (PR=0, perturbación=1)
Sin mejora. real=2512 cost=625012112.0000

--- Iteración 5 ---
Median Population dist: 2131 | POP_DISTANCE_THRESHOLD: 85
Median RefSet dist: 1235 | MIN_PR_DISTANCE: 200
Hijos PR: 5 | Total (inc. perturbación): 5
Insertados en población: 2 (PR=2, perturbación=0)
Sin mejora. real=2512 cost=625012112.0000
Diversificando población...
Diversificaciones sin mejora: 1

--- Iteración 6 ---
Median Population dist: 1311 | POP_DISTANCE_THRESHOLD: 80
Median RefSet dist: 1235 | MIN_PR_DISTANCE: 200
Hijos PR: 7 | Total (inc. perturbación): 7
Insertados en población: 2 (PR=2, perturbación=0)
Sin mejora. real=2512 cost=625012112.0000

--- Iteración 7 ---
Median Population dist: 1254 | POP_DISTANCE_THRESHOLD: 80
Median RefSet dist: 1242 | MIN_PR_DISTANCE: 200
Hijos PR: 7 | Total (inc. perturbación): 7
Insertados en población: 4 (PR=4, perturbación=0)
Sin mejora. real=2512 cost=625012112.0000

--- Iteración 8 ---
Median Population dist: 1238 | POP_DISTANCE_THRESHOLD: 80
Median RefSet dist: 1235 | MIN_PR_DISTANCE: 200
Hijos PR: 6 | Total (inc. perturbación): 6
Insertados en población: 2 (PR=2, perturbación=0)
Sin mejora. real=2512 cost=625012112.0000

--- Iteración 9 ---
Median Population dist: 1229 | POP_DISTANCE_THRESHOLD: 80
Median RefSet dist: 1235 | MIN_PR_DISTANCE: 200
Estancamiento detectado, perturbación estratégica...
Perturbación: 100 pares modificados (de 3403 conflictivos)
Hijos PR: 2 | Total (inc. perturbación): 3
Insertados en población: 3 (PR=2, perturbación=1)
Sin mejora. real=2512 cost=625012112.0000

--- Iteración 10 ---
Median Population dist: 1225 | POP_DISTANCE_THRESHOLD: 80
Median RefSet dist: 1239 | MIN_PR_DISTANCE: 200
Hijos PR: 6 | Total (inc. perturbación): 6
Insertados en población: 4 (PR=4, perturbación=0)
Sin mejora. real=2512 cost=625012112.0000
Diversificando población...
Población convergida (ratio=0.124), reemplazando 50%
Diversificaciones sin mejora: 2

--- Iteración 11 ---
Median Population dist: 1302 | POP_DISTANCE_THRESHOLD: 80
Median RefSet dist: 1292 | MIN_PR_DISTANCE: 200
Hijos PR: 2 | Total (inc. perturbación): 2
Insertados en población: 2 (PR=2, perturbación=0)
Sin mejora. real=2512 cost=625012112.0000

--- Iteración 12 ---
Median Population dist: 1298 | POP_DISTANCE_THRESHOLD: 80
Median RefSet dist: 1300 | MIN_PR_DISTANCE: 200
Hijos PR: 4 | Total (inc. perturbación): 4
Insertados en población: 4 (PR=4, perturbación=0)
Sin mejora. real=2512 cost=625012112.0000

--- Iteración 13 ---
Median Population dist: 107 | POP_DISTANCE_THRESHOLD: 80
Median RefSet dist: 1293 | MIN_PR_DISTANCE: 200
Hijos PR: 3 | Total (inc. perturbación): 3
Insertados en población: 2 (PR=2, perturbación=0)
Sin mejora. real=2512 cost=625012112.0000

--- Iteración 14 ---
Median Population dist: 103 | POP_DISTANCE_THRESHOLD: 80
Median RefSet dist: 1295 | MIN_PR_DISTANCE: 200
Estancamiento detectado, perturbación estratégica...
Perturbación: 100 pares modificados (de 3403 conflictivos)
Hijos PR: 2 | Total (inc. perturbación): 3
Insertados en población: 3 (PR=2, perturbación=1)
Sin mejora. real=2512 cost=625012112.0000

--- Iteración 15 ---
Median Population dist: 101 | POP_DISTANCE_THRESHOLD: 80
Median RefSet dist: 114 | MIN_PR_DISTANCE: 200
Hijos PR: 2 | Total (inc. perturbación): 2
Insertados en población: 2 (PR=2, perturbación=0)
Sin mejora. real=2512 cost=625012112.0000
Diversificando población...
Población convergida (ratio=0.010), reemplazando 50%
Diversificaciones sin mejora: 3
Demasiadas diversificaciones sin mejora. Terminando.
========================Resultados========================
Índice de Transmisión aproximado (real): 2512
Costo heurístico: 625012112.0000
Carga total: 250000
Numero de pares: 9900
Tiempo de ejecución: 164.0357 segundos
