========================Parámetros========================
Archivo: C:\Users\luisj\source\repos\Optimizacion en Scatter Search para el Problema del Indice de Transmision\Optimizacion en Scatter Search para el Problema del Indice de Transmision\test_graphs\cycle_graph\medium\cycle_graph_medium_(4).txt
Nodos: 40 | Población: 20 | RefSet: 10 | Iteraciones: 10
Precomputando caminos...
Construyendo base balanceada genérica...
Base inicial: indice=407
Construyendo población...
Mejorando población inicial...
Construyendo RefSet...
Iteración 1: real=407 cost=6401512.0000

--- Iteración 1 ---
Median Population dist: 391 | POP_DISTANCE_THRESHOLD: 80
Median RefSet dist: 598 | MIN_PR_DISTANCE: 200
Hijos PR: 4 | Total (inc. perturbación): 4
Insertados en población: 0 (PR=0, perturbación=0)
Sin mejora. real=407 cost=6401512.0000

--- Iteración 2 ---
Median Population dist: 393 | POP_DISTANCE_THRESHOLD: 80
Median RefSet dist: 598 | MIN_PR_DISTANCE: 200
Hijos PR: 4 | Total (inc. perturbación): 4
Insertados en población: 0 (PR=0, perturbación=0)
Sin mejora. real=407 cost=6401512.0000

--- Iteración 3 ---
Median Population dist: 393 | POP_DISTANCE_THRESHOLD: 80
Median RefSet dist: 598 | MIN_PR_DISTANCE: 200
Estancamiento detectado, perturbación estratégica...
Perturbación: 100 pares modificados (de 758 conflictivos)
Hijos PR: 4 | Total (inc. perturbación): 5
Insertados en población: 1 (PR=0, perturbación=1)
Sin mejora. real=407 cost=6401512.0000
Diversificando población...
Diversificaciones sin mejora: 1

--- Iteración 4 ---
Median Population dist: 598 | POP_DISTANCE_THRESHOLD: 80
Median RefSet dist: 292 | MIN_PR_DISTANCE: 200
Hijos PR: 19 | Total (inc. perturbación): 19
Insertados en población: 16 (PR=16, perturbación=0)
Sin mejora. real=407 cost=6401512.0000

--- Iteración 5 ---
Median Population dist: 119 | POP_DISTANCE_THRESHOLD: 80
Median RefSet dist: 119 | MIN_PR_DISTANCE: 200
Hijos PR: 13 | Total (inc. perturbación): 13
Insertados en población: 6 (PR=6, perturbación=0)
Sin mejora. real=407 cost=6401512.0000

--- Iteración 6 ---
Median Population dist: 70 | POP_DISTANCE_THRESHOLD: 80
Median RefSet dist: 68 | MIN_PR_DISTANCE: 200
Hijos PR: 0 | Total (inc. perturbación): 0
Insertados en población: 0 (PR=0, perturbación=0)
Sin mejora. real=407 cost=6401512.0000
Diversificando población...
Población convergida (ratio=0.045), reemplazando 50%
Diversificaciones sin mejora: 2

--- Iteración 7 ---
Median Population dist: 214 | POP_DISTANCE_THRESHOLD: 80
Median RefSet dist: 321 | MIN_PR_DISTANCE: 200
Hijos PR: 25 | Total (inc. perturbación): 25
Insertados en población: 25 (PR=25, perturbación=0)
Iter 7: Mejor real=405 cost=6474032.0000 [PR+Improve (PR dejó=410, improve bajó a 405)]
  Cargas min (10): [399, 399, 399, 399, 399, 399, 399, 399, 399, 401]
  Cargas max (10): [405, 405, 405, 405, 405, 405, 405, 405, 405, 405]

--- Iteración 8 ---
Median Population dist: 68 | POP_DISTANCE_THRESHOLD: 80
Median RefSet dist: 72 | MIN_PR_DISTANCE: 200
Hijos PR: 0 | Total (inc. perturbación): 0
Insertados en población: 0 (PR=0, perturbación=0)
Sin mejora. real=405 cost=6474032.0000

--- Iteración 9 ---
Median Population dist: 68 | POP_DISTANCE_THRESHOLD: 80
Median RefSet dist: 66 | MIN_PR_DISTANCE: 200
Hijos PR: 0 | Total (inc. perturbación): 0
Insertados en población: 0 (PR=0, perturbación=0)
Sin mejora. real=405 cost=6474032.0000

--- Iteración 10 ---
Median Population dist: 68 | POP_DISTANCE_THRESHOLD: 80
Median RefSet dist: 66 | MIN_PR_DISTANCE: 200
Estancamiento detectado, perturbación estratégica...
Perturbación: 100 pares modificados (de 861 conflictivos)
Hijos PR: 0 | Total (inc. perturbación): 1
Insertados en población: 1 (PR=0, perturbación=1)
Sin mejora. real=405 cost=6474032.0000
Diversificando población...
Población convergida (ratio=0.044), reemplazando 50%
Diversificaciones sin mejora: 1
========================Resultados========================
Índice de Transmisión aproximado (real): 405
Costo heurístico: 6474032.0000
Carga total: 16092
Numero de pares: 1560
Tiempo de ejecución: 11.5147 segundos
