========================Parámetros========================
Archivo: C:\Users\luisj\source\repos\Optimizacion en Scatter Search para el Problema del Indice de Transmision\Optimizacion en Scatter Search para el Problema del Indice de Transmision\test_graphs\cycle_graph\medium\cycle_graph_medium_(9).txt
Nodos: 90 | Población: 20 | RefSet: 10 | Iteraciones: 10
Precomputando caminos...
Construyendo base balanceada genérica...
Base inicial: indice=2036
Construyendo población...
Mejorando población inicial...
Construyendo RefSet...
Iteración 1: real=2035 cost=369104298.0000

--- Iteración 1 ---
Median Population dist: 2761 | POP_DISTANCE_THRESHOLD: 110
Median RefSet dist: 2008 | MIN_PR_DISTANCE: 301
Hijos PR: 4 | Total (inc. perturbación): 4
Insertados en población: 4 (PR=4, perturbación=0)
Sin mejora. real=2035 cost=369104298.0000

--- Iteración 2 ---
Median Population dist: 2213 | POP_DISTANCE_THRESHOLD: 88
Median RefSet dist: 1211 | MIN_PR_DISTANCE: 200
Hijos PR: 4 | Total (inc. perturbación): 4
Insertados en población: 0 (PR=0, perturbación=0)
Sin mejora. real=2035 cost=369104298.0000

--- Iteración 3 ---
Median Population dist: 2214 | POP_DISTANCE_THRESHOLD: 88
Median RefSet dist: 1208 | MIN_PR_DISTANCE: 200
Estancamiento detectado, perturbación estratégica...
Perturbación: 100 pares modificados (de 2836 conflictivos)
Hijos PR: 3 | Total (inc. perturbación): 4
Insertados en población: 0 (PR=0, perturbación=0)
Sin mejora. real=2035 cost=369104298.0000
Diversificando población...
Diversificaciones sin mejora: 1

--- Iteración 4 ---
Median Population dist: 1912 | POP_DISTANCE_THRESHOLD: 80
Median RefSet dist: 1055 | MIN_PR_DISTANCE: 200
Hijos PR: 4 | Total (inc. perturbación): 4
Insertados en población: 4 (PR=4, perturbación=0)
Sin mejora. real=2035 cost=369104298.0000

--- Iteración 5 ---
Median Population dist: 1229 | POP_DISTANCE_THRESHOLD: 80
Median RefSet dist: 1035 | MIN_PR_DISTANCE: 200
Hijos PR: 3 | Total (inc. perturbación): 3
Insertados en población: 3 (PR=3, perturbación=0)
Sin mejora. real=2035 cost=369104298.0000

--- Iteración 6 ---
Median Population dist: 1020 | POP_DISTANCE_THRESHOLD: 80
Median RefSet dist: 1050 | MIN_PR_DISTANCE: 200
Hijos PR: 2 | Total (inc. perturbación): 2
Insertados en población: 1 (PR=1, perturbación=0)
Sin mejora. real=2035 cost=369104298.0000
Diversificando población...
Población convergida (ratio=0.127), reemplazando 50%
Diversificaciones sin mejora: 2

--- Iteración 7 ---
Median Population dist: 1023 | POP_DISTANCE_THRESHOLD: 80
Median RefSet dist: 1031 | MIN_PR_DISTANCE: 200
Hijos PR: 3 | Total (inc. perturbación): 3
Insertados en población: 1 (PR=1, perturbación=0)
Sin mejora. real=2035 cost=369104298.0000

--- Iteración 8 ---
Median Population dist: 1017 | POP_DISTANCE_THRESHOLD: 80
Median RefSet dist: 1031 | MIN_PR_DISTANCE: 200
Hijos PR: 3 | Total (inc. perturbación): 3
Insertados en población: 1 (PR=1, perturbación=0)
Sin mejora. real=2035 cost=369104298.0000

--- Iteración 9 ---
Median Population dist: 1012 | POP_DISTANCE_THRESHOLD: 80
Median RefSet dist: 1045 | MIN_PR_DISTANCE: 200
Estancamiento detectado, perturbación estratégica...
Perturbación: 100 pares modificados (de 2836 conflictivos)
Hijos PR: 3 | Total (inc. perturbación): 4
Insertados en población: 1 (PR=1, perturbación=0)
Sin mejora. real=2035 cost=369104298.0000
Diversificando población...
Población convergida (ratio=0.126), reemplazando 50%
Diversificaciones sin mejora: 3
Demasiadas diversificaciones sin mejora. Terminando.
========================Resultados========================
Índice de Transmisión aproximado (real): 2035
Costo heurístico: 369104298.0000
Carga total: 182260
Numero de pares: 8010
Tiempo de ejecución: 55.4477 segundos
