========================Parámetros========================
Archivo: C:\Users\luisj\source\repos\Optimizacion en Scatter Search para el Problema del Indice de Transmision\Optimizacion en Scatter Search para el Problema del Indice de Transmision\test_graphs\cycle_graph\medium\cycle_graph_medium_(7).txt
Nodos: 70 | Población: 20 | RefSet: 10 | Iteraciones: 10
Precomputando caminos...
Construyendo base balanceada genérica...
Base inicial: indice=1235
Construyendo población...
Mejorando población inicial...
Construyendo RefSet...
Iteración 1: real=1235 cost=105049430.0000

--- Iteración 1 ---
Median Population dist: 2299 | POP_DISTANCE_THRESHOLD: 91
Median RefSet dist: 1783 | MIN_PR_DISTANCE: 267
Hijos PR: 4 | Total (inc. perturbación): 4
Insertados en población: 4 (PR=4, perturbación=0)
Sin mejora. real=1235 cost=105049430.0000

--- Iteración 2 ---
Median Population dist: 1822 | POP_DISTANCE_THRESHOLD: 80
Median RefSet dist: 1201 | MIN_PR_DISTANCE: 200
Hijos PR: 18 | Total (inc. perturbación): 18
Insertados en población: 13 (PR=13, perturbación=0)
Sin mejora. real=1235 cost=105049430.0000

--- Iteración 3 ---
Median Population dist: 73 | POP_DISTANCE_THRESHOLD: 80
Median RefSet dist: 126 | MIN_PR_DISTANCE: 200
Estancamiento detectado, perturbación estratégica...
Perturbación: 100 pares modificados (de 1856 conflictivos)
Hijos PR: 12 | Total (inc. perturbación): 13
Insertados en población: 12 (PR=12, perturbación=0)
Sin mejora. real=1235 cost=105049430.0000
Diversificando población...
Población convergida (ratio=0.015), reemplazando 50%
Diversificaciones sin mejora: 1

--- Iteración 4 ---
Median Population dist: 652 | POP_DISTANCE_THRESHOLD: 80
Median RefSet dist: 644 | MIN_PR_DISTANCE: 200
Hijos PR: 16 | Total (inc. perturbación): 16
Insertados en población: 16 (PR=16, perturbación=0)
Sin mejora. real=1235 cost=105049430.0000

--- Iteración 5 ---
Median Population dist: 89 | POP_DISTANCE_THRESHOLD: 80
Median RefSet dist: 89 | MIN_PR_DISTANCE: 200
Hijos PR: 0 | Total (inc. perturbación): 0
Insertados en población: 0 (PR=0, perturbación=0)
Sin mejora. real=1235 cost=105049430.0000

--- Iteración 6 ---
Median Population dist: 90 | POP_DISTANCE_THRESHOLD: 80
Median RefSet dist: 91 | MIN_PR_DISTANCE: 200
Hijos PR: 0 | Total (inc. perturbación): 0
Insertados en población: 0 (PR=0, perturbación=0)
Sin mejora. real=1235 cost=105049430.0000
Diversificando población...
Población convergida (ratio=0.019), reemplazando 50%
Diversificaciones sin mejora: 2

--- Iteración 7 ---
Median Population dist: 646 | POP_DISTANCE_THRESHOLD: 80
Median RefSet dist: 629 | MIN_PR_DISTANCE: 200
Hijos PR: 13 | Total (inc. perturbación): 13
Insertados en población: 13 (PR=13, perturbación=0)
Sin mejora. real=1235 cost=105049430.0000

--- Iteración 8 ---
Median Population dist: 91 | POP_DISTANCE_THRESHOLD: 80
Median RefSet dist: 88 | MIN_PR_DISTANCE: 200
Hijos PR: 0 | Total (inc. perturbación): 0
Insertados en población: 0 (PR=0, perturbación=0)
Sin mejora. real=1235 cost=105049430.0000

--- Iteración 9 ---
Median Population dist: 93 | POP_DISTANCE_THRESHOLD: 80
Median RefSet dist: 88 | MIN_PR_DISTANCE: 200
Estancamiento detectado, perturbación estratégica...
Perturbación: 100 pares modificados (de 1856 conflictivos)
Hijos PR: 0 | Total (inc. perturbación): 1
Insertados en población: 1 (PR=0, perturbación=1)
Sin mejora. real=1235 cost=105049430.0000
Diversificando población...
Población convergida (ratio=0.019), reemplazando 50%
Diversificaciones sin mejora: 3
Demasiadas diversificaciones sin mejora. Terminando.
========================Resultados========================
Índice de Transmisión aproximado (real): 1235
Costo heurístico: 105049430.0000
Carga total: 85750
Numero de pares: 4830
Tiempo de ejecución: 26.6300 segundos
