========================Parámetros========================
Archivo: C:\Users\luisj\source\repos\Optimizacion en Scatter Search para el Problema del Indice de Transmision\Optimizacion en Scatter Search para el Problema del Indice de Transmision\test_graphs\cycle_graph\medium\cycle_graph_medium_(5).txt
Nodos: 50 | Población: 20 | RefSet: 10 | Iteraciones: 10
Precomputando caminos...
Construyendo base balanceada genérica...
Base inicial: indice=633
Construyendo población...
Mejorando población inicial...
Construyendo RefSet...
Iteración 1: real=633 cost=19533778.0000

--- Iteración 1 ---
Median Population dist: 1238 | POP_DISTANCE_THRESHOLD: 80
Median RefSet dist: 1208 | MIN_PR_DISTANCE: 200
Hijos PR: 4 | Total (inc. perturbación): 4
Insertados en población: 3 (PR=3, perturbación=0)
Iter 1: Mejor real=631 cost=19699282.0000 [PR+Improve (PR dejó=639, improve bajó a 631)]
  Cargas min (10): [623, 625, 625, 625, 625, 625, 625, 625, 625, 627]
  Cargas max (10): [631, 631, 631, 631, 631, 629, 629, 629, 629, 629]

--- Iteración 2 ---
Median Population dist: 1219 | POP_DISTANCE_THRESHOLD: 80
Median RefSet dist: 1176 | MIN_PR_DISTANCE: 200
Hijos PR: 16 | Total (inc. perturbación): 16
Insertados en población: 12 (PR=12, perturbación=0)
Sin mejora. real=631 cost=19699282.0000

--- Iteración 3 ---
Median Population dist: 89 | POP_DISTANCE_THRESHOLD: 80
Median RefSet dist: 1172 | MIN_PR_DISTANCE: 200
Hijos PR: 15 | Total (inc. perturbación): 15
Insertados en población: 13 (PR=13, perturbación=0)
Sin mejora. real=631 cost=19699282.0000

--- Iteración 4 ---
Median Population dist: 74 | POP_DISTANCE_THRESHOLD: 80
Median RefSet dist: 72 | MIN_PR_DISTANCE: 200
Estancamiento detectado, perturbación estratégica...
Perturbación: 100 pares modificados (de 1834 conflictivos)
Hijos PR: 0 | Total (inc. perturbación): 1
Insertados en población: 1 (PR=0, perturbación=1)
Sin mejora. real=631 cost=19699282.0000
Diversificando población...
Población convergida (ratio=0.030), reemplazando 50%
Diversificaciones sin mejora: 1

--- Iteración 5 ---
Median Population dist: 330 | POP_DISTANCE_THRESHOLD: 80
Median RefSet dist: 512 | MIN_PR_DISTANCE: 200
Hijos PR: 5 | Total (inc. perturbación): 5
Insertados en población: 5 (PR=5, perturbación=0)
Sin mejora. real=631 cost=19699282.0000

--- Iteración 6 ---
Median Population dist: 107 | POP_DISTANCE_THRESHOLD: 80
Median RefSet dist: 331 | MIN_PR_DISTANCE: 200
Hijos PR: 15 | Total (inc. perturbación): 15
Insertados en población: 10 (PR=10, perturbación=0)
Sin mejora. real=631 cost=19699282.0000

--- Iteración 7 ---
Median Population dist: 91 | POP_DISTANCE_THRESHOLD: 80
Median RefSet dist: 100 | MIN_PR_DISTANCE: 200
Hijos PR: 0 | Total (inc. perturbación): 0
Insertados en población: 0 (PR=0, perturbación=0)
Sin mejora. real=631 cost=19699282.0000
Diversificando población...
Población convergida (ratio=0.037), reemplazando 50%
Diversificaciones sin mejora: 2

--- Iteración 8 ---
Median Population dist: 328 | POP_DISTANCE_THRESHOLD: 80
Median RefSet dist: 513 | MIN_PR_DISTANCE: 200
Hijos PR: 5 | Total (inc. perturbación): 5
Insertados en población: 5 (PR=5, perturbación=0)
Sin mejora. real=631 cost=19699282.0000

--- Iteración 9 ---
Median Population dist: 99 | POP_DISTANCE_THRESHOLD: 80
Median RefSet dist: 334 | MIN_PR_DISTANCE: 200
Hijos PR: 13 | Total (inc. perturbación): 13
Insertados en población: 7 (PR=7, perturbación=0)
Sin mejora. real=631 cost=19699282.0000

--- Iteración 10 ---
Median Population dist: 89 | POP_DISTANCE_THRESHOLD: 80
Median RefSet dist: 96 | MIN_PR_DISTANCE: 200
Estancamiento detectado, perturbación estratégica...
Perturbación: 100 pares modificados (de 1834 conflictivos)
Hijos PR: 0 | Total (inc. perturbación): 1
Insertados en población: 1 (PR=0, perturbación=1)
Sin mejora. real=631 cost=19699282.0000
Diversificando población...
Población convergida (ratio=0.036), reemplazando 50%
Diversificaciones sin mejora: 3
Demasiadas diversificaciones sin mejora. Terminando.
========================Resultados========================
Índice de Transmisión aproximado (real): 631
Costo heurístico: 19699282.0000
Carga total: 31384
Numero de pares: 2450
Tiempo de ejecución: 22.7383 segundos
