========================Parámetros========================
Archivo: C:\Users\luisj\source\repos\Optimizacion en Scatter Search para el Problema del Indice de Transmision\Optimizacion en Scatter Search para el Problema del Indice de Transmision\test_graphs\cycle_graph\medium\cycle_graph_medium_(4).txt
Nodos: 40 | Población: 20 | RefSet: 10 | Iteraciones: 10
Precomputando caminos...
Construyendo base balanceada genérica...
Base inicial: indice=407
Construyendo población...
Mejorando población inicial...
Construyendo RefSet...
Iteración 1: real=407 cost=6401512.0000

--- Iteración 1 ---
Median Population dist: 396 | POP_DISTANCE_THRESHOLD: 80
Median RefSet dist: 603 | MIN_PR_DISTANCE: 200
Hijos PR: 4 | Total (inc. perturbación): 4
Insertados en población: 0 (PR=0, perturbación=0)
Sin mejora. real=407 cost=6401512.0000

--- Iteración 2 ---
Median Population dist: 394 | POP_DISTANCE_THRESHOLD: 80
Median RefSet dist: 603 | MIN_PR_DISTANCE: 200
Hijos PR: 4 | Total (inc. perturbación): 4
Insertados en población: 0 (PR=0, perturbación=0)
Sin mejora. real=407 cost=6401512.0000

--- Iteración 3 ---
Median Population dist: 396 | POP_DISTANCE_THRESHOLD: 80
Median RefSet dist: 603 | MIN_PR_DISTANCE: 200
Estancamiento detectado, perturbación estratégica...
Perturbación: 100 pares modificados (de 758 conflictivos)
Hijos PR: 4 | Total (inc. perturbación): 5
Insertados en población: 1 (PR=0, perturbación=1)
Sin mejora. real=407 cost=6401512.0000
Diversificando población...
Diversificaciones sin mejora: 1

--- Iteración 4 ---
Median Population dist: 598 | POP_DISTANCE_THRESHOLD: 80
Median RefSet dist: 293 | MIN_PR_DISTANCE: 200
Hijos PR: 17 | Total (inc. perturbación): 17
Insertados en población: 17 (PR=17, perturbación=0)
Sin mejora. real=407 cost=6401512.0000

--- Iteración 5 ---
Median Population dist: 110 | POP_DISTANCE_THRESHOLD: 80
Median RefSet dist: 106 | MIN_PR_DISTANCE: 200
Hijos PR: 6 | Total (inc. perturbación): 6
Insertados en población: 0 (PR=0, perturbación=0)
Sin mejora. real=407 cost=6401512.0000

--- Iteración 6 ---
Median Population dist: 108 | POP_DISTANCE_THRESHOLD: 80
Median RefSet dist: 115 | MIN_PR_DISTANCE: 200
Hijos PR: 6 | Total (inc. perturbación): 6
Insertados en población: 3 (PR=3, perturbación=0)
Sin mejora. real=407 cost=6401512.0000
Diversificando población...
Población convergida (ratio=0.070), reemplazando 50%
Diversificaciones sin mejora: 2

--- Iteración 7 ---
Median Population dist: 211 | POP_DISTANCE_THRESHOLD: 80
Median RefSet dist: 321 | MIN_PR_DISTANCE: 200
Hijos PR: 25 | Total (inc. perturbación): 25
Insertados en población: 25 (PR=25, perturbación=0)
Sin mejora. real=407 cost=6401512.0000

--- Iteración 8 ---
Median Population dist: 81 | POP_DISTANCE_THRESHOLD: 80
Median RefSet dist: 73 | MIN_PR_DISTANCE: 200
Hijos PR: 0 | Total (inc. perturbación): 0
Insertados en población: 0 (PR=0, perturbación=0)
Sin mejora. real=407 cost=6401512.0000

--- Iteración 9 ---
Median Population dist: 83 | POP_DISTANCE_THRESHOLD: 80
Median RefSet dist: 82 | MIN_PR_DISTANCE: 200
Estancamiento detectado, perturbación estratégica...
Perturbación: 100 pares modificados (de 758 conflictivos)
Hijos PR: 0 | Total (inc. perturbación): 1
Insertados en población: 1 (PR=0, perturbación=1)
Sin mejora. real=407 cost=6401512.0000
Diversificando población...
Población convergida (ratio=0.053), reemplazando 50%
Diversificaciones sin mejora: 3
Demasiadas diversificaciones sin mejora. Terminando.
========================Resultados========================
Índice de Transmisión aproximado (real): 407
Costo heurístico: 6401512.0000
Carga total: 16000
Numero de pares: 1560
Tiempo de ejecución: 11.2498 segundos
