========================Parámetros========================
Archivo: C:\Users\luisj\source\repos\Optimizacion en Scatter Search para el Problema del Indice de Transmision\Optimizacion en Scatter Search para el Problema del Indice de Transmision\test_graphs\cycle_graph\small\cycle_graph_small_(8).txt
Nodos: 9 | Población: 10 | RefSet: 5 | Iteraciones: 5
Precomputando caminos...
Construyendo base balanceada genérica...
Base inicial: indice=20
Construyendo población...
Mejorando población inicial...
Construyendo RefSet...
Iteración 1: real=20 cost=3600.0000

--- Iteración 1 ---
Median Population dist: 0 | POP_DISTANCE_THRESHOLD: 80
Median RefSet dist: 72 | MIN_PR_DISTANCE: 200
Hijos PR: 0 | Total (inc. perturbación): 0
Insertados en población: 0 (PR=0, perturbación=0)
Sin mejora. real=20 cost=3600.0000

--- Iteración 2 ---
Median Population dist: 0 | POP_DISTANCE_THRESHOLD: 80
Median RefSet dist: 72 | MIN_PR_DISTANCE: 200
Hijos PR: 0 | Total (inc. perturbación): 0
Insertados en población: 0 (PR=0, perturbación=0)
Sin mejora. real=20 cost=3600.0000

--- Iteración 3 ---
Median Population dist: 0 | POP_DISTANCE_THRESHOLD: 80
Median RefSet dist: 72 | MIN_PR_DISTANCE: 200
Estancamiento detectado, perturbación estratégica...
Perturbación: 72 pares modificados (de 72 conflictivos)
Hijos PR: 0 | Total (inc. perturbación): 1
Insertados en población: 0 (PR=0, perturbación=0)
Sin mejora. real=20 cost=3600.0000
Diversificando población...
Población convergida (ratio=0.000), reemplazando 50%
Diversificaciones sin mejora: 1

--- Iteración 4 ---
Median Population dist: 64 | POP_DISTANCE_THRESHOLD: 80
Median RefSet dist: 13 | MIN_PR_DISTANCE: 200
Hijos PR: 0 | Total (inc. perturbación): 0
Insertados en población: 0 (PR=0, perturbación=0)
Sin mejora. real=20 cost=3600.0000

--- Iteración 5 ---
Median Population dist: 64 | POP_DISTANCE_THRESHOLD: 80
Median RefSet dist: 12 | MIN_PR_DISTANCE: 200
Hijos PR: 0 | Total (inc. perturbación): 0
Insertados en población: 0 (PR=0, perturbación=0)
Sin mejora. real=20 cost=3600.0000
========================Resultados========================
Índice de Transmisión aproximado (real): 20
Costo heurístico: 3600.0000
Carga total: 180
Numero de pares: 72
Tiempo de ejecución: 0.0251 segundos
