========================Parámetros========================
Archivo: C:\Users\luisj\source\repos\Optimizacion en Scatter Search para el Problema del Indice de Transmision\Optimizacion en Scatter Search para el Problema del Indice de Transmision\test_graphs\cycle_graph\medium\cycle_graph_medium_(9).txt
Nodos: 90 | Población: 20 | RefSet: 10 | Iteraciones: 10
Precomputando caminos...
Construyendo base balanceada genérica...
Base inicial: indice=2036
Construyendo población...
Mejorando población inicial...
Construyendo RefSet...
Iteración 1: real=2036 cost=369065380.0000

--- Iteración 1 ---
Median Population dist: 2067 | POP_DISTANCE_THRESHOLD: 82
Median RefSet dist: 2040 | MIN_PR_DISTANCE: 306
Hijos PR: 4 | Total (inc. perturbación): 4
Insertados en población: 4 (PR=4, perturbación=0)
Sin mejora. real=2036 cost=369065380.0000

--- Iteración 2 ---
Median Population dist: 2030 | POP_DISTANCE_THRESHOLD: 81
Median RefSet dist: 1222 | MIN_PR_DISTANCE: 200
Hijos PR: 4 | Total (inc. perturbación): 4
Insertados en población: 0 (PR=0, perturbación=0)
Sin mejora. real=2036 cost=369065380.0000

--- Iteración 3 ---
Median Population dist: 2021 | POP_DISTANCE_THRESHOLD: 80
Median RefSet dist: 1222 | MIN_PR_DISTANCE: 200
Estancamiento detectado, perturbación estratégica...
Perturbación: 100 pares modificados (de 2837 conflictivos)
Hijos PR: 4 | Total (inc. perturbación): 5
Insertados en población: 0 (PR=0, perturbación=0)
Sin mejora. real=2036 cost=369065380.0000
Diversificando población...
Diversificaciones sin mejora: 1

--- Iteración 4 ---
Median Population dist: 1908 | POP_DISTANCE_THRESHOLD: 80
Median RefSet dist: 1049 | MIN_PR_DISTANCE: 200
Hijos PR: 4 | Total (inc. perturbación): 4
Insertados en población: 4 (PR=4, perturbación=0)
Sin mejora. real=2036 cost=369065380.0000

--- Iteración 5 ---
Median Population dist: 1210 | POP_DISTANCE_THRESHOLD: 80
Median RefSet dist: 1040 | MIN_PR_DISTANCE: 200
Hijos PR: 4 | Total (inc. perturbación): 4
Insertados en población: 3 (PR=3, perturbación=0)
Sin mejora. real=2036 cost=369065380.0000

--- Iteración 6 ---
Median Population dist: 1023 | POP_DISTANCE_THRESHOLD: 80
Median RefSet dist: 1033 | MIN_PR_DISTANCE: 200
Hijos PR: 2 | Total (inc. perturbación): 2
Insertados en población: 1 (PR=1, perturbación=0)
Sin mejora. real=2036 cost=369065380.0000
Diversificando población...
Población convergida (ratio=0.128), reemplazando 50%
Diversificaciones sin mejora: 2

--- Iteración 7 ---
Median Population dist: 1023 | POP_DISTANCE_THRESHOLD: 80
Median RefSet dist: 1029 | MIN_PR_DISTANCE: 200
Hijos PR: 4 | Total (inc. perturbación): 4
Insertados en población: 4 (PR=4, perturbación=0)
Sin mejora. real=2036 cost=369065380.0000

--- Iteración 8 ---
Median Population dist: 541 | POP_DISTANCE_THRESHOLD: 80
Median RefSet dist: 1021 | MIN_PR_DISTANCE: 200
Hijos PR: 2 | Total (inc. perturbación): 2
Insertados en población: 0 (PR=0, perturbación=0)
Sin mejora. real=2036 cost=369065380.0000

--- Iteración 9 ---
Median Population dist: 996 | POP_DISTANCE_THRESHOLD: 80
Median RefSet dist: 1053 | MIN_PR_DISTANCE: 200
Estancamiento detectado, perturbación estratégica...
Perturbación: 100 pares modificados (de 2837 conflictivos)
Hijos PR: 2 | Total (inc. perturbación): 3
Insertados en población: 0 (PR=0, perturbación=0)
Sin mejora. real=2036 cost=369065380.0000
Diversificando población...
Población convergida (ratio=0.124), reemplazando 50%
Diversificaciones sin mejora: 3
Demasiadas diversificaciones sin mejora. Terminando.
========================Resultados========================
Índice de Transmisión aproximado (real): 2036
Costo heurístico: 369065380.0000
Carga total: 182250
Numero de pares: 8010
Tiempo de ejecución: 54.8058 segundos
