========================Parámetros========================
Archivo: C:\Users\luisj\source\repos\Optimizacion en Scatter Search para el Problema del Indice de Transmision\Optimizacion en Scatter Search para el Problema del Indice de Transmision\test_graphs\cycle_graph\medium\cycle_graph_medium_(2).txt
Nodos: 20 | Población: 20 | RefSet: 10 | Iteraciones: 10
Precomputando caminos...
Construyendo base balanceada genérica...
Base inicial: indice=105
Construyendo población...
Mejorando población inicial...
Construyendo RefSet...
Iteración 1: real=104 cost=200216.0000

--- Iteración 1 ---
Median Population dist: 20 | POP_DISTANCE_THRESHOLD: 80
Median RefSet dist: 21 | MIN_PR_DISTANCE: 200
Hijos PR: 6 | Total (inc. perturbación): 6
Insertados en población: 6 (PR=6, perturbación=0)
Iter 1: Mejor real=103 cost=211364.0000 [PR+Improve (PR dejó=104, improve bajó a 103)]
  Cargas min (10): [101, 101, 103, 103, 103, 103, 103, 103, 103, 103]
  Cargas max (10): [103, 103, 103, 103, 103, 103, 103, 103, 103, 103]

--- Iteración 2 ---
Median Population dist: 46 | POP_DISTANCE_THRESHOLD: 80
Median RefSet dist: 183 | MIN_PR_DISTANCE: 200
Hijos PR: 17 | Total (inc. perturbación): 17
Insertados en población: 0 (PR=0, perturbación=0)
Sin mejora. real=103 cost=211364.0000

--- Iteración 3 ---
Median Population dist: 318 | POP_DISTANCE_THRESHOLD: 80
Median RefSet dist: 319 | MIN_PR_DISTANCE: 200
Hijos PR: 17 | Total (inc. perturbación): 17
Insertados en población: 0 (PR=0, perturbación=0)
Sin mejora. real=103 cost=211364.0000

--- Iteración 4 ---
Median Population dist: 318 | POP_DISTANCE_THRESHOLD: 80
Median RefSet dist: 321 | MIN_PR_DISTANCE: 200
Estancamiento detectado, perturbación estratégica...
Perturbación: 100 pares modificados (de 289 conflictivos)
Hijos PR: 13 | Total (inc. perturbación): 14
Insertados en población: 1 (PR=0, perturbación=1)
Sin mejora. real=103 cost=211364.0000
Diversificando población...
Diversificaciones sin mejora: 1

--- Iteración 5 ---
Median Population dist: 89 | POP_DISTANCE_THRESHOLD: 80
Median RefSet dist: 77 | MIN_PR_DISTANCE: 200
Hijos PR: 6 | Total (inc. perturbación): 6
Insertados en población: 2 (PR=2, perturbación=0)
Sin mejora. real=103 cost=211364.0000

--- Iteración 6 ---
Median Population dist: 73 | POP_DISTANCE_THRESHOLD: 80
Median RefSet dist: 84 | MIN_PR_DISTANCE: 200
Hijos PR: 5 | Total (inc. perturbación): 5
Insertados en población: 3 (PR=3, perturbación=0)
Sin mejora. real=103 cost=211364.0000

--- Iteración 7 ---
Median Population dist: 69 | POP_DISTANCE_THRESHOLD: 80
Median RefSet dist: 90 | MIN_PR_DISTANCE: 200
Hijos PR: 5 | Total (inc. perturbación): 5
Insertados en población: 1 (PR=1, perturbación=0)
Sin mejora. real=103 cost=211364.0000
Diversificando población...
Diversificaciones sin mejora: 2

--- Iteración 8 ---
Median Population dist: 67 | POP_DISTANCE_THRESHOLD: 80
Median RefSet dist: 65 | MIN_PR_DISTANCE: 200
Hijos PR: 0 | Total (inc. perturbación): 0
Insertados en población: 0 (PR=0, perturbación=0)
Sin mejora. real=103 cost=211364.0000

--- Iteración 9 ---
Median Population dist: 67 | POP_DISTANCE_THRESHOLD: 80
Median RefSet dist: 66 | MIN_PR_DISTANCE: 200
Hijos PR: 0 | Total (inc. perturbación): 0
Insertados en población: 0 (PR=0, perturbación=0)
Sin mejora. real=103 cost=211364.0000

--- Iteración 10 ---
Median Population dist: 67 | POP_DISTANCE_THRESHOLD: 80
Median RefSet dist: 65 | MIN_PR_DISTANCE: 200
Estancamiento detectado, perturbación estratégica...
Perturbación: 100 pares modificados (de 289 conflictivos)
Hijos PR: 0 | Total (inc. perturbación): 1
Insertados en población: 1 (PR=0, perturbación=1)
Sin mejora. real=103 cost=211364.0000
Diversificando población...
Diversificaciones sin mejora: 3
Demasiadas diversificaciones sin mejora. Terminando.
========================Resultados========================
Índice de Transmisión aproximado (real): 103
Costo heurístico: 211364.0000
Carga total: 2056
Numero de pares: 380
Tiempo de ejecución: 3.8101 segundos
