========================Parámetros========================
Archivo: C:\Users\luisj\source\repos\Optimizacion en Scatter Search para el Problema del Indice de Transmision\Optimizacion en Scatter Search para el Problema del Indice de Transmision\test_graphs\cycle_graph\medium\cycle_graph_medium_(10).txt
Nodos: 100 | Población: 30 | RefSet: 15 | Iteraciones: 15
Precomputando caminos...
Construyendo base balanceada genérica...
Base inicial: indice=2512
Construyendo población...
Mejorando población inicial...
Construyendo RefSet...
Iteración 1: real=2512 cost=625012112.0000

--- Iteración 1 ---
Median Population dist: 2840 | POP_DISTANCE_THRESHOLD: 113
Median RefSet dist: 2085 | MIN_PR_DISTANCE: 312
Hijos PR: 6 | Total (inc. perturbación): 6
Insertados en población: 6 (PR=6, perturbación=0)
Sin mejora. real=2512 cost=625012112.0000

--- Iteración 2 ---
Median Population dist: 2115 | POP_DISTANCE_THRESHOLD: 84
Median RefSet dist: 1238 | MIN_PR_DISTANCE: 200
Hijos PR: 2 | Total (inc. perturbación): 2
Insertados en población: 0 (PR=0, perturbación=0)
Sin mejora. real=2512 cost=625012112.0000

--- Iteración 3 ---
Median Population dist: 2111 | POP_DISTANCE_THRESHOLD: 84
Median RefSet dist: 1212 | MIN_PR_DISTANCE: 200
Hijos PR: 5 | Total (inc. perturbación): 5
Insertados en población: 0 (PR=0, perturbación=0)
Sin mejora. real=2512 cost=625012112.0000

--- Iteración 4 ---
Median Population dist: 2107 | POP_DISTANCE_THRESHOLD: 84
Median RefSet dist: 1236 | MIN_PR_DISTANCE: 200
Estancamiento detectado, perturbación estratégica...
Perturbación: 100 pares modificados (de 3403 conflictivos)
Hijos PR: 3 | Total (inc. perturbación): 4
Insertados en población: 1 (PR=0, perturbación=1)
Sin mejora. real=2512 cost=625012112.0000

--- Iteración 5 ---
Median Population dist: 2080 | POP_DISTANCE_THRESHOLD: 83
Median RefSet dist: 1237 | MIN_PR_DISTANCE: 200
Hijos PR: 5 | Total (inc. perturbación): 5
Insertados en población: 3 (PR=3, perturbación=0)
Sin mejora. real=2512 cost=625012112.0000
Diversificando población...
Diversificaciones sin mejora: 1

--- Iteración 6 ---
Median Population dist: 1321 | POP_DISTANCE_THRESHOLD: 80
Median RefSet dist: 1193 | MIN_PR_DISTANCE: 200
Hijos PR: 3 | Total (inc. perturbación): 3
Insertados en población: 1 (PR=1, perturbación=0)
Sin mejora. real=2512 cost=625012112.0000

--- Iteración 7 ---
Median Population dist: 1295 | POP_DISTANCE_THRESHOLD: 80
Median RefSet dist: 1231 | MIN_PR_DISTANCE: 200
Hijos PR: 5 | Total (inc. perturbación): 5
Insertados en población: 3 (PR=3, perturbación=0)
Sin mejora. real=2512 cost=625012112.0000

--- Iteración 8 ---
Median Population dist: 1238 | POP_DISTANCE_THRESHOLD: 80
Median RefSet dist: 1199 | MIN_PR_DISTANCE: 200
Hijos PR: 4 | Total (inc. perturbación): 4
Insertados en población: 2 (PR=2, perturbación=0)
Sin mejora. real=2512 cost=625012112.0000

--- Iteración 9 ---
Median Population dist: 1234 | POP_DISTANCE_THRESHOLD: 80
Median RefSet dist: 1232 | MIN_PR_DISTANCE: 200
Estancamiento detectado, perturbación estratégica...
Perturbación: 100 pares modificados (de 3403 conflictivos)
Hijos PR: 4 | Total (inc. perturbación): 5
Insertados en población: 4 (PR=3, perturbación=1)
Sin mejora. real=2512 cost=625012112.0000

--- Iteración 10 ---
Median Population dist: 1222 | POP_DISTANCE_THRESHOLD: 80
Median RefSet dist: 1235 | MIN_PR_DISTANCE: 200
Hijos PR: 9 | Total (inc. perturbación): 9
Insertados en población: 7 (PR=7, perturbación=0)
Sin mejora. real=2512 cost=625012112.0000
Diversificando población...
Población convergida (ratio=0.123), reemplazando 50%
Diversificaciones sin mejora: 2

--- Iteración 11 ---
Median Population dist: 1298 | POP_DISTANCE_THRESHOLD: 80
Median RefSet dist: 1287 | MIN_PR_DISTANCE: 200
Hijos PR: 1 | Total (inc. perturbación): 1
Insertados en población: 1 (PR=1, perturbación=0)
Sin mejora. real=2512 cost=625012112.0000

--- Iteración 12 ---
Median Population dist: 1297 | POP_DISTANCE_THRESHOLD: 80
Median RefSet dist: 1289 | MIN_PR_DISTANCE: 200
Hijos PR: 3 | Total (inc. perturbación): 3
Insertados en población: 3 (PR=3, perturbación=0)
Sin mejora. real=2512 cost=625012112.0000

--- Iteración 13 ---
Median Population dist: 1256 | POP_DISTANCE_THRESHOLD: 80
Median RefSet dist: 1281 | MIN_PR_DISTANCE: 200
Hijos PR: 1 | Total (inc. perturbación): 1
Insertados en población: 1 (PR=1, perturbación=0)
Sin mejora. real=2512 cost=625012112.0000

--- Iteración 14 ---
Median Population dist: 1248 | POP_DISTANCE_THRESHOLD: 80
Median RefSet dist: 1244 | MIN_PR_DISTANCE: 200
Estancamiento detectado, perturbación estratégica...
Perturbación: 100 pares modificados (de 3403 conflictivos)
Hijos PR: 4 | Total (inc. perturbación): 5
Insertados en población: 4 (PR=3, perturbación=1)
Sin mejora. real=2512 cost=625012112.0000

--- Iteración 15 ---
Median Population dist: 95 | POP_DISTANCE_THRESHOLD: 80
Median RefSet dist: 1281 | MIN_PR_DISTANCE: 200
Hijos PR: 4 | Total (inc. perturbación): 4
Insertados en población: 4 (PR=4, perturbación=0)
Sin mejora. real=2512 cost=625012112.0000
Diversificando población...
Población convergida (ratio=0.010), reemplazando 50%
Diversificaciones sin mejora: 3
Demasiadas diversificaciones sin mejora. Terminando.
========================Resultados========================
Índice de Transmisión aproximado (real): 2512
Costo heurístico: 625012112.0000
Carga total: 250000
Numero de pares: 9900
Tiempo de ejecución: 166.5689 segundos
