========================Parámetros========================
Archivo: C:\Users\luisj\source\repos\Optimizacion en Scatter Search para el Problema del Indice de Transmision\Optimizacion en Scatter Search para el Problema del Indice de Transmision\test_graphs\cycle_graph\medium\cycle_graph_medium_(5).txt
Nodos: 50 | Población: 20 | RefSet: 10 | Iteraciones: 10
Precomputando caminos...
Construyendo base balanceada genérica...
Base inicial: indice=633
Construyendo población...
Mejorando población inicial...
Construyendo RefSet...
Iteración 1: real=633 cost=19533778.0000

--- Iteración 1 ---
Median Population dist: 1237 | POP_DISTANCE_THRESHOLD: 80
Median RefSet dist: 1203 | MIN_PR_DISTANCE: 200
Hijos PR: 4 | Total (inc. perturbación): 4
Insertados en población: 2 (PR=2, perturbación=0)
Iter 1: Mejor real=630 cost=19696756.0000 [PR+Improve (PR dejó=639, improve bajó a 630)]
  Cargas min (10): [624, 624, 624, 624, 624, 626, 626, 626, 626, 626]
  Cargas max (10): [630, 630, 630, 630, 630, 630, 630, 630, 630, 630]

--- Iteración 2 ---
Median Population dist: 1227 | POP_DISTANCE_THRESHOLD: 80
Median RefSet dist: 1177 | MIN_PR_DISTANCE: 200
Hijos PR: 12 | Total (inc. perturbación): 12
Insertados en población: 10 (PR=10, perturbación=0)
Sin mejora. real=630 cost=19696756.0000

--- Iteración 3 ---
Median Population dist: 1127 | POP_DISTANCE_THRESHOLD: 80
Median RefSet dist: 1176 | MIN_PR_DISTANCE: 200
Hijos PR: 15 | Total (inc. perturbación): 15
Insertados en población: 14 (PR=14, perturbación=0)
Sin mejora. real=630 cost=19696756.0000

--- Iteración 4 ---
Median Population dist: 68 | POP_DISTANCE_THRESHOLD: 80
Median RefSet dist: 84 | MIN_PR_DISTANCE: 200
Estancamiento detectado, perturbación estratégica...
Perturbación: 100 pares modificados (de 1880 conflictivos)
Hijos PR: 0 | Total (inc. perturbación): 1
Insertados en población: 1 (PR=0, perturbación=1)
Sin mejora. real=630 cost=19696756.0000
Diversificando población...
Población convergida (ratio=0.028), reemplazando 50%
Diversificaciones sin mejora: 1

--- Iteración 5 ---
Median Population dist: 329 | POP_DISTANCE_THRESHOLD: 80
Median RefSet dist: 513 | MIN_PR_DISTANCE: 200
Hijos PR: 6 | Total (inc. perturbación): 6
Insertados en población: 6 (PR=6, perturbación=0)
Sin mejora. real=630 cost=19696756.0000

--- Iteración 6 ---
Median Population dist: 99 | POP_DISTANCE_THRESHOLD: 80
Median RefSet dist: 329 | MIN_PR_DISTANCE: 200
Hijos PR: 16 | Total (inc. perturbación): 16
Insertados en población: 9 (PR=9, perturbación=0)
Sin mejora. real=630 cost=19696756.0000

--- Iteración 7 ---
Median Population dist: 88 | POP_DISTANCE_THRESHOLD: 80
Median RefSet dist: 101 | MIN_PR_DISTANCE: 200
Hijos PR: 0 | Total (inc. perturbación): 0
Insertados en población: 0 (PR=0, perturbación=0)
Sin mejora. real=630 cost=19696756.0000
Diversificando población...
Población convergida (ratio=0.036), reemplazando 50%
Diversificaciones sin mejora: 2

--- Iteración 8 ---
Median Population dist: 325 | POP_DISTANCE_THRESHOLD: 80
Median RefSet dist: 513 | MIN_PR_DISTANCE: 200
Hijos PR: 5 | Total (inc. perturbación): 5
Insertados en población: 5 (PR=5, perturbación=0)
Sin mejora. real=630 cost=19696756.0000

--- Iteración 9 ---
Median Population dist: 97 | POP_DISTANCE_THRESHOLD: 80
Median RefSet dist: 328 | MIN_PR_DISTANCE: 200
Hijos PR: 19 | Total (inc. perturbación): 19
Insertados en población: 13 (PR=13, perturbación=0)
Sin mejora. real=630 cost=19696756.0000

--- Iteración 10 ---
Median Population dist: 81 | POP_DISTANCE_THRESHOLD: 80
Median RefSet dist: 86 | MIN_PR_DISTANCE: 200
Estancamiento detectado, perturbación estratégica...
Perturbación: 100 pares modificados (de 1880 conflictivos)
Hijos PR: 0 | Total (inc. perturbación): 1
Insertados en población: 1 (PR=0, perturbación=1)
Sin mejora. real=630 cost=19696756.0000
Diversificando población...
Población convergida (ratio=0.033), reemplazando 50%
Diversificaciones sin mejora: 3
Demasiadas diversificaciones sin mejora. Terminando.
========================Resultados========================
Índice de Transmisión aproximado (real): 630
Costo heurístico: 19696756.0000
Carga total: 31382
Numero de pares: 2450
Tiempo de ejecución: 22.2286 segundos
