========================Parámetros========================
Archivo: C:\Users\luisj\source\repos\Optimizacion en Scatter Search para el Problema del Indice de Transmision\Optimizacion en Scatter Search para el Problema del Indice de Transmision\test_graphs\cycle_graph\medium\cycle_graph_medium_(7).txt
Nodos: 70 | Población: 20 | RefSet: 10 | Iteraciones: 10
Precomputando caminos...
Construyendo base balanceada genérica...
Base inicial: indice=1235
Construyendo población...
Mejorando población inicial...
Construyendo RefSet...
Iteración 1: real=1232 cost=105090712.0000

--- Iteración 1 ---
Median Population dist: 2297 | POP_DISTANCE_THRESHOLD: 91
Median RefSet dist: 1785 | MIN_PR_DISTANCE: 267
Hijos PR: 4 | Total (inc. perturbación): 4
Insertados en población: 3 (PR=3, perturbación=0)
Sin mejora. real=1232 cost=105090712.0000

--- Iteración 2 ---
Median Population dist: 2184 | POP_DISTANCE_THRESHOLD: 87
Median RefSet dist: 1199 | MIN_PR_DISTANCE: 200
Hijos PR: 16 | Total (inc. perturbación): 16
Insertados en población: 10 (PR=10, perturbación=0)
Sin mejora. real=1232 cost=105090712.0000

--- Iteración 3 ---
Median Population dist: 1146 | POP_DISTANCE_THRESHOLD: 80
Median RefSet dist: 1216 | MIN_PR_DISTANCE: 200
Estancamiento detectado, perturbación estratégica...
Perturbación: 100 pares modificados (de 1853 conflictivos)
Hijos PR: 14 | Total (inc. perturbación): 15
Insertados en población: 13 (PR=13, perturbación=0)
Sin mejora. real=1232 cost=105090712.0000
Diversificando población...
Diversificaciones sin mejora: 1

--- Iteración 4 ---
Median Population dist: 74 | POP_DISTANCE_THRESHOLD: 80
Median RefSet dist: 631 | MIN_PR_DISTANCE: 200
Hijos PR: 16 | Total (inc. perturbación): 16
Insertados en población: 16 (PR=16, perturbación=0)
Sin mejora. real=1232 cost=105090712.0000

--- Iteración 5 ---
Median Population dist: 81 | POP_DISTANCE_THRESHOLD: 80
Median RefSet dist: 96 | MIN_PR_DISTANCE: 200
Hijos PR: 0 | Total (inc. perturbación): 0
Insertados en población: 0 (PR=0, perturbación=0)
Sin mejora. real=1232 cost=105090712.0000

--- Iteración 6 ---
Median Population dist: 81 | POP_DISTANCE_THRESHOLD: 80
Median RefSet dist: 85 | MIN_PR_DISTANCE: 200
Hijos PR: 0 | Total (inc. perturbación): 0
Insertados en población: 0 (PR=0, perturbación=0)
Sin mejora. real=1232 cost=105090712.0000
Diversificando población...
Población convergida (ratio=0.017), reemplazando 50%
Diversificaciones sin mejora: 2

--- Iteración 7 ---
Median Population dist: 641 | POP_DISTANCE_THRESHOLD: 80
Median RefSet dist: 621 | MIN_PR_DISTANCE: 200
Hijos PR: 15 | Total (inc. perturbación): 15
Insertados en población: 15 (PR=15, perturbación=0)
Sin mejora. real=1232 cost=105090712.0000

--- Iteración 8 ---
Median Population dist: 85 | POP_DISTANCE_THRESHOLD: 80
Median RefSet dist: 88 | MIN_PR_DISTANCE: 200
Hijos PR: 0 | Total (inc. perturbación): 0
Insertados en población: 0 (PR=0, perturbación=0)
Sin mejora. real=1232 cost=105090712.0000

--- Iteración 9 ---
Median Population dist: 83 | POP_DISTANCE_THRESHOLD: 80
Median RefSet dist: 87 | MIN_PR_DISTANCE: 200
Estancamiento detectado, perturbación estratégica...
Perturbación: 100 pares modificados (de 1853 conflictivos)
Hijos PR: 0 | Total (inc. perturbación): 1
Insertados en población: 0 (PR=0, perturbación=0)
Sin mejora. real=1232 cost=105090712.0000
Diversificando población...
Población convergida (ratio=0.017), reemplazando 50%
Diversificaciones sin mejora: 3
Demasiadas diversificaciones sin mejora. Terminando.
========================Resultados========================
Índice de Transmisión aproximado (real): 1232
Costo heurístico: 105090712.0000
Carga total: 85768
Numero de pares: 4830
Tiempo de ejecución: 28.6833 segundos
