========================Parámetros========================
Archivo: C:\Users\luisj\source\repos\Optimizacion en Scatter Search para el Problema del Indice de Transmision\Optimizacion en Scatter Search para el Problema del Indice de Transmision\test_graphs\cycle_graph\medium\cycle_graph_medium_(4).txt
Nodos: 40 | Población: 20 | RefSet: 10 | Iteraciones: 10
Precomputando caminos...
Construyendo base balanceada genérica...
Base inicial: indice=407
Construyendo población...
Mejorando población inicial...
Construyendo RefSet...
Iteración 1: real=407 cost=6401512.0000

--- Iteración 1 ---
Median Population dist: 392 | POP_DISTANCE_THRESHOLD: 80
Median RefSet dist: 592 | MIN_PR_DISTANCE: 200
Hijos PR: 4 | Total (inc. perturbación): 4
Insertados en población: 0 (PR=0, perturbación=0)
Sin mejora. real=407 cost=6401512.0000

--- Iteración 2 ---
Median Population dist: 391 | POP_DISTANCE_THRESHOLD: 80
Median RefSet dist: 592 | MIN_PR_DISTANCE: 200
Hijos PR: 4 | Total (inc. perturbación): 4
Insertados en población: 0 (PR=0, perturbación=0)
Sin mejora. real=407 cost=6401512.0000

--- Iteración 3 ---
Median Population dist: 391 | POP_DISTANCE_THRESHOLD: 80
Median RefSet dist: 592 | MIN_PR_DISTANCE: 200
Estancamiento detectado, perturbación estratégica...
Perturbación: 100 pares modificados (de 758 conflictivos)
Hijos PR: 4 | Total (inc. perturbación): 5
Insertados en población: 1 (PR=0, perturbación=1)
Sin mejora. real=407 cost=6401512.0000
Diversificando población...
Diversificaciones sin mejora: 1

--- Iteración 4 ---
Median Population dist: 584 | POP_DISTANCE_THRESHOLD: 80
Median RefSet dist: 292 | MIN_PR_DISTANCE: 200
Hijos PR: 20 | Total (inc. perturbación): 20
Insertados en población: 17 (PR=17, perturbación=0)
Iter 4: Mejor real=406 cost=6494908.0000 [PR+Improve (PR dejó=411, improve bajó a 406)]
  Cargas min (10): [400, 400, 400, 400, 400, 400, 400, 402, 402, 402]
  Cargas max (10): [406, 406, 406, 406, 406, 406, 406, 406, 404, 404]

--- Iteración 5 ---
Median Population dist: 119 | POP_DISTANCE_THRESHOLD: 80
Median RefSet dist: 127 | MIN_PR_DISTANCE: 200
Hijos PR: 7 | Total (inc. perturbación): 7
Insertados en población: 6 (PR=6, perturbación=0)
Iter 5: Mejor real=405 cost=6486816.0000 [PR+Improve (PR dejó=407, improve bajó a 406) +deep=405]
  Cargas min (10): [399, 399, 401, 401, 401, 401, 401, 401, 401, 401]
  Cargas max (10): [405, 405, 405, 405, 405, 405, 405, 405, 405, 405]

--- Iteración 6 ---
Median Population dist: 64 | POP_DISTANCE_THRESHOLD: 80
Median RefSet dist: 67 | MIN_PR_DISTANCE: 200
Hijos PR: 0 | Total (inc. perturbación): 0
Insertados en población: 0 (PR=0, perturbación=0)
Sin mejora. real=405 cost=6486816.0000

--- Iteración 7 ---
Median Population dist: 64 | POP_DISTANCE_THRESHOLD: 80
Median RefSet dist: 65 | MIN_PR_DISTANCE: 200
Hijos PR: 0 | Total (inc. perturbación): 0
Insertados en población: 0 (PR=0, perturbación=0)
Sin mejora. real=405 cost=6486816.0000

--- Iteración 8 ---
Median Population dist: 62 | POP_DISTANCE_THRESHOLD: 80
Median RefSet dist: 64 | MIN_PR_DISTANCE: 200
Estancamiento detectado, perturbación estratégica...
Perturbación: 100 pares modificados (de 1052 conflictivos)
Hijos PR: 0 | Total (inc. perturbación): 1
Insertados en población: 1 (PR=0, perturbación=1)
Sin mejora. real=405 cost=6486816.0000
Diversificando población...
Población convergida (ratio=0.040), reemplazando 50%
Diversificaciones sin mejora: 1

--- Iteración 9 ---
Median Population dist: 210 | POP_DISTANCE_THRESHOLD: 80
Median RefSet dist: 321 | MIN_PR_DISTANCE: 200
Hijos PR: 24 | Total (inc. perturbación): 24
Insertados en población: 24 (PR=24, perturbación=0)
Sin mejora. real=405 cost=6486816.0000

--- Iteración 10 ---
Median Population dist: 70 | POP_DISTANCE_THRESHOLD: 80
Median RefSet dist: 73 | MIN_PR_DISTANCE: 200
Hijos PR: 0 | Total (inc. perturbación): 0
Insertados en población: 0 (PR=0, perturbación=0)
Sin mejora. real=405 cost=6486816.0000
========================Resultados========================
Índice de Transmisión aproximado (real): 405
Costo heurístico: 6486816.0000
Carga total: 16108
Numero de pares: 1560
Tiempo de ejecución: 10.8215 segundos
