========================Parámetros========================
Archivo: C:\Users\luisj\source\repos\Optimizacion en Scatter Search para el Problema del Indice de Transmision\Optimizacion en Scatter Search para el Problema del Indice de Transmision\test_graphs\cycle_graph\medium\cycle_graph_medium_(5).txt
Nodos: 50 | Población: 20 | RefSet: 10 | Iteraciones: 10
Precomputando caminos...
Construyendo base balanceada genérica...
Base inicial: indice=633
Construyendo población...
Mejorando población inicial...
Construyendo RefSet...
Iteración 1: real=633 cost=19533778.0000

--- Iteración 1 ---
Median Population dist: 1241 | POP_DISTANCE_THRESHOLD: 80
Median RefSet dist: 1193 | MIN_PR_DISTANCE: 200
Hijos PR: 4 | Total (inc. perturbación): 4
Insertados en población: 3 (PR=3, perturbación=0)
Iter 1: Mejor real=631 cost=19709410.0000 [PR+Improve (PR dejó=639, improve bajó a 631)]
  Cargas min (10): [625, 625, 625, 625, 625, 625, 625, 625, 625, 625]
  Cargas max (10): [631, 631, 631, 631, 631, 631, 631, 631, 631, 631]

--- Iteración 2 ---
Median Population dist: 1226 | POP_DISTANCE_THRESHOLD: 80
Median RefSet dist: 1175 | MIN_PR_DISTANCE: 200
Hijos PR: 16 | Total (inc. perturbación): 16
Insertados en población: 12 (PR=12, perturbación=0)
Sin mejora. real=631 cost=19709410.0000

--- Iteración 3 ---
Median Population dist: 84 | POP_DISTANCE_THRESHOLD: 80
Median RefSet dist: 1113 | MIN_PR_DISTANCE: 200
Hijos PR: 13 | Total (inc. perturbación): 13
Insertados en población: 7 (PR=7, perturbación=0)
Sin mejora. real=631 cost=19709410.0000

--- Iteración 4 ---
Median Population dist: 84 | POP_DISTANCE_THRESHOLD: 80
Median RefSet dist: 79 | MIN_PR_DISTANCE: 200
Estancamiento detectado, perturbación estratégica...
Perturbación: 100 pares modificados (de 1956 conflictivos)
Hijos PR: 0 | Total (inc. perturbación): 1
Insertados en población: 1 (PR=0, perturbación=1)
Sin mejora. real=631 cost=19709410.0000
Diversificando población...
Población convergida (ratio=0.034), reemplazando 50%
Diversificaciones sin mejora: 1

--- Iteración 5 ---
Median Population dist: 337 | POP_DISTANCE_THRESHOLD: 80
Median RefSet dist: 512 | MIN_PR_DISTANCE: 200
Hijos PR: 6 | Total (inc. perturbación): 6
Insertados en población: 6 (PR=6, perturbación=0)
Sin mejora. real=631 cost=19709410.0000

--- Iteración 6 ---
Median Population dist: 112 | POP_DISTANCE_THRESHOLD: 80
Median RefSet dist: 330 | MIN_PR_DISTANCE: 200
Hijos PR: 17 | Total (inc. perturbación): 17
Insertados en población: 10 (PR=10, perturbación=0)
Sin mejora. real=631 cost=19709410.0000

--- Iteración 7 ---
Median Population dist: 96 | POP_DISTANCE_THRESHOLD: 80
Median RefSet dist: 100 | MIN_PR_DISTANCE: 200
Hijos PR: 0 | Total (inc. perturbación): 0
Insertados en población: 0 (PR=0, perturbación=0)
Sin mejora. real=631 cost=19709410.0000
Diversificando población...
Población convergida (ratio=0.039), reemplazando 50%
Diversificaciones sin mejora: 2

--- Iteración 8 ---
Median Population dist: 336 | POP_DISTANCE_THRESHOLD: 80
Median RefSet dist: 511 | MIN_PR_DISTANCE: 200
Hijos PR: 5 | Total (inc. perturbación): 5
Insertados en población: 5 (PR=5, perturbación=0)
Sin mejora. real=631 cost=19709410.0000

--- Iteración 9 ---
Median Population dist: 109 | POP_DISTANCE_THRESHOLD: 80
Median RefSet dist: 332 | MIN_PR_DISTANCE: 200
Hijos PR: 17 | Total (inc. perturbación): 17
Insertados en población: 11 (PR=11, perturbación=0)
Sin mejora. real=631 cost=19709410.0000

--- Iteración 10 ---
Median Population dist: 93 | POP_DISTANCE_THRESHOLD: 80
Median RefSet dist: 96 | MIN_PR_DISTANCE: 200
Estancamiento detectado, perturbación estratégica...
Perturbación: 100 pares modificados (de 1956 conflictivos)
Hijos PR: 0 | Total (inc. perturbación): 1
Insertados en población: 1 (PR=0, perturbación=1)
Sin mejora. real=631 cost=19709410.0000
Diversificando población...
Población convergida (ratio=0.038), reemplazando 50%
Diversificaciones sin mejora: 3
Demasiadas diversificaciones sin mejora. Terminando.
========================Resultados========================
Índice de Transmisión aproximado (real): 631
Costo heurístico: 19709410.0000
Carga total: 31392
Numero de pares: 2450
Tiempo de ejecución: 23.1910 segundos
