========================Parámetros========================
Archivo: C:\Users\luisj\source\repos\Optimizacion en Scatter Search para el Problema del Indice de Transmision\Optimizacion en Scatter Search para el Problema del Indice de Transmision\test_graphs\cycle_graph\medium\cycle_graph_medium_(2).txt
Nodos: 20 | Población: 20 | RefSet: 10 | Iteraciones: 10
Precomputando caminos...
Construyendo base balanceada genérica...
Base inicial: indice=105
Construyendo población...
Mejorando población inicial...
Construyendo RefSet...
Iteración 1: real=104 cost=200628.0000

--- Iteración 1 ---
Median Population dist: 21 | POP_DISTANCE_THRESHOLD: 80
Median RefSet dist: 22 | MIN_PR_DISTANCE: 200
Hijos PR: 8 | Total (inc. perturbación): 8
Insertados en población: 8 (PR=8, perturbación=0)
Iter 1: Mejor real=103 cost=212180.0000 [PR+Improve (PR dejó=104, improve bajó a 103)]
  Cargas min (10): [103, 103, 103, 103, 103, 103, 103, 103, 103, 103]
  Cargas max (10): [103, 103, 103, 103, 103, 103, 103, 103, 103, 103]

--- Iteración 2 ---
Median Population dist: 182 | POP_DISTANCE_THRESHOLD: 80
Median RefSet dist: 43 | MIN_PR_DISTANCE: 200
Hijos PR: 16 | Total (inc. perturbación): 16
Insertados en población: 0 (PR=0, perturbación=0)
Sin mejora. real=103 cost=212180.0000

--- Iteración 3 ---
Median Population dist: 322 | POP_DISTANCE_THRESHOLD: 80
Median RefSet dist: 182 | MIN_PR_DISTANCE: 200
Hijos PR: 16 | Total (inc. perturbación): 16
Insertados en población: 0 (PR=0, perturbación=0)
Sin mejora. real=103 cost=212180.0000

--- Iteración 4 ---
Median Population dist: 322 | POP_DISTANCE_THRESHOLD: 80
Median RefSet dist: 322 | MIN_PR_DISTANCE: 200
Estancamiento detectado, perturbación estratégica...
Perturbación: 100 pares modificados (de 274 conflictivos)
Hijos PR: 16 | Total (inc. perturbación): 17
Insertados en población: 1 (PR=0, perturbación=1)
Sin mejora. real=103 cost=212180.0000
Diversificando población...
Diversificaciones sin mejora: 1

--- Iteración 5 ---
Median Population dist: 67 | POP_DISTANCE_THRESHOLD: 80
Median RefSet dist: 87 | MIN_PR_DISTANCE: 200
Hijos PR: 3 | Total (inc. perturbación): 3
Insertados en población: 0 (PR=0, perturbación=0)
Sin mejora. real=103 cost=212180.0000

--- Iteración 6 ---
Median Population dist: 68 | POP_DISTANCE_THRESHOLD: 80
Median RefSet dist: 73 | MIN_PR_DISTANCE: 200
Hijos PR: 6 | Total (inc. perturbación): 6
Insertados en población: 2 (PR=2, perturbación=0)
Sin mejora. real=103 cost=212180.0000

--- Iteración 7 ---
Median Population dist: 65 | POP_DISTANCE_THRESHOLD: 80
Median RefSet dist: 93 | MIN_PR_DISTANCE: 200
Hijos PR: 7 | Total (inc. perturbación): 7
Insertados en población: 1 (PR=1, perturbación=0)
Sin mejora. real=103 cost=212180.0000
Diversificando población...
Diversificaciones sin mejora: 2

--- Iteración 8 ---
Median Population dist: 63 | POP_DISTANCE_THRESHOLD: 80
Median RefSet dist: 64 | MIN_PR_DISTANCE: 200
Hijos PR: 0 | Total (inc. perturbación): 0
Insertados en población: 0 (PR=0, perturbación=0)
Sin mejora. real=103 cost=212180.0000

--- Iteración 9 ---
Median Population dist: 64 | POP_DISTANCE_THRESHOLD: 80
Median RefSet dist: 65 | MIN_PR_DISTANCE: 200
Hijos PR: 0 | Total (inc. perturbación): 0
Insertados en población: 0 (PR=0, perturbación=0)
Sin mejora. real=103 cost=212180.0000

--- Iteración 10 ---
Median Population dist: 64 | POP_DISTANCE_THRESHOLD: 80
Median RefSet dist: 65 | MIN_PR_DISTANCE: 200
Estancamiento detectado, perturbación estratégica...
Perturbación: 100 pares modificados (de 274 conflictivos)
Hijos PR: 0 | Total (inc. perturbación): 1
Insertados en población: 1 (PR=0, perturbación=1)
Sin mejora. real=103 cost=212180.0000
Diversificando población...
Diversificaciones sin mejora: 3
Demasiadas diversificaciones sin mejora. Terminando.
========================Resultados========================
Índice de Transmisión aproximado (real): 103
Costo heurístico: 212180.0000
Carga total: 2060
Numero de pares: 380
Tiempo de ejecución: 3.7883 segundos
