========================Parámetros========================
Archivo: C:\Users\luisj\source\repos\Optimizacion en Scatter Search para el Problema del Indice de Transmision\Optimizacion en Scatter Search para el Problema del Indice de Transmision\test_graphs\cycle_graph\medium\cycle_graph_medium_(10).txt
Nodos: 100 | Población: 30 | RefSet: 15 | Iteraciones: 15
Precomputando caminos...
Construyendo base balanceada genérica...
Base inicial: indice=2512
Construyendo población...
Mejorando población inicial...
Construyendo RefSet...
Iteración 1: real=2511 cost=625040124.0000

--- Iteración 1 ---
Median Population dist: 2832 | POP_DISTANCE_THRESHOLD: 113
Median RefSet dist: 2108 | MIN_PR_DISTANCE: 316
Hijos PR: 6 | Total (inc. perturbación): 6
Insertados en población: 6 (PR=6, perturbación=0)
Sin mejora. real=2511 cost=625040124.0000

--- Iteración 2 ---
Median Population dist: 2103 | POP_DISTANCE_THRESHOLD: 84
Median RefSet dist: 1233 | MIN_PR_DISTANCE: 200
Hijos PR: 3 | Total (inc. perturbación): 3
Insertados en población: 0 (PR=0, perturbación=0)
Sin mejora. real=2511 cost=625040124.0000

--- Iteración 3 ---
Median Population dist: 2104 | POP_DISTANCE_THRESHOLD: 84
Median RefSet dist: 1233 | MIN_PR_DISTANCE: 200
Hijos PR: 3 | Total (inc. perturbación): 3
Insertados en población: 0 (PR=0, perturbación=0)
Sin mejora. real=2511 cost=625040124.0000

--- Iteración 4 ---
Median Population dist: 2096 | POP_DISTANCE_THRESHOLD: 83
Median RefSet dist: 1235 | MIN_PR_DISTANCE: 200
Estancamiento detectado, perturbación estratégica...
Perturbación: 100 pares modificados (de 3402 conflictivos)
Hijos PR: 4 | Total (inc. perturbación): 5
Insertados en población: 1 (PR=0, perturbación=1)
Sin mejora. real=2511 cost=625040124.0000

--- Iteración 5 ---
Median Population dist: 2096 | POP_DISTANCE_THRESHOLD: 83
Median RefSet dist: 1231 | MIN_PR_DISTANCE: 200
Hijos PR: 7 | Total (inc. perturbación): 7
Insertados en población: 4 (PR=4, perturbación=0)
Sin mejora. real=2511 cost=625040124.0000
Diversificando población...
Diversificaciones sin mejora: 1

--- Iteración 6 ---
Median Population dist: 1309 | POP_DISTANCE_THRESHOLD: 80
Median RefSet dist: 1235 | MIN_PR_DISTANCE: 200
Hijos PR: 5 | Total (inc. perturbación): 5
Insertados en población: 3 (PR=3, perturbación=0)
Sin mejora. real=2511 cost=625040124.0000

--- Iteración 7 ---
Median Population dist: 1242 | POP_DISTANCE_THRESHOLD: 80
Median RefSet dist: 1195 | MIN_PR_DISTANCE: 200
Hijos PR: 5 | Total (inc. perturbación): 5
Insertados en población: 3 (PR=3, perturbación=0)
Sin mejora. real=2511 cost=625040124.0000

--- Iteración 8 ---
Median Population dist: 1234 | POP_DISTANCE_THRESHOLD: 80
Median RefSet dist: 1230 | MIN_PR_DISTANCE: 200
Hijos PR: 2 | Total (inc. perturbación): 2
Insertados en población: 1 (PR=1, perturbación=0)
Sin mejora. real=2511 cost=625040124.0000

--- Iteración 9 ---
Median Population dist: 1227 | POP_DISTANCE_THRESHOLD: 80
Median RefSet dist: 1240 | MIN_PR_DISTANCE: 200
Estancamiento detectado, perturbación estratégica...
Perturbación: 100 pares modificados (de 3402 conflictivos)
Hijos PR: 3 | Total (inc. perturbación): 4
Insertados en población: 4 (PR=3, perturbación=1)
Sin mejora. real=2511 cost=625040124.0000

--- Iteración 10 ---
Median Population dist: 108 | POP_DISTANCE_THRESHOLD: 80
Median RefSet dist: 1237 | MIN_PR_DISTANCE: 200
Hijos PR: 8 | Total (inc. perturbación): 8
Insertados en población: 6 (PR=6, perturbación=0)
Sin mejora. real=2511 cost=625040124.0000
Diversificando población...
Población convergida (ratio=0.011), reemplazando 50%
Diversificaciones sin mejora: 2

--- Iteración 11 ---
Median Population dist: 1303 | POP_DISTANCE_THRESHOLD: 80
Median RefSet dist: 1290 | MIN_PR_DISTANCE: 200
Hijos PR: 3 | Total (inc. perturbación): 3
Insertados en población: 1 (PR=1, perturbación=0)
Sin mejora. real=2511 cost=625040124.0000

--- Iteración 12 ---
Median Population dist: 1297 | POP_DISTANCE_THRESHOLD: 80
Median RefSet dist: 1303 | MIN_PR_DISTANCE: 200
Hijos PR: 1 | Total (inc. perturbación): 1
Insertados en población: 0 (PR=0, perturbación=0)
Sin mejora. real=2511 cost=625040124.0000

--- Iteración 13 ---
Median Population dist: 1295 | POP_DISTANCE_THRESHOLD: 80
Median RefSet dist: 1301 | MIN_PR_DISTANCE: 200
Hijos PR: 1 | Total (inc. perturbación): 1
Insertados en población: 0 (PR=0, perturbación=0)
Sin mejora. real=2511 cost=625040124.0000

--- Iteración 14 ---
Median Population dist: 1302 | POP_DISTANCE_THRESHOLD: 80
Median RefSet dist: 1290 | MIN_PR_DISTANCE: 200
Estancamiento detectado, perturbación estratégica...
Perturbación: 100 pares modificados (de 3402 conflictivos)
Hijos PR: 2 | Total (inc. perturbación): 3
Insertados en población: 1 (PR=0, perturbación=1)
Sin mejora. real=2511 cost=625040124.0000

--- Iteración 15 ---
Median Population dist: 1299 | POP_DISTANCE_THRESHOLD: 80
Median RefSet dist: 1302 | MIN_PR_DISTANCE: 200
Hijos PR: 5 | Total (inc. perturbación): 5
Insertados en población: 3 (PR=3, perturbación=0)
Sin mejora. real=2511 cost=625040124.0000
Diversificando población...
Población convergida (ratio=0.131), reemplazando 50%
Diversificaciones sin mejora: 3
Demasiadas diversificaciones sin mejora. Terminando.
========================Resultados========================
Índice de Transmisión aproximado (real): 2511
Costo heurístico: 625040124.0000
Carga total: 250006
Numero de pares: 9900
Tiempo de ejecución: 162.7241 segundos
