========================Parámetros========================
Archivo: C:\Users\luisj\source\repos\Optimizacion en Scatter Search para el Problema del Indice de Transmision\Optimizacion en Scatter Search para el Problema del Indice de Transmision\test_graphs\cycle_graph\medium\cycle_graph_medium_(8).txt
Nodos: 80 | Población: 20 | RefSet: 10 | Iteraciones: 10
Precomputando caminos...
Construyendo base balanceada genérica...
Base inicial: indice=1611
Construyendo población...
Mejorando población inicial...
Construyendo RefSet...
Iteración 1: real=1611 cost=204807920.0000

--- Iteración 1 ---
Median Population dist: 2550 | POP_DISTANCE_THRESHOLD: 102
Median RefSet dist: 1906 | MIN_PR_DISTANCE: 285
Hijos PR: 4 | Total (inc. perturbación): 4
Insertados en población: 4 (PR=4, perturbación=0)
Sin mejora. real=1611 cost=204807920.0000

--- Iteración 2 ---
Median Population dist: 1965 | POP_DISTANCE_THRESHOLD: 80
Median RefSet dist: 1216 | MIN_PR_DISTANCE: 200
Hijos PR: 16 | Total (inc. perturbación): 16
Insertados en población: 14 (PR=14, perturbación=0)
Sin mejora. real=1611 cost=204807920.0000

--- Iteración 3 ---
Median Population dist: 80 | POP_DISTANCE_THRESHOLD: 80
Median RefSet dist: 104 | MIN_PR_DISTANCE: 200
Estancamiento detectado, perturbación estratégica...
Perturbación: 100 pares modificados (de 2322 conflictivos)
Hijos PR: 2 | Total (inc. perturbación): 3
Insertados en población: 3 (PR=2, perturbación=1)
Sin mejora. real=1611 cost=204807920.0000
Diversificando población...
Población convergida (ratio=0.013), reemplazando 50%
Diversificaciones sin mejora: 1

--- Iteración 4 ---
Median Population dist: 842 | POP_DISTANCE_THRESHOLD: 80
Median RefSet dist: 837 | MIN_PR_DISTANCE: 200
Hijos PR: 8 | Total (inc. perturbación): 8
Insertados en población: 8 (PR=8, perturbación=0)
Sin mejora. real=1611 cost=204807920.0000

--- Iteración 5 ---
Median Population dist: 85 | POP_DISTANCE_THRESHOLD: 80
Median RefSet dist: 93 | MIN_PR_DISTANCE: 200
Hijos PR: 4 | Total (inc. perturbación): 4
Insertados en población: 3 (PR=3, perturbación=0)
Sin mejora. real=1611 cost=204807920.0000

--- Iteración 6 ---
Median Population dist: 78 | POP_DISTANCE_THRESHOLD: 80
Median RefSet dist: 82 | MIN_PR_DISTANCE: 200
Hijos PR: 0 | Total (inc. perturbación): 0
Insertados en población: 0 (PR=0, perturbación=0)
Sin mejora. real=1611 cost=204807920.0000
Diversificando población...
Población convergida (ratio=0.012), reemplazando 50%
Diversificaciones sin mejora: 2

--- Iteración 7 ---
Median Population dist: 822 | POP_DISTANCE_THRESHOLD: 80
Median RefSet dist: 824 | MIN_PR_DISTANCE: 200
Hijos PR: 15 | Total (inc. perturbación): 15
Insertados en población: 15 (PR=15, perturbación=0)
Sin mejora. real=1611 cost=204807920.0000

--- Iteración 8 ---
Median Population dist: 79 | POP_DISTANCE_THRESHOLD: 80
Median RefSet dist: 77 | MIN_PR_DISTANCE: 200
Hijos PR: 0 | Total (inc. perturbación): 0
Insertados en población: 0 (PR=0, perturbación=0)
Sin mejora. real=1611 cost=204807920.0000

--- Iteración 9 ---
Median Population dist: 80 | POP_DISTANCE_THRESHOLD: 80
Median RefSet dist: 84 | MIN_PR_DISTANCE: 200
Estancamiento detectado, perturbación estratégica...
Perturbación: 100 pares modificados (de 2322 conflictivos)
Hijos PR: 0 | Total (inc. perturbación): 1
Insertados en población: 1 (PR=0, perturbación=1)
Sin mejora. real=1611 cost=204807920.0000
Diversificando población...
Población convergida (ratio=0.013), reemplazando 50%
Diversificaciones sin mejora: 3
Demasiadas diversificaciones sin mejora. Terminando.
========================Resultados========================
Índice de Transmisión aproximado (real): 1611
Costo heurístico: 204807920.0000
Carga total: 128000
Numero de pares: 6320
Tiempo de ejecución: 35.1166 segundos
