========================Parámetros========================
Archivo: C:\Users\luisj\source\repos\Optimizacion en Scatter Search para el Problema del Indice de Transmision\Optimizacion en Scatter Search para el Problema del Indice de Transmision\test_graphs\cycle_graph\medium\cycle_graph_medium_(7).txt
Nodos: 70 | Población: 20 | RefSet: 10 | Iteraciones: 10
Precomputando caminos...
Construyendo base balanceada genérica...
Base inicial: indice=1235
Construyendo población...
Mejorando población inicial...
Construyendo RefSet...
Iteración 1: real=1235 cost=105049430.0000

--- Iteración 1 ---
Median Population dist: 2307 | POP_DISTANCE_THRESHOLD: 92
Median RefSet dist: 1781 | MIN_PR_DISTANCE: 267
Hijos PR: 4 | Total (inc. perturbación): 4
Insertados en población: 4 (PR=4, perturbación=0)
Sin mejora. real=1235 cost=105049430.0000

--- Iteración 2 ---
Median Population dist: 2187 | POP_DISTANCE_THRESHOLD: 87
Median RefSet dist: 1200 | MIN_PR_DISTANCE: 200
Hijos PR: 17 | Total (inc. perturbación): 17
Insertados en población: 13 (PR=13, perturbación=0)
Sin mejora. real=1235 cost=105049430.0000

--- Iteración 3 ---
Median Population dist: 76 | POP_DISTANCE_THRESHOLD: 80
Median RefSet dist: 136 | MIN_PR_DISTANCE: 200
Estancamiento detectado, perturbación estratégica...
Perturbación: 100 pares modificados (de 1856 conflictivos)
Hijos PR: 8 | Total (inc. perturbación): 9
Insertados en población: 7 (PR=7, perturbación=0)
Sin mejora. real=1235 cost=105049430.0000
Diversificando población...
Población convergida (ratio=0.016), reemplazando 50%
Diversificaciones sin mejora: 1

--- Iteración 4 ---
Median Population dist: 651 | POP_DISTANCE_THRESHOLD: 80
Median RefSet dist: 647 | MIN_PR_DISTANCE: 200
Hijos PR: 15 | Total (inc. perturbación): 15
Insertados en población: 15 (PR=15, perturbación=0)
Sin mejora. real=1235 cost=105049430.0000

--- Iteración 5 ---
Median Population dist: 92 | POP_DISTANCE_THRESHOLD: 80
Median RefSet dist: 85 | MIN_PR_DISTANCE: 200
Hijos PR: 0 | Total (inc. perturbación): 0
Insertados en población: 0 (PR=0, perturbación=0)
Sin mejora. real=1235 cost=105049430.0000

--- Iteración 6 ---
Median Population dist: 92 | POP_DISTANCE_THRESHOLD: 80
Median RefSet dist: 84 | MIN_PR_DISTANCE: 200
Hijos PR: 0 | Total (inc. perturbación): 0
Insertados en población: 0 (PR=0, perturbación=0)
Sin mejora. real=1235 cost=105049430.0000
Diversificando población...
Población convergida (ratio=0.019), reemplazando 50%
Diversificaciones sin mejora: 2

--- Iteración 7 ---
Median Population dist: 643 | POP_DISTANCE_THRESHOLD: 80
Median RefSet dist: 622 | MIN_PR_DISTANCE: 200
Hijos PR: 16 | Total (inc. perturbación): 16
Insertados en población: 16 (PR=16, perturbación=0)
Sin mejora. real=1235 cost=105049430.0000

--- Iteración 8 ---
Median Population dist: 91 | POP_DISTANCE_THRESHOLD: 80
Median RefSet dist: 92 | MIN_PR_DISTANCE: 200
Hijos PR: 0 | Total (inc. perturbación): 0
Insertados en población: 0 (PR=0, perturbación=0)
Sin mejora. real=1235 cost=105049430.0000

--- Iteración 9 ---
Median Population dist: 93 | POP_DISTANCE_THRESHOLD: 80
Median RefSet dist: 85 | MIN_PR_DISTANCE: 200
Estancamiento detectado, perturbación estratégica...
Perturbación: 100 pares modificados (de 1856 conflictivos)
Hijos PR: 0 | Total (inc. perturbación): 1
Insertados en población: 1 (PR=0, perturbación=1)
Sin mejora. real=1235 cost=105049430.0000
Diversificando población...
Población convergida (ratio=0.019), reemplazando 50%
Diversificaciones sin mejora: 3
Demasiadas diversificaciones sin mejora. Terminando.
========================Resultados========================
Índice de Transmisión aproximado (real): 1235
Costo heurístico: 105049430.0000
Carga total: 85750
Numero de pares: 4830
Tiempo de ejecución: 25.4445 segundos
