========================Parámetros========================
Archivo: C:\Users\luisj\source\repos\Optimizacion en Scatter Search para el Problema del Indice de Transmision\Optimizacion en Scatter Search para el Problema del Indice de Transmision\test_graphs\cycle_graph\small\cycle_graph_small_(10).txt
Nodos: 11 | Población: 20 | RefSet: 10 | Iteraciones: 10
Precomputando caminos...
Construyendo base balanceada genérica...
Base inicial: indice=30
Construyendo población...
Mejorando población inicial...
Construyendo RefSet...
Iteración 1: real=30 cost=9900.0000

--- Iteración 1 ---
Median Population dist: 0 | POP_DISTANCE_THRESHOLD: 80
Median RefSet dist: 0 | MIN_PR_DISTANCE: 200
Hijos PR: 0 | Total (inc. perturbación): 0
Insertados en población: 0 (PR=0, perturbación=0)
Sin mejora. real=30 cost=9900.0000

--- Iteración 2 ---
Median Population dist: 0 | POP_DISTANCE_THRESHOLD: 80
Median RefSet dist: 0 | MIN_PR_DISTANCE: 200
Hijos PR: 0 | Total (inc. perturbación): 0
Insertados en población: 0 (PR=0, perturbación=0)
Sin mejora. real=30 cost=9900.0000

--- Iteración 3 ---
Median Population dist: 0 | POP_DISTANCE_THRESHOLD: 80
Median RefSet dist: 0 | MIN_PR_DISTANCE: 200
Estancamiento detectado, perturbación estratégica...
Perturbación: 100 pares modificados (de 108 conflictivos)
Hijos PR: 0 | Total (inc. perturbación): 1
Insertados en población: 0 (PR=0, perturbación=0)
Sin mejora. real=30 cost=9900.0000
Diversificando población...
Población convergida (ratio=0.000), reemplazando 50%
Diversificaciones sin mejora: 1

--- Iteración 4 ---
Median Population dist: 23 | POP_DISTANCE_THRESHOLD: 80
Median RefSet dist: 19 | MIN_PR_DISTANCE: 200
Hijos PR: 0 | Total (inc. perturbación): 0
Insertados en población: 0 (PR=0, perturbación=0)
Sin mejora. real=30 cost=9900.0000

--- Iteración 5 ---
Median Population dist: 98 | POP_DISTANCE_THRESHOLD: 80
Median RefSet dist: 19 | MIN_PR_DISTANCE: 200
Hijos PR: 0 | Total (inc. perturbación): 0
Insertados en población: 0 (PR=0, perturbación=0)
Sin mejora. real=30 cost=9900.0000

--- Iteración 6 ---
Median Population dist: 98 | POP_DISTANCE_THRESHOLD: 80
Median RefSet dist: 19 | MIN_PR_DISTANCE: 200
Hijos PR: 0 | Total (inc. perturbación): 0
Insertados en población: 0 (PR=0, perturbación=0)
Sin mejora. real=30 cost=9900.0000
Diversificando población...
Diversificaciones sin mejora: 2

--- Iteración 7 ---
Median Population dist: 19 | POP_DISTANCE_THRESHOLD: 80
Median RefSet dist: 20 | MIN_PR_DISTANCE: 200
Hijos PR: 0 | Total (inc. perturbación): 0
Insertados en población: 0 (PR=0, perturbación=0)
Sin mejora. real=30 cost=9900.0000

--- Iteración 8 ---
Median Population dist: 19 | POP_DISTANCE_THRESHOLD: 80
Median RefSet dist: 17 | MIN_PR_DISTANCE: 200
Hijos PR: 0 | Total (inc. perturbación): 0
Insertados en población: 0 (PR=0, perturbación=0)
Sin mejora. real=30 cost=9900.0000

--- Iteración 9 ---
Median Population dist: 19 | POP_DISTANCE_THRESHOLD: 80
Median RefSet dist: 19 | MIN_PR_DISTANCE: 200
Estancamiento detectado, perturbación estratégica...
Perturbación: 100 pares modificados (de 108 conflictivos)
Hijos PR: 0 | Total (inc. perturbación): 1
Insertados en población: 0 (PR=0, perturbación=0)
Sin mejora. real=30 cost=9900.0000
Diversificando población...
Diversificaciones sin mejora: 3
Demasiadas diversificaciones sin mejora. Terminando.
========================Resultados========================
Índice de Transmisión aproximado (real): 30
Costo heurístico: 9900.0000
Carga total: 330
Numero de pares: 110
Tiempo de ejecución: 0.1458 segundos
