========================Parámetros========================
Archivo: C:\Users\luisj\source\repos\Optimizacion en Scatter Search para el Problema del Indice de Transmision\Optimizacion en Scatter Search para el Problema del Indice de Transmision\test_graphs\cycle_graph\medium\cycle_graph_medium_(10).txt
Nodos: 100 | Población: 30 | RefSet: 15 | Iteraciones: 15
Precomputando caminos...
Construyendo base balanceada genérica...
Base inicial: indice=2512
Construyendo población...
Mejorando población inicial...
Construyendo RefSet...
Iteración 1: real=2512 cost=625012112.0000

--- Iteración 1 ---
Median Population dist: 2867 | POP_DISTANCE_THRESHOLD: 114
Median RefSet dist: 2092 | MIN_PR_DISTANCE: 313
Hijos PR: 6 | Total (inc. perturbación): 6
Insertados en población: 6 (PR=6, perturbación=0)
Sin mejora. real=2512 cost=625012112.0000

--- Iteración 2 ---
Median Population dist: 2116 | POP_DISTANCE_THRESHOLD: 84
Median RefSet dist: 1211 | MIN_PR_DISTANCE: 200
Hijos PR: 3 | Total (inc. perturbación): 3
Insertados en población: 0 (PR=0, perturbación=0)
Sin mejora. real=2512 cost=625012112.0000

--- Iteración 3 ---
Median Population dist: 2119 | POP_DISTANCE_THRESHOLD: 84
Median RefSet dist: 1231 | MIN_PR_DISTANCE: 200
Hijos PR: 1 | Total (inc. perturbación): 1
Insertados en población: 0 (PR=0, perturbación=0)
Sin mejora. real=2512 cost=625012112.0000

--- Iteración 4 ---
Median Population dist: 2125 | POP_DISTANCE_THRESHOLD: 85
Median RefSet dist: 1232 | MIN_PR_DISTANCE: 200
Estancamiento detectado, perturbación estratégica...
Perturbación: 100 pares modificados (de 3403 conflictivos)
Hijos PR: 2 | Total (inc. perturbación): 3
Insertados en población: 1 (PR=0, perturbación=1)
Sin mejora. real=2512 cost=625012112.0000

--- Iteración 5 ---
Median Population dist: 2107 | POP_DISTANCE_THRESHOLD: 84
Median RefSet dist: 1240 | MIN_PR_DISTANCE: 200
Hijos PR: 6 | Total (inc. perturbación): 6
Insertados en población: 3 (PR=3, perturbación=0)
Sin mejora. real=2512 cost=625012112.0000
Diversificando población...
Diversificaciones sin mejora: 1

--- Iteración 6 ---
Median Population dist: 1322 | POP_DISTANCE_THRESHOLD: 80
Median RefSet dist: 1240 | MIN_PR_DISTANCE: 200
Hijos PR: 4 | Total (inc. perturbación): 4
Insertados en población: 3 (PR=3, perturbación=0)
Sin mejora. real=2512 cost=625012112.0000

--- Iteración 7 ---
Median Population dist: 1252 | POP_DISTANCE_THRESHOLD: 80
Median RefSet dist: 1141 | MIN_PR_DISTANCE: 200
Hijos PR: 6 | Total (inc. perturbación): 6
Insertados en población: 2 (PR=2, perturbación=0)
Sin mejora. real=2512 cost=625012112.0000

--- Iteración 8 ---
Median Population dist: 1241 | POP_DISTANCE_THRESHOLD: 80
Median RefSet dist: 1241 | MIN_PR_DISTANCE: 200
Hijos PR: 6 | Total (inc. perturbación): 6
Insertados en población: 1 (PR=1, perturbación=0)
Sin mejora. real=2512 cost=625012112.0000

--- Iteración 9 ---
Median Population dist: 1239 | POP_DISTANCE_THRESHOLD: 80
Median RefSet dist: 1221 | MIN_PR_DISTANCE: 200
Estancamiento detectado, perturbación estratégica...
Perturbación: 100 pares modificados (de 3403 conflictivos)
Hijos PR: 6 | Total (inc. perturbación): 7
Insertados en población: 4 (PR=3, perturbación=1)
Sin mejora. real=2512 cost=625012112.0000

--- Iteración 10 ---
Median Population dist: 1145 | POP_DISTANCE_THRESHOLD: 80
Median RefSet dist: 1240 | MIN_PR_DISTANCE: 200
Hijos PR: 4 | Total (inc. perturbación): 4
Insertados en población: 2 (PR=2, perturbación=0)
Sin mejora. real=2512 cost=625012112.0000
Diversificando población...
Población convergida (ratio=0.116), reemplazando 50%
Diversificaciones sin mejora: 2

--- Iteración 11 ---
Median Population dist: 1308 | POP_DISTANCE_THRESHOLD: 80
Median RefSet dist: 1298 | MIN_PR_DISTANCE: 200
Hijos PR: 2 | Total (inc. perturbación): 2
Insertados en población: 2 (PR=2, perturbación=0)
Sin mejora. real=2512 cost=625012112.0000

--- Iteración 12 ---
Median Population dist: 1308 | POP_DISTANCE_THRESHOLD: 80
Median RefSet dist: 1306 | MIN_PR_DISTANCE: 200
Hijos PR: 1 | Total (inc. perturbación): 1
Insertados en población: 0 (PR=0, perturbación=0)
Sin mejora. real=2512 cost=625012112.0000

--- Iteración 13 ---
Median Population dist: 1304 | POP_DISTANCE_THRESHOLD: 80
Median RefSet dist: 1284 | MIN_PR_DISTANCE: 200
Hijos PR: 0 | Total (inc. perturbación): 0
Insertados en población: 0 (PR=0, perturbación=0)
Sin mejora. real=2512 cost=625012112.0000

--- Iteración 14 ---
Median Population dist: 1305 | POP_DISTANCE_THRESHOLD: 80
Median RefSet dist: 1302 | MIN_PR_DISTANCE: 200
Estancamiento detectado, perturbación estratégica...
Perturbación: 100 pares modificados (de 3403 conflictivos)
Hijos PR: 4 | Total (inc. perturbación): 5
Insertados en población: 2 (PR=1, perturbación=1)
Sin mejora. real=2512 cost=625012112.0000

--- Iteración 15 ---
Median Population dist: 1304 | POP_DISTANCE_THRESHOLD: 80
Median RefSet dist: 1297 | MIN_PR_DISTANCE: 200
Hijos PR: 6 | Total (inc. perturbación): 6
Insertados en población: 6 (PR=6, perturbación=0)
Sin mejora. real=2512 cost=625012112.0000
Diversificando población...
Población convergida (ratio=0.132), reemplazando 50%
Diversificaciones sin mejora: 3
Demasiadas diversificaciones sin mejora. Terminando.
========================Resultados========================
Índice de Transmisión aproximado (real): 2512
Costo heurístico: 625012112.0000
Carga total: 250000
Numero de pares: 9900
Tiempo de ejecución: 161.6022 segundos
