========================Parámetros========================
Archivo: C:\Users\luisj\source\repos\Optimizacion en Scatter Search para el Problema del Indice de Transmision\Optimizacion en Scatter Search para el Problema del Indice de Transmision\test_graphs\cycle_graph\medium\cycle_graph_medium_(6).txt
Nodos: 60 | Población: 20 | RefSet: 10 | Iteraciones: 10
Precomputando caminos...
Construyendo base balanceada genérica...
Base inicial: indice=909
Construyendo población...
Mejorando población inicial...
Construyendo RefSet...
Iteración 1: real=909 cost=48603900.0000

--- Iteración 1 ---
Median Population dist: 1870 | POP_DISTANCE_THRESHOLD: 80
Median RefSet dist: 1564 | MIN_PR_DISTANCE: 234
Hijos PR: 4 | Total (inc. perturbación): 4
Insertados en población: 4 (PR=4, perturbación=0)
Iter 1: Mejor real=908 cost=48968568.0000 [PR+Improve (PR dejó=918, improve bajó a 908)]
  Cargas min (10): [896, 896, 896, 898, 898, 900, 900, 900, 900, 900]
  Cargas max (10): [908, 908, 908, 908, 908, 908, 908, 908, 908, 908]

--- Iteración 2 ---
Median Population dist: 1875 | POP_DISTANCE_THRESHOLD: 80
Median RefSet dist: 1194 | MIN_PR_DISTANCE: 200
Hijos PR: 16 | Total (inc. perturbación): 16
Insertados en población: 12 (PR=12, perturbación=0)
Sin mejora. real=908 cost=48968568.0000

--- Iteración 3 ---
Median Population dist: 63 | POP_DISTANCE_THRESHOLD: 80
Median RefSet dist: 99 | MIN_PR_DISTANCE: 200
Hijos PR: 9 | Total (inc. perturbación): 9
Insertados en población: 9 (PR=9, perturbación=0)
Sin mejora. real=908 cost=48968568.0000

--- Iteración 4 ---
Median Population dist: 62 | POP_DISTANCE_THRESHOLD: 80
Median RefSet dist: 75 | MIN_PR_DISTANCE: 200
Estancamiento detectado, perturbación estratégica...
Perturbación: 100 pares modificados (de 2638 conflictivos)
Hijos PR: 0 | Total (inc. perturbación): 1
Insertados en población: 1 (PR=0, perturbación=1)
Sin mejora. real=908 cost=48968568.0000
Diversificando población...
Población convergida (ratio=0.018), reemplazando 50%
Diversificaciones sin mejora: 1

--- Iteración 5 ---
Median Population dist: 476 | POP_DISTANCE_THRESHOLD: 80
Median RefSet dist: 475 | MIN_PR_DISTANCE: 200
Hijos PR: 18 | Total (inc. perturbación): 18
Insertados en población: 18 (PR=18, perturbación=0)
Iter 5: Mejor real=904 cost=48737096.0000 [PR+Improve (PR dejó=909, improve bajó a 905) +deep=904]
  Cargas min (10): [898, 898, 898, 898, 898, 898, 898, 898, 900, 900]
  Cargas max (10): [904, 904, 904, 904, 904, 904, 904, 904, 904, 904]

--- Iteración 6 ---
Median Population dist: 78 | POP_DISTANCE_THRESHOLD: 80
Median RefSet dist: 76 | MIN_PR_DISTANCE: 200
Hijos PR: 0 | Total (inc. perturbación): 0
Insertados en población: 0 (PR=0, perturbación=0)
Sin mejora. real=904 cost=48737096.0000

--- Iteración 7 ---
Median Population dist: 76 | POP_DISTANCE_THRESHOLD: 80
Median RefSet dist: 76 | MIN_PR_DISTANCE: 200
Hijos PR: 0 | Total (inc. perturbación): 0
Insertados en población: 0 (PR=0, perturbación=0)
Sin mejora. real=904 cost=48737096.0000

--- Iteración 8 ---
Median Population dist: 74 | POP_DISTANCE_THRESHOLD: 80
Median RefSet dist: 76 | MIN_PR_DISTANCE: 200
Estancamiento detectado, perturbación estratégica...
Perturbación: 100 pares modificados (de 2740 conflictivos)
Hijos PR: 0 | Total (inc. perturbación): 1
Insertados en población: 1 (PR=0, perturbación=1)
Sin mejora. real=904 cost=48737096.0000
Diversificando población...
Población convergida (ratio=0.021), reemplazando 50%
Diversificaciones sin mejora: 1

--- Iteración 9 ---
Median Population dist: 460 | POP_DISTANCE_THRESHOLD: 80
Median RefSet dist: 448 | MIN_PR_DISTANCE: 200
Hijos PR: 16 | Total (inc. perturbación): 16
Insertados en población: 16 (PR=16, perturbación=0)
Sin mejora. real=904 cost=48737096.0000

--- Iteración 10 ---
Median Population dist: 86 | POP_DISTANCE_THRESHOLD: 80
Median RefSet dist: 83 | MIN_PR_DISTANCE: 200
Hijos PR: 0 | Total (inc. perturbación): 0
Insertados en población: 0 (PR=0, perturbación=0)
Sin mejora. real=904 cost=48737096.0000
========================Resultados========================
Índice de Transmisión aproximado (real): 904
Costo heurístico: 48737096.0000
Carga total: 54076
Numero de pares: 3540
Tiempo de ejecución: 19.4343 segundos
