========================Parámetros========================
Archivo: C:\Users\luisj\source\repos\Optimizacion en Scatter Search para el Problema del Indice de Transmision\Optimizacion en Scatter Search para el Problema del Indice de Transmision\test_graphs\cycle_graph\medium\cycle_graph_medium_(6).txt
Nodos: 60 | Población: 20 | RefSet: 10 | Iteraciones: 10
Precomputando caminos...
Construyendo base balanceada genérica...
Base inicial: indice=909
Construyendo población...
Mejorando población inicial...
Construyendo RefSet...
Iteración 1: real=909 cost=48603900.0000

--- Iteración 1 ---
Median Population dist: 1868 | POP_DISTANCE_THRESHOLD: 80
Median RefSet dist: 1559 | MIN_PR_DISTANCE: 233
Hijos PR: 4 | Total (inc. perturbación): 4
Insertados en población: 4 (PR=4, perturbación=0)
Iter 1: Mejor real=907 cost=48925020.0000 [PR+Improve (PR dejó=918, improve bajó a 908) +deep=907]
  Cargas min (10): [895, 897, 899, 899, 899, 899, 899, 899, 899, 901]
  Cargas max (10): [907, 907, 907, 907, 907, 907, 907, 907, 907, 907]

--- Iteración 2 ---
Median Population dist: 1575 | POP_DISTANCE_THRESHOLD: 80
Median RefSet dist: 1189 | MIN_PR_DISTANCE: 200
Hijos PR: 17 | Total (inc. perturbación): 17
Insertados en población: 8 (PR=8, perturbación=0)
Sin mejora. real=907 cost=48925020.0000

--- Iteración 3 ---
Median Population dist: 1164 | POP_DISTANCE_THRESHOLD: 80
Median RefSet dist: 1153 | MIN_PR_DISTANCE: 200
Hijos PR: 17 | Total (inc. perturbación): 17
Insertados en población: 15 (PR=15, perturbación=0)
Sin mejora. real=907 cost=48925020.0000

--- Iteración 4 ---
Median Population dist: 62 | POP_DISTANCE_THRESHOLD: 80
Median RefSet dist: 65 | MIN_PR_DISTANCE: 200
Estancamiento detectado, perturbación estratégica...
Perturbación: 100 pares modificados (de 2135 conflictivos)
Hijos PR: 0 | Total (inc. perturbación): 1
Insertados en población: 1 (PR=0, perturbación=1)
Sin mejora. real=907 cost=48925020.0000
Diversificando población...
Población convergida (ratio=0.018), reemplazando 50%
Diversificaciones sin mejora: 1

--- Iteración 5 ---
Median Population dist: 472 | POP_DISTANCE_THRESHOLD: 80
Median RefSet dist: 464 | MIN_PR_DISTANCE: 200
Hijos PR: 15 | Total (inc. perturbación): 15
Insertados en población: 15 (PR=15, perturbación=0)
Sin mejora. real=907 cost=48925020.0000

--- Iteración 6 ---
Median Population dist: 92 | POP_DISTANCE_THRESHOLD: 80
Median RefSet dist: 94 | MIN_PR_DISTANCE: 200
Hijos PR: 0 | Total (inc. perturbación): 0
Insertados en población: 0 (PR=0, perturbación=0)
Sin mejora. real=907 cost=48925020.0000

--- Iteración 7 ---
Median Population dist: 91 | POP_DISTANCE_THRESHOLD: 80
Median RefSet dist: 96 | MIN_PR_DISTANCE: 200
Hijos PR: 0 | Total (inc. perturbación): 0
Insertados en población: 0 (PR=0, perturbación=0)
Sin mejora. real=907 cost=48925020.0000
Diversificando población...
Población convergida (ratio=0.026), reemplazando 50%
Diversificaciones sin mejora: 2

--- Iteración 8 ---
Median Population dist: 475 | POP_DISTANCE_THRESHOLD: 80
Median RefSet dist: 466 | MIN_PR_DISTANCE: 200
Hijos PR: 17 | Total (inc. perturbación): 17
Insertados en población: 17 (PR=17, perturbación=0)
Iter 8: Mejor real=907 cost=48856588.0000 [PR+Improve (PR dejó=907, improve bajó a 907)]
  Cargas min (10): [895, 897, 897, 897, 897, 897, 897, 897, 897, 899]
  Cargas max (10): [907, 907, 907, 907, 907, 907, 907, 907, 907, 907]

--- Iteración 9 ---
Median Population dist: 98 | POP_DISTANCE_THRESHOLD: 80
Median RefSet dist: 97 | MIN_PR_DISTANCE: 200
Hijos PR: 0 | Total (inc. perturbación): 0
Insertados en población: 0 (PR=0, perturbación=0)
Sin mejora. real=907 cost=48856588.0000

--- Iteración 10 ---
Median Population dist: 95 | POP_DISTANCE_THRESHOLD: 80
Median RefSet dist: 97 | MIN_PR_DISTANCE: 200
Hijos PR: 0 | Total (inc. perturbación): 0
Insertados en población: 0 (PR=0, perturbación=0)
Sin mejora. real=907 cost=48856588.0000
========================Resultados========================
Índice de Transmisión aproximado (real): 907
Costo heurístico: 48856588.0000
Carga total: 54142
Numero de pares: 3540
Tiempo de ejecución: 20.0957 segundos
