========================Parámetros========================
Archivo: C:\Users\luisj\source\repos\Optimizacion en Scatter Search para el Problema del Indice de Transmision\Optimizacion en Scatter Search para el Problema del Indice de Transmision\test_graphs\cycle_graph\medium\cycle_graph_medium_(6).txt
Nodos: 60 | Población: 20 | RefSet: 10 | Iteraciones: 10
Precomputando caminos...
Construyendo base balanceada genérica...
Base inicial: indice=909
Construyendo población...
Mejorando población inicial...
Construyendo RefSet...
Iteración 1: real=909 cost=48603900.0000

--- Iteración 1 ---
Median Population dist: 1637 | POP_DISTANCE_THRESHOLD: 80
Median RefSet dist: 1578 | MIN_PR_DISTANCE: 236
Hijos PR: 4 | Total (inc. perturbación): 4
Insertados en población: 4 (PR=4, perturbación=0)
Iter 1: Mejor real=908 cost=48979476.0000 [PR+Improve (PR dejó=917, improve bajó a 908)]
  Cargas min (10): [896, 896, 896, 898, 898, 898, 898, 898, 898, 900]
  Cargas max (10): [908, 908, 908, 908, 908, 908, 908, 908, 908, 908]

--- Iteración 2 ---
Median Population dist: 1584 | POP_DISTANCE_THRESHOLD: 80
Median RefSet dist: 1190 | MIN_PR_DISTANCE: 200
Hijos PR: 18 | Total (inc. perturbación): 18
Insertados en población: 13 (PR=13, perturbación=0)
Sin mejora. real=908 cost=48979476.0000

--- Iteración 3 ---
Median Population dist: 68 | POP_DISTANCE_THRESHOLD: 80
Median RefSet dist: 80 | MIN_PR_DISTANCE: 200
Hijos PR: 4 | Total (inc. perturbación): 4
Insertados en población: 2 (PR=2, perturbación=0)
Sin mejora. real=908 cost=48979476.0000

--- Iteración 4 ---
Median Population dist: 70 | POP_DISTANCE_THRESHOLD: 80
Median RefSet dist: 75 | MIN_PR_DISTANCE: 200
Estancamiento detectado, perturbación estratégica...
Perturbación: 100 pares modificados (de 2670 conflictivos)
Hijos PR: 0 | Total (inc. perturbación): 1
Insertados en población: 1 (PR=0, perturbación=1)
Sin mejora. real=908 cost=48979476.0000
Diversificando población...
Población convergida (ratio=0.020), reemplazando 50%
Diversificaciones sin mejora: 1

--- Iteración 5 ---
Median Population dist: 477 | POP_DISTANCE_THRESHOLD: 80
Median RefSet dist: 470 | MIN_PR_DISTANCE: 200
Hijos PR: 15 | Total (inc. perturbación): 15
Insertados en población: 15 (PR=15, perturbación=0)
Sin mejora. real=908 cost=48979476.0000

--- Iteración 6 ---
Median Population dist: 95 | POP_DISTANCE_THRESHOLD: 80
Median RefSet dist: 92 | MIN_PR_DISTANCE: 200
Hijos PR: 0 | Total (inc. perturbación): 0
Insertados en población: 0 (PR=0, perturbación=0)
Sin mejora. real=908 cost=48979476.0000

--- Iteración 7 ---
Median Population dist: 93 | POP_DISTANCE_THRESHOLD: 80
Median RefSet dist: 90 | MIN_PR_DISTANCE: 200
Hijos PR: 0 | Total (inc. perturbación): 0
Insertados en población: 0 (PR=0, perturbación=0)
Sin mejora. real=908 cost=48979476.0000
Diversificando población...
Población convergida (ratio=0.026), reemplazando 50%
Diversificaciones sin mejora: 2

--- Iteración 8 ---
Median Population dist: 472 | POP_DISTANCE_THRESHOLD: 80
Median RefSet dist: 466 | MIN_PR_DISTANCE: 200
Hijos PR: 12 | Total (inc. perturbación): 12
Insertados en población: 12 (PR=12, perturbación=0)
Sin mejora. real=908 cost=48979476.0000

--- Iteración 9 ---
Median Population dist: 102 | POP_DISTANCE_THRESHOLD: 80
Median RefSet dist: 103 | MIN_PR_DISTANCE: 200
Hijos PR: 0 | Total (inc. perturbación): 0
Insertados en población: 0 (PR=0, perturbación=0)
Sin mejora. real=908 cost=48979476.0000

--- Iteración 10 ---
Median Population dist: 101 | POP_DISTANCE_THRESHOLD: 80
Median RefSet dist: 102 | MIN_PR_DISTANCE: 200
Estancamiento detectado, perturbación estratégica...
Perturbación: 100 pares modificados (de 2670 conflictivos)
Hijos PR: 0 | Total (inc. perturbación): 1
Insertados en población: 1 (PR=0, perturbación=1)
Sin mejora. real=908 cost=48979476.0000
Diversificando población...
Población convergida (ratio=0.029), reemplazando 50%
Diversificaciones sin mejora: 3
Demasiadas diversificaciones sin mejora. Terminando.
========================Resultados========================
Índice de Transmisión aproximado (real): 908
Costo heurístico: 48979476.0000
Carga total: 54210
Numero de pares: 3540
Tiempo de ejecución: 18.2381 segundos
