========================Parámetros========================
Archivo: C:\Users\luisj\source\repos\Optimizacion en Scatter Search para el Problema del Indice de Transmision\Optimizacion en Scatter Search para el Problema del Indice de Transmision\test_graphs\cycle_graph\small\cycle_graph_small_(5).txt
Nodos: 6 | Población: 10 | RefSet: 5 | Iteraciones: 5
Precomputando caminos...
Construyendo base balanceada genérica...
Base inicial: indice=10
Construyendo población...
Mejorando población inicial...
Construyendo RefSet...
Iteración 1: real=9 cost=486.0000

--- Iteración 1 ---
Median Population dist: 4 | POP_DISTANCE_THRESHOLD: 80
Median RefSet dist: 15 | MIN_PR_DISTANCE: 200
Hijos PR: 0 | Total (inc. perturbación): 0
Insertados en población: 0 (PR=0, perturbación=0)
Sin mejora. real=9 cost=486.0000

--- Iteración 2 ---
Median Population dist: 4 | POP_DISTANCE_THRESHOLD: 80
Median RefSet dist: 15 | MIN_PR_DISTANCE: 200
Hijos PR: 0 | Total (inc. perturbación): 0
Insertados en población: 0 (PR=0, perturbación=0)
Sin mejora. real=9 cost=486.0000

--- Iteración 3 ---
Median Population dist: 4 | POP_DISTANCE_THRESHOLD: 80
Median RefSet dist: 15 | MIN_PR_DISTANCE: 200
Estancamiento detectado, perturbación estratégica...
Perturbación: 30 pares modificados (de 30 conflictivos)
Hijos PR: 0 | Total (inc. perturbación): 1
Insertados en población: 0 (PR=0, perturbación=0)
Sin mejora. real=9 cost=486.0000
Diversificando población...
Población convergida (ratio=0.133), reemplazando 50%
Diversificaciones sin mejora: 1

--- Iteración 4 ---
Median Population dist: 20 | POP_DISTANCE_THRESHOLD: 80
Median RefSet dist: 20 | MIN_PR_DISTANCE: 200
Hijos PR: 0 | Total (inc. perturbación): 0
Insertados en población: 0 (PR=0, perturbación=0)
Sin mejora. real=9 cost=486.0000

--- Iteración 5 ---
Median Population dist: 20 | POP_DISTANCE_THRESHOLD: 80
Median RefSet dist: 22 | MIN_PR_DISTANCE: 200
Hijos PR: 0 | Total (inc. perturbación): 0
Insertados en población: 0 (PR=0, perturbación=0)
Sin mejora. real=9 cost=486.0000
========================Resultados========================
Índice de Transmisión aproximado (real): 9
Costo heurístico: 486.0000
Carga total: 54
Numero de pares: 30
Tiempo de ejecución: 0.0201 segundos
