========================Parámetros========================
Archivo: C:\Users\luisj\source\repos\Optimizacion en Scatter Search para el Problema del Indice de Transmision\Optimizacion en Scatter Search para el Problema del Indice de Transmision\test_graphs\de_bruijn_graph\small\de_bruijn_graph_small_(4).txt
Nodos: 7 | Población: 10 | RefSet: 5 | Iteraciones: 5
Precomputando caminos...
Construyendo base balanceada genérica...
Base inicial: indice=7
Construyendo población...
Mejorando población inicial...
Construyendo RefSet...
Iteración 1: real=7 cost=368.0000

--- Iteración 1 ---
Median Population dist: 20 | POP_DISTANCE_THRESHOLD: 80
Median RefSet dist: 21 | MIN_PR_DISTANCE: 200
Hijos PR: 0 | Total (inc. perturbación): 0
Insertados en población: 0 (PR=0, perturbación=0)
Sin mejora. real=7 cost=368.0000

--- Iteración 2 ---
Median Population dist: 20 | POP_DISTANCE_THRESHOLD: 80
Median RefSet dist: 21 | MIN_PR_DISTANCE: 200
Hijos PR: 0 | Total (inc. perturbación): 0
Insertados en población: 0 (PR=0, perturbación=0)
Sin mejora. real=7 cost=368.0000

--- Iteración 3 ---
Median Population dist: 20 | POP_DISTANCE_THRESHOLD: 80
Median RefSet dist: 21 | MIN_PR_DISTANCE: 200
Estancamiento detectado, perturbación estratégica...
Perturbación: 40 pares modificados (de 40 conflictivos)
Hijos PR: 0 | Total (inc. perturbación): 1
Insertados en población: 0 (PR=0, perturbación=0)
Sin mejora. real=7 cost=368.0000
Diversificando población...
Diversificaciones sin mejora: 1

--- Iteración 4 ---
Median Population dist: 22 | POP_DISTANCE_THRESHOLD: 80
Median RefSet dist: 22 | MIN_PR_DISTANCE: 200
Hijos PR: 0 | Total (inc. perturbación): 0
Insertados en población: 0 (PR=0, perturbación=0)
Sin mejora. real=7 cost=368.0000

--- Iteración 5 ---
Median Population dist: 22 | POP_DISTANCE_THRESHOLD: 80
Median RefSet dist: 22 | MIN_PR_DISTANCE: 200
Hijos PR: 0 | Total (inc. perturbación): 0
Insertados en población: 0 (PR=0, perturbación=0)
Sin mejora. real=7 cost=368.0000
========================Resultados========================
Índice de Transmisión aproximado (real): 7
Costo heurístico: 368.0000
Carga total: 62
Numero de pares: 42
Tiempo de ejecución: 0.0153 segundos
