========================Parámetros========================
Archivo: C:\Users\luisj\source\repos\Optimizacion en Scatter Search para el Problema del Indice de Transmision\Optimizacion en Scatter Search para el Problema del Indice de Transmision\test_graphs\de_bruijn_graph\medium\de_bruijn_graph_medium_(2).txt
Nodos: 20 | Población: 20 | RefSet: 10 | Iteraciones: 10
Precomputando caminos...
Construyendo base balanceada genérica...
Base inicial: indice=44
Construyendo población...
Mejorando población inicial...
Construyendo RefSet...
Iteración 1: real=43 cost=23980.0000

--- Iteración 1 ---
Median Population dist: 93 | POP_DISTANCE_THRESHOLD: 80
Median RefSet dist: 95 | MIN_PR_DISTANCE: 200
Hijos PR: 6 | Total (inc. perturbación): 6
Insertados en población: 6 (PR=6, perturbación=0)
Iter 1: Mejor real=37 cost=25417.0000 [PR puro (antes=42 -> después=37)]
  Cargas min (10): [11, 13, 16, 16, 16, 17, 17, 18, 19, 19]
  Cargas max (10): [37, 37, 36, 36, 36, 36, 34, 33, 33, 32]

--- Iteración 2 ---
Median Population dist: 102 | POP_DISTANCE_THRESHOLD: 80
Median RefSet dist: 95 | MIN_PR_DISTANCE: 200
Hijos PR: 7 | Total (inc. perturbación): 7
Insertados en población: 7 (PR=7, perturbación=0)
Iter 2: Mejor real=37 cost=25232.0000 [PR+Improve (PR dejó=42, improve bajó a 37)]
  Cargas min (10): [12, 12, 15, 15, 17, 17, 18, 18, 19, 19]
  Cargas max (10): [37, 37, 36, 36, 35, 34, 34, 33, 31, 31]

--- Iteración 3 ---
Median Population dist: 91 | POP_DISTANCE_THRESHOLD: 80
Median RefSet dist: 266 | MIN_PR_DISTANCE: 200
Hijos PR: 14 | Total (inc. perturbación): 14
Insertados en población: 14 (PR=14, perturbación=0)
Sin mejora. real=37 cost=25232.0000

--- Iteración 4 ---
Median Population dist: 89 | POP_DISTANCE_THRESHOLD: 80
Median RefSet dist: 101 | MIN_PR_DISTANCE: 200
Hijos PR: 0 | Total (inc. perturbación): 0
Insertados en población: 0 (PR=0, perturbación=0)
Sin mejora. real=37 cost=25232.0000

--- Iteración 5 ---
Median Population dist: 88 | POP_DISTANCE_THRESHOLD: 80
Median RefSet dist: 96 | MIN_PR_DISTANCE: 200
Estancamiento detectado, perturbación estratégica...
Perturbación: 100 pares modificados (de 254 conflictivos)
Hijos PR: 0 | Total (inc. perturbación): 1
Insertados en población: 1 (PR=0, perturbación=1)
Sin mejora. real=37 cost=25232.0000
Diversificando población...
Diversificaciones sin mejora: 1

--- Iteración 6 ---
Median Population dist: 129 | POP_DISTANCE_THRESHOLD: 80
Median RefSet dist: 146 | MIN_PR_DISTANCE: 200
Hijos PR: 0 | Total (inc. perturbación): 0
Insertados en población: 0 (PR=0, perturbación=0)
Sin mejora. real=37 cost=25232.0000

--- Iteración 7 ---
Median Population dist: 126 | POP_DISTANCE_THRESHOLD: 80
Median RefSet dist: 151 | MIN_PR_DISTANCE: 200
Hijos PR: 0 | Total (inc. perturbación): 0
Insertados en población: 0 (PR=0, perturbación=0)
Sin mejora. real=37 cost=25232.0000

--- Iteración 8 ---
Median Population dist: 121 | POP_DISTANCE_THRESHOLD: 80
Median RefSet dist: 153 | MIN_PR_DISTANCE: 200
Hijos PR: 0 | Total (inc. perturbación): 0
Insertados en población: 0 (PR=0, perturbación=0)
Sin mejora. real=37 cost=25232.0000
Diversificando población...
Diversificaciones sin mejora: 2

--- Iteración 9 ---
Median Population dist: 115 | POP_DISTANCE_THRESHOLD: 80
Median RefSet dist: 142 | MIN_PR_DISTANCE: 200
Hijos PR: 0 | Total (inc. perturbación): 0
Insertados en población: 0 (PR=0, perturbación=0)
Sin mejora. real=37 cost=25232.0000

--- Iteración 10 ---
Median Population dist: 119 | POP_DISTANCE_THRESHOLD: 80
Median RefSet dist: 150 | MIN_PR_DISTANCE: 200
Hijos PR: 0 | Total (inc. perturbación): 0
Insertados en población: 0 (PR=0, perturbación=0)
Sin mejora. real=37 cost=25232.0000
========================Resultados========================
Índice de Transmisión aproximado (real): 37
Costo heurístico: 25232.0000
Carga total: 928
Numero de pares: 380
Tiempo de ejecución: 0.7073 segundos
