========================Parámetros========================
Archivo: C:\Users\luisj\source\repos\Optimizacion en Scatter Search para el Problema del Indice de Transmision\Optimizacion en Scatter Search para el Problema del Indice de Transmision\test_graphs\de_bruijn_graph\small\de_bruijn_graph_small_(10).txt
Nodos: 9 | Población: 10 | RefSet: 5 | Iteraciones: 5
Precomputando caminos...
Construyendo base balanceada genérica...
Base inicial: indice=7
Construyendo población...
Mejorando población inicial...
Construyendo RefSet...
Iteración 1: real=6 cost=512.0000

--- Iteración 1 ---
Median Population dist: 29 | POP_DISTANCE_THRESHOLD: 80
Median RefSet dist: 33 | MIN_PR_DISTANCE: 200
Hijos PR: 0 | Total (inc. perturbación): 0
Insertados en población: 0 (PR=0, perturbación=0)
Sin mejora. real=6 cost=512.0000

--- Iteración 2 ---
Median Population dist: 29 | POP_DISTANCE_THRESHOLD: 80
Median RefSet dist: 33 | MIN_PR_DISTANCE: 200
Hijos PR: 0 | Total (inc. perturbación): 0
Insertados en población: 0 (PR=0, perturbación=0)
Sin mejora. real=6 cost=512.0000

--- Iteración 3 ---
Median Population dist: 29 | POP_DISTANCE_THRESHOLD: 80
Median RefSet dist: 33 | MIN_PR_DISTANCE: 200
Estancamiento detectado, perturbación estratégica...
Perturbación: 43 pares modificados (de 43 conflictivos)
Hijos PR: 0 | Total (inc. perturbación): 1
Insertados en población: 0 (PR=0, perturbación=0)
Sin mejora. real=6 cost=512.0000
Diversificando población...
Diversificaciones sin mejora: 1

--- Iteración 4 ---
Median Population dist: 34 | POP_DISTANCE_THRESHOLD: 80
Median RefSet dist: 35 | MIN_PR_DISTANCE: 200
Hijos PR: 0 | Total (inc. perturbación): 0
Insertados en población: 0 (PR=0, perturbación=0)
Sin mejora. real=6 cost=512.0000

--- Iteración 5 ---
Median Population dist: 34 | POP_DISTANCE_THRESHOLD: 80
Median RefSet dist: 35 | MIN_PR_DISTANCE: 200
Hijos PR: 0 | Total (inc. perturbación): 0
Insertados en población: 0 (PR=0, perturbación=0)
Sin mejora. real=6 cost=512.0000
========================Resultados========================
Índice de Transmisión aproximado (real): 6
Costo heurístico: 512.0000
Carga total: 102
Numero de pares: 72
Tiempo de ejecución: 0.0258 segundos
