========================Parámetros========================
Archivo: C:\Users\luisj\source\repos\Optimizacion en Scatter Search para el Problema del Indice de Transmision\Optimizacion en Scatter Search para el Problema del Indice de Transmision\test_graphs\de_bruijn_graph\medium\de_bruijn_graph_medium_(5).txt
Nodos: 50 | Población: 20 | RefSet: 10 | Iteraciones: 10
Precomputando caminos...
Construyendo base balanceada genérica...
Base inicial: indice=126
Construyendo población...
Mejorando población inicial...
Construyendo RefSet...
Iteración 1: real=122 cost=680208.0000

--- Iteración 1 ---
Median Population dist: 1413 | POP_DISTANCE_THRESHOLD: 80
Median RefSet dist: 1376 | MIN_PR_DISTANCE: 206
Hijos PR: 29 | Total (inc. perturbación): 29
Insertados en población: 29 (PR=29, perturbación=0)
Iter 1: Mejor real=109 cost=683842.0000 [PR+Improve (PR dejó=122, improve bajó a 112) +deep=109]
  Cargas min (10): [34, 37, 40, 40, 43, 46, 46, 49, 49, 50]
  Cargas max (10): [109, 109, 109, 109, 108, 108, 107, 107, 106, 105]

--- Iteración 2 ---
Median Population dist: 1124 | POP_DISTANCE_THRESHOLD: 80
Median RefSet dist: 1130 | MIN_PR_DISTANCE: 200
Hijos PR: 25 | Total (inc. perturbación): 25
Insertados en población: 25 (PR=25, perturbación=0)
Iter 2: Mejor real=106 cost=680189.0000 [PR+Improve (PR dejó=112, improve bajó a 108) +deep=106]
  Cargas min (10): [34, 38, 41, 42, 45, 46, 46, 49, 51, 52]
  Cargas max (10): [106, 106, 106, 106, 106, 105, 105, 105, 104, 104]

--- Iteración 3 ---
Median Population dist: 214 | POP_DISTANCE_THRESHOLD: 80
Median RefSet dist: 226 | MIN_PR_DISTANCE: 200
Hijos PR: 22 | Total (inc. perturbación): 22
Insertados en población: 22 (PR=22, perturbación=0)
Sin mejora. real=106 cost=680189.0000

--- Iteración 4 ---
Median Population dist: 214 | POP_DISTANCE_THRESHOLD: 80
Median RefSet dist: 215 | MIN_PR_DISTANCE: 200
Hijos PR: 24 | Total (inc. perturbación): 24
Insertados en población: 24 (PR=24, perturbación=0)
Iter 4: Mejor real=104 cost=682724.0000 [PR+Improve (PR dejó=107, improve bajó a 104)]
  Cargas min (10): [34, 42, 44, 45, 46, 47, 47, 50, 50, 52]
  Cargas max (10): [104, 103, 103, 103, 103, 103, 103, 102, 102, 102]

--- Iteración 5 ---
Median Population dist: 187 | POP_DISTANCE_THRESHOLD: 80
Median RefSet dist: 205 | MIN_PR_DISTANCE: 200
Hijos PR: 19 | Total (inc. perturbación): 19
Insertados en población: 19 (PR=19, perturbación=0)
Iter 5: Mejor real=103 cost=677281.0000 [PR+Improve (PR dejó=104, improve bajó a 103)]
  Cargas min (10): [37, 39, 44, 45, 46, 46, 48, 49, 50, 52]
  Cargas max (10): [103, 103, 102, 102, 102, 102, 102, 102, 101, 101]

--- Iteración 6 ---
Median Population dist: 173 | POP_DISTANCE_THRESHOLD: 80
Median RefSet dist: 181 | MIN_PR_DISTANCE: 200
Hijos PR: 9 | Total (inc. perturbación): 9
Insertados en población: 9 (PR=9, perturbación=0)
Iter 6: Mejor real=102 cost=675656.0000 [PR+Improve (PR dejó=104, improve bajó a 103) +deep=102]
  Cargas min (10): [37, 41, 42, 43, 47, 47, 49, 50, 51, 51]
  Cargas max (10): [102, 102, 102, 102, 102, 101, 101, 101, 101, 101]

--- Iteración 7 ---
Median Population dist: 163 | POP_DISTANCE_THRESHOLD: 80
Median RefSet dist: 164 | MIN_PR_DISTANCE: 200
Hijos PR: 4 | Total (inc. perturbación): 4
Insertados en población: 4 (PR=4, perturbación=0)
Sin mejora. real=102 cost=675656.0000

--- Iteración 8 ---
Median Population dist: 154 | POP_DISTANCE_THRESHOLD: 80
Median RefSet dist: 158 | MIN_PR_DISTANCE: 200
Hijos PR: 2 | Total (inc. perturbación): 2
Insertados en población: 2 (PR=2, perturbación=0)
Sin mejora. real=102 cost=675656.0000

--- Iteración 9 ---
Median Population dist: 152 | POP_DISTANCE_THRESHOLD: 80
Median RefSet dist: 158 | MIN_PR_DISTANCE: 200
Estancamiento detectado, perturbación estratégica...
Perturbación: 100 pares modificados (de 917 conflictivos)
Hijos PR: 1 | Total (inc. perturbación): 2
Insertados en población: 2 (PR=1, perturbación=1)
Sin mejora. real=102 cost=675656.0000
Diversificando población...
Población convergida (ratio=0.062), reemplazando 50%
Diversificaciones sin mejora: 1

--- Iteración 10 ---
Median Population dist: 904 | POP_DISTANCE_THRESHOLD: 80
Median RefSet dist: 707 | MIN_PR_DISTANCE: 200
Hijos PR: 14 | Total (inc. perturbación): 14
Insertados en población: 14 (PR=14, perturbación=0)
Sin mejora. real=102 cost=675656.0000
========================Resultados========================
Índice de Transmisión aproximado (real): 102
Costo heurístico: 675656.0000
Carga total: 7912
Numero de pares: 2450
Tiempo de ejecución: 4.8888 segundos
