========================Parámetros========================
Archivo: C:\Users\luisj\source\repos\Optimizacion en Scatter Search para el Problema del Indice de Transmision\Optimizacion en Scatter Search para el Problema del Indice de Transmision\test_graphs\de_bruijn_graph\medium\de_bruijn_graph_medium_(2).txt
Nodos: 20 | Población: 20 | RefSet: 10 | Iteraciones: 10
Precomputando caminos...
Construyendo base balanceada genérica...
Base inicial: indice=46
Construyendo población...
Mejorando población inicial...
Construyendo RefSet...
Iteración 1: real=44 cost=23984.0000

--- Iteración 1 ---
Median Population dist: 91 | POP_DISTANCE_THRESHOLD: 80
Median RefSet dist: 93 | MIN_PR_DISTANCE: 200
Hijos PR: 8 | Total (inc. perturbación): 8
Insertados en población: 8 (PR=8, perturbación=0)
Iter 1: Mejor real=38 cost=25270.0000 [PR puro (antes=42 -> después=38)]
  Cargas min (10): [14, 15, 16, 16, 18, 18, 18, 18, 19, 19]
  Cargas max (10): [38, 37, 37, 37, 35, 35, 34, 34, 33, 33]

--- Iteración 2 ---
Median Population dist: 103 | POP_DISTANCE_THRESHOLD: 80
Median RefSet dist: 96 | MIN_PR_DISTANCE: 200
Hijos PR: 6 | Total (inc. perturbación): 6
Insertados en población: 6 (PR=6, perturbación=0)
Iter 2: Mejor real=36 cost=27015.0000 [PR+Improve (PR dejó=39, improve bajó a 37) +deep=36]
  Cargas min (10): [10, 16, 18, 19, 20, 20, 20, 21, 21, 21]
  Cargas max (10): [36, 36, 36, 36, 35, 35, 34, 33, 33, 33]

--- Iteración 3 ---
Median Population dist: 92 | POP_DISTANCE_THRESHOLD: 80
Median RefSet dist: 267 | MIN_PR_DISTANCE: 200
Hijos PR: 17 | Total (inc. perturbación): 17
Insertados en población: 17 (PR=17, perturbación=0)
Sin mejora. real=36 cost=27015.0000

--- Iteración 4 ---
Median Population dist: 97 | POP_DISTANCE_THRESHOLD: 80
Median RefSet dist: 100 | MIN_PR_DISTANCE: 200
Hijos PR: 0 | Total (inc. perturbación): 0
Insertados en población: 0 (PR=0, perturbación=0)
Sin mejora. real=36 cost=27015.0000

--- Iteración 5 ---
Median Population dist: 97 | POP_DISTANCE_THRESHOLD: 80
Median RefSet dist: 100 | MIN_PR_DISTANCE: 200
Estancamiento detectado, perturbación estratégica...
Perturbación: 100 pares modificados (de 236 conflictivos)
Hijos PR: 0 | Total (inc. perturbación): 1
Insertados en población: 1 (PR=0, perturbación=1)
Sin mejora. real=36 cost=27015.0000
Diversificando población...
Diversificaciones sin mejora: 1

--- Iteración 6 ---
Median Population dist: 114 | POP_DISTANCE_THRESHOLD: 80
Median RefSet dist: 139 | MIN_PR_DISTANCE: 200
Hijos PR: 0 | Total (inc. perturbación): 0
Insertados en población: 0 (PR=0, perturbación=0)
Sin mejora. real=36 cost=27015.0000

--- Iteración 7 ---
Median Population dist: 121 | POP_DISTANCE_THRESHOLD: 80
Median RefSet dist: 121 | MIN_PR_DISTANCE: 200
Hijos PR: 0 | Total (inc. perturbación): 0
Insertados en población: 0 (PR=0, perturbación=0)
Sin mejora. real=36 cost=27015.0000

--- Iteración 8 ---
Median Population dist: 116 | POP_DISTANCE_THRESHOLD: 80
Median RefSet dist: 142 | MIN_PR_DISTANCE: 200
Hijos PR: 0 | Total (inc. perturbación): 0
Insertados en población: 0 (PR=0, perturbación=0)
Sin mejora. real=36 cost=27015.0000
Diversificando población...
Diversificaciones sin mejora: 2

--- Iteración 9 ---
Median Population dist: 114 | POP_DISTANCE_THRESHOLD: 80
Median RefSet dist: 155 | MIN_PR_DISTANCE: 200
Hijos PR: 0 | Total (inc. perturbación): 0
Insertados en población: 0 (PR=0, perturbación=0)
Sin mejora. real=36 cost=27015.0000

--- Iteración 10 ---
Median Population dist: 117 | POP_DISTANCE_THRESHOLD: 80
Median RefSet dist: 130 | MIN_PR_DISTANCE: 200
Hijos PR: 0 | Total (inc. perturbación): 0
Insertados en población: 0 (PR=0, perturbación=0)
Sin mejora. real=36 cost=27015.0000
========================Resultados========================
Índice de Transmisión aproximado (real): 36
Costo heurístico: 27015.0000
Carga total: 969
Numero de pares: 380
Tiempo de ejecución: 0.7453 segundos
