========================Parámetros========================
Archivo: C:\Users\luisj\source\repos\Optimizacion en Scatter Search para el Problema del Indice de Transmision\Optimizacion en Scatter Search para el Problema del Indice de Transmision\test_graphs\de_bruijn_graph\medium\de_bruijn_graph_medium_(2).txt
Nodos: 20 | Población: 20 | RefSet: 10 | Iteraciones: 10
Precomputando caminos...
Construyendo base balanceada genérica...
Base inicial: indice=44
Construyendo población...
Mejorando población inicial...
Construyendo RefSet...
Iteración 1: real=42 cost=24072.0000

--- Iteración 1 ---
Median Population dist: 85 | POP_DISTANCE_THRESHOLD: 80
Median RefSet dist: 88 | MIN_PR_DISTANCE: 200
Hijos PR: 6 | Total (inc. perturbación): 6
Insertados en población: 6 (PR=6, perturbación=0)
Iter 1: Mejor real=37 cost=25316.0000 [PR+Improve (PR dejó=42, improve bajó a 38) +deep=37]
  Cargas min (10): [13, 15, 16, 17, 18, 18, 19, 19, 20, 20]
  Cargas max (10): [37, 37, 36, 36, 36, 33, 33, 31, 31, 29]

--- Iteración 2 ---
Median Population dist: 95 | POP_DISTANCE_THRESHOLD: 80
Median RefSet dist: 88 | MIN_PR_DISTANCE: 200
Hijos PR: 4 | Total (inc. perturbación): 4
Insertados en población: 4 (PR=4, perturbación=0)
Sin mejora. real=37 cost=25316.0000

--- Iteración 3 ---
Median Population dist: 271 | POP_DISTANCE_THRESHOLD: 80
Median RefSet dist: 263 | MIN_PR_DISTANCE: 200
Hijos PR: 16 | Total (inc. perturbación): 16
Insertados en población: 15 (PR=15, perturbación=0)
Iter 3: Mejor real=36 cost=26448.0000 [PR+Improve (PR dejó=38, improve bajó a 36)]
  Cargas min (10): [8, 16, 16, 16, 17, 18, 18, 18, 18, 20]
  Cargas max (10): [36, 36, 35, 35, 34, 34, 34, 34, 32, 32]

--- Iteración 4 ---
Median Population dist: 89 | POP_DISTANCE_THRESHOLD: 80
Median RefSet dist: 90 | MIN_PR_DISTANCE: 200
Hijos PR: 0 | Total (inc. perturbación): 0
Insertados en población: 0 (PR=0, perturbación=0)
Iter 4: Mejor real=36 cost=26234.0000 [PR+Improve (PR dejó=38, improve bajó a 36)]
  Cargas min (10): [10, 14, 15, 16, 17, 17, 18, 18, 19, 19]
  Cargas max (10): [36, 35, 35, 35, 34, 34, 33, 33, 32, 32]

--- Iteración 5 ---
Median Population dist: 83 | POP_DISTANCE_THRESHOLD: 80
Median RefSet dist: 91 | MIN_PR_DISTANCE: 200
Hijos PR: 0 | Total (inc. perturbación): 0
Insertados en población: 0 (PR=0, perturbación=0)
Sin mejora. real=36 cost=26234.0000

--- Iteración 6 ---
Median Population dist: 84 | POP_DISTANCE_THRESHOLD: 80
Median RefSet dist: 88 | MIN_PR_DISTANCE: 200
Hijos PR: 0 | Total (inc. perturbación): 0
Insertados en población: 0 (PR=0, perturbación=0)
Sin mejora. real=36 cost=26234.0000

--- Iteración 7 ---
Median Population dist: 80 | POP_DISTANCE_THRESHOLD: 80
Median RefSet dist: 93 | MIN_PR_DISTANCE: 200
Estancamiento detectado, perturbación estratégica...
Perturbación: 100 pares modificados (de 244 conflictivos)
Hijos PR: 0 | Total (inc. perturbación): 1
Insertados en población: 1 (PR=0, perturbación=1)
Sin mejora. real=36 cost=26234.0000
Diversificando población...
Diversificaciones sin mejora: 1

--- Iteración 8 ---
Median Population dist: 97 | POP_DISTANCE_THRESHOLD: 80
Median RefSet dist: 139 | MIN_PR_DISTANCE: 200
Hijos PR: 0 | Total (inc. perturbación): 0
Insertados en población: 0 (PR=0, perturbación=0)
Sin mejora. real=36 cost=26234.0000

--- Iteración 9 ---
Median Population dist: 96 | POP_DISTANCE_THRESHOLD: 80
Median RefSet dist: 142 | MIN_PR_DISTANCE: 200
Hijos PR: 0 | Total (inc. perturbación): 0
Insertados en población: 0 (PR=0, perturbación=0)
Sin mejora. real=36 cost=26234.0000

--- Iteración 10 ---
Median Population dist: 97 | POP_DISTANCE_THRESHOLD: 80
Median RefSet dist: 138 | MIN_PR_DISTANCE: 200
Hijos PR: 0 | Total (inc. perturbación): 0
Insertados en población: 0 (PR=0, perturbación=0)
Sin mejora. real=36 cost=26234.0000
Diversificando población...
Diversificaciones sin mejora: 2
========================Resultados========================
Índice de Transmisión aproximado (real): 36
Costo heurístico: 26234.0000
Carga total: 950
Numero de pares: 380
Tiempo de ejecución: 0.7171 segundos
