========================Parámetros========================
Archivo: C:\Users\luisj\source\repos\Optimizacion en Scatter Search para el Problema del Indice de Transmision\Optimizacion en Scatter Search para el Problema del Indice de Transmision\test_graphs\de_bruijn_graph\medium\de_bruijn_graph_medium_(4).txt
Nodos: 40 | Población: 20 | RefSet: 10 | Iteraciones: 10
Precomputando caminos...
Construyendo base balanceada genérica...
Base inicial: indice=111
Construyendo población...
Mejorando población inicial...
Construyendo RefSet...
Iteración 1: real=111 cost=309110.0000

--- Iteración 1 ---
Median Population dist: 650 | POP_DISTANCE_THRESHOLD: 80
Median RefSet dist: 774 | MIN_PR_DISTANCE: 200
Hijos PR: 23 | Total (inc. perturbación): 23
Insertados en población: 23 (PR=23, perturbación=0)
Iter 1: Mejor real=95 cost=321571.0000 [PR puro (antes=107 -> después=101) +deep=95]
  Cargas min (10): [29, 30, 34, 38, 38, 40, 40, 41, 41, 42]
  Cargas max (10): [95, 95, 94, 93, 92, 90, 90, 90, 87, 87]

--- Iteración 2 ---
Median Population dist: 786 | POP_DISTANCE_THRESHOLD: 80
Median RefSet dist: 752 | MIN_PR_DISTANCE: 200
Hijos PR: 21 | Total (inc. perturbación): 21
Insertados en población: 21 (PR=21, perturbación=0)
Sin mejora. real=95 cost=321571.0000

--- Iteración 3 ---
Median Population dist: 162 | POP_DISTANCE_THRESHOLD: 80
Median RefSet dist: 829 | MIN_PR_DISTANCE: 200
Hijos PR: 22 | Total (inc. perturbación): 22
Insertados en población: 22 (PR=22, perturbación=0)
Iter 3: Mejor real=90 cost=323691.0000 [PR+Improve (PR dejó=95, improve bajó a 92) +deep=90]
  Cargas min (10): [32, 35, 36, 39, 40, 41, 42, 42, 42, 43]
  Cargas max (10): [90, 90, 90, 90, 88, 88, 87, 87, 86, 86]

--- Iteración 4 ---
Median Population dist: 195 | POP_DISTANCE_THRESHOLD: 80
Median RefSet dist: 183 | MIN_PR_DISTANCE: 200
Hijos PR: 17 | Total (inc. perturbación): 17
Insertados en población: 17 (PR=17, perturbación=0)
Iter 4: Mejor real=87 cost=319665.0000 [PR+Improve (PR dejó=92, improve bajó a 89) +deep=87]
  Cargas min (10): [32, 33, 37, 37, 37, 40, 41, 41, 42, 43]
  Cargas max (10): [87, 86, 86, 86, 86, 86, 86, 86, 86, 85]

--- Iteración 5 ---
Median Population dist: 150 | POP_DISTANCE_THRESHOLD: 80
Median RefSet dist: 171 | MIN_PR_DISTANCE: 200
Hijos PR: 9 | Total (inc. perturbación): 9
Insertados en población: 9 (PR=9, perturbación=0)
Sin mejora. real=87 cost=319665.0000

--- Iteración 6 ---
Median Population dist: 157 | POP_DISTANCE_THRESHOLD: 80
Median RefSet dist: 154 | MIN_PR_DISTANCE: 200
Hijos PR: 2 | Total (inc. perturbación): 2
Insertados en población: 2 (PR=2, perturbación=0)
Iter 6: Mejor real=86 cost=315414.0000 [PR+Improve (PR dejó=89, improve bajó a 87) +deep=86]
  Cargas min (10): [30, 30, 36, 36, 38, 40, 41, 41, 42, 43]
  Cargas max (10): [86, 86, 86, 86, 86, 86, 85, 85, 85, 84]

--- Iteración 7 ---
Median Population dist: 161 | POP_DISTANCE_THRESHOLD: 80
Median RefSet dist: 161 | MIN_PR_DISTANCE: 200
Hijos PR: 2 | Total (inc. perturbación): 2
Insertados en población: 2 (PR=2, perturbación=0)
Sin mejora. real=86 cost=315414.0000

--- Iteración 8 ---
Median Population dist: 159 | POP_DISTANCE_THRESHOLD: 80
Median RefSet dist: 161 | MIN_PR_DISTANCE: 200
Hijos PR: 1 | Total (inc. perturbación): 1
Insertados en población: 1 (PR=1, perturbación=0)
Sin mejora. real=86 cost=315414.0000

--- Iteración 9 ---
Median Population dist: 155 | POP_DISTANCE_THRESHOLD: 80
Median RefSet dist: 156 | MIN_PR_DISTANCE: 200
Estancamiento detectado, perturbación estratégica...
Perturbación: 100 pares modificados (de 703 conflictivos)
Hijos PR: 2 | Total (inc. perturbación): 3
Insertados en población: 3 (PR=2, perturbación=1)
Sin mejora. real=86 cost=315414.0000
Diversificando población...
Población convergida (ratio=0.099), reemplazando 50%
Diversificaciones sin mejora: 1

--- Iteración 10 ---
Median Population dist: 599 | POP_DISTANCE_THRESHOLD: 80
Median RefSet dist: 316 | MIN_PR_DISTANCE: 200
Hijos PR: 13 | Total (inc. perturbación): 13
Insertados en población: 13 (PR=13, perturbación=0)
Iter 10: Mejor real=86 cost=313367.0000 [PR+Improve (PR dejó=87, improve bajó a 86)]
  Cargas min (10): [31, 31, 37, 37, 39, 39, 41, 41, 41, 43]
  Cargas max (10): [86, 86, 86, 86, 86, 86, 86, 85, 85, 84]
========================Resultados========================
Índice de Transmisión aproximado (real): 86
Costo heurístico: 313367.0000
Carga total: 4763
Numero de pares: 1560
Tiempo de ejecución: 3.4277 segundos
