========================Parámetros========================
Archivo: C:\Users\luisj\source\repos\Optimizacion en Scatter Search para el Problema del Indice de Transmision\Optimizacion en Scatter Search para el Problema del Indice de Transmision\test_graphs\de_bruijn_graph\medium\de_bruijn_graph_medium_(10).txt
Nodos: 90 | Población: 20 | RefSet: 10 | Iteraciones: 10
Precomputando caminos...
Construyendo base balanceada genérica...
Base inicial: indice=128
Construyendo población...
Mejorando población inicial...
Construyendo RefSet...
Iteración 1: real=125 cost=2214119.0000

--- Iteración 1 ---
Median Population dist: 2818 | POP_DISTANCE_THRESHOLD: 112
Median RefSet dist: 2808 | MIN_PR_DISTANCE: 421
Hijos PR: 29 | Total (inc. perturbación): 29
Insertados en población: 29 (PR=29, perturbación=0)
Iter 1: Mejor real=116 cost=2213227.0000 [PR puro (antes=121 -> después=118) +deep=116]
  Cargas min (10): [41, 44, 45, 46, 47, 47, 47, 50, 50, 51]
  Cargas max (10): [116, 116, 116, 115, 115, 115, 115, 115, 115, 115]

--- Iteración 2 ---
Median Population dist: 1250 | POP_DISTANCE_THRESHOLD: 80
Median RefSet dist: 1220 | MIN_PR_DISTANCE: 200
Hijos PR: 26 | Total (inc. perturbación): 26
Insertados en población: 26 (PR=26, perturbación=0)
Iter 2: Mejor real=114 cost=2206970.0000 [PR+Improve (PR dejó=117, improve bajó a 115) +deep=114]
  Cargas min (10): [42, 45, 46, 46, 48, 48, 48, 50, 51, 53]
  Cargas max (10): [114, 114, 113, 113, 113, 113, 113, 113, 113, 113]

--- Iteración 3 ---
Median Population dist: 255 | POP_DISTANCE_THRESHOLD: 80
Median RefSet dist: 240 | MIN_PR_DISTANCE: 200
Hijos PR: 21 | Total (inc. perturbación): 21
Insertados en población: 21 (PR=21, perturbación=0)
Iter 3: Mejor real=113 cost=2202996.0000 [PR+Improve (PR dejó=114, improve bajó a 113)]
  Cargas min (10): [43, 46, 47, 48, 48, 49, 50, 50, 51, 53]
  Cargas max (10): [113, 113, 112, 112, 112, 112, 112, 112, 112, 112]

--- Iteración 4 ---
Median Population dist: 223 | POP_DISTANCE_THRESHOLD: 80
Median RefSet dist: 243 | MIN_PR_DISTANCE: 200
Hijos PR: 23 | Total (inc. perturbación): 23
Insertados en población: 23 (PR=23, perturbación=0)
Iter 4: Mejor real=112 cost=2201362.0000 [PR+Improve (PR dejó=114, improve bajó a 113) +deep=112]
  Cargas min (10): [41, 46, 46, 47, 48, 49, 50, 50, 53, 53]
  Cargas max (10): [112, 112, 112, 112, 112, 112, 111, 111, 111, 111]

--- Iteración 5 ---
Median Population dist: 204 | POP_DISTANCE_THRESHOLD: 80
Median RefSet dist: 208 | MIN_PR_DISTANCE: 200
Hijos PR: 18 | Total (inc. perturbación): 18
Insertados en población: 18 (PR=18, perturbación=0)
Iter 5: Mejor real=112 cost=2200566.0000 [PR+Improve (PR dejó=114, improve bajó a 112)]
  Cargas min (10): [41, 45, 46, 47, 48, 49, 49, 50, 53, 53]
  Cargas max (10): [112, 112, 112, 111, 111, 111, 111, 111, 111, 111]

--- Iteración 6 ---
Median Population dist: 186 | POP_DISTANCE_THRESHOLD: 80
Median RefSet dist: 192 | MIN_PR_DISTANCE: 200
Hijos PR: 18 | Total (inc. perturbación): 18
Insertados en población: 18 (PR=18, perturbación=0)
Iter 6: Mejor real=112 cost=2198441.0000 [PR+Improve (PR dejó=113, improve bajó a 112)]
  Cargas min (10): [41, 46, 46, 47, 49, 49, 50, 51, 53, 53]
  Cargas max (10): [112, 111, 111, 111, 111, 111, 111, 110, 110, 110]

--- Iteración 7 ---
Median Population dist: 182 | POP_DISTANCE_THRESHOLD: 80
Median RefSet dist: 183 | MIN_PR_DISTANCE: 200
Hijos PR: 9 | Total (inc. perturbación): 9
Insertados en población: 9 (PR=9, perturbación=0)
Iter 7: Mejor real=111 cost=2197478.0000 [PR+Improve (PR dejó=112, improve bajó a 111)]
  Cargas min (10): [44, 46, 47, 48, 48, 49, 50, 50, 53, 53]
  Cargas max (10): [111, 111, 111, 111, 111, 111, 111, 110, 110, 110]

--- Iteración 8 ---
Median Population dist: 175 | POP_DISTANCE_THRESHOLD: 80
Median RefSet dist: 173 | MIN_PR_DISTANCE: 200
Hijos PR: 9 | Total (inc. perturbación): 9
Insertados en población: 9 (PR=9, perturbación=0)
Sin mejora. real=111 cost=2197478.0000

--- Iteración 9 ---
Median Population dist: 166 | POP_DISTANCE_THRESHOLD: 80
Median RefSet dist: 174 | MIN_PR_DISTANCE: 200
Hijos PR: 2 | Total (inc. perturbación): 2
Insertados en población: 2 (PR=2, perturbación=0)
Sin mejora. real=111 cost=2197478.0000

--- Iteración 10 ---
Median Population dist: 160 | POP_DISTANCE_THRESHOLD: 80
Median RefSet dist: 171 | MIN_PR_DISTANCE: 200
Estancamiento detectado, perturbación estratégica...
Perturbación: 100 pares modificados (de 1048 conflictivos)
Hijos PR: 4 | Total (inc. perturbación): 5
Insertados en población: 5 (PR=4, perturbación=1)
Iter 10: Mejor real=111 cost=2195423.0000 [PR+Improve (PR dejó=111, improve bajó a 111)]
  Cargas min (10): [43, 46, 47, 47, 49, 49, 50, 51, 53, 53]
  Cargas max (10): [111, 111, 110, 110, 110, 110, 110, 110, 110, 110]
========================Resultados========================
Índice de Transmisión aproximado (real): 111
Costo heurístico: 2195423.0000
Carga total: 23599
Numero de pares: 8010
Tiempo de ejecución: 9.3718 segundos
