========================Parámetros========================
Archivo: C:\Users\luisj\source\repos\Optimizacion en Scatter Search para el Problema del Indice de Transmision\Optimizacion en Scatter Search para el Problema del Indice de Transmision\test_graphs\de_bruijn_graph\medium\de_bruijn_graph_medium_(3).txt
Nodos: 30 | Población: 20 | RefSet: 10 | Iteraciones: 10
Precomputando caminos...
Construyendo base balanceada genérica...
Base inicial: indice=71
Construyendo población...
Mejorando población inicial...
Construyendo RefSet...
Iteración 1: real=71 cost=114844.0000

--- Iteración 1 ---
Median Population dist: 223 | POP_DISTANCE_THRESHOLD: 80
Median RefSet dist: 229 | MIN_PR_DISTANCE: 200
Hijos PR: 29 | Total (inc. perturbación): 29
Insertados en población: 29 (PR=29, perturbación=0)
Iter 1: Mejor real=62 cost=118228.0000 [PR puro (antes=68 -> después=67) +deep=62]
  Cargas min (10): [16, 22, 23, 23, 27, 30, 30, 30, 31, 33]
  Cargas max (10): [62, 62, 61, 61, 60, 60, 60, 59, 59, 59]

--- Iteración 2 ---
Median Population dist: 252 | POP_DISTANCE_THRESHOLD: 80
Median RefSet dist: 254 | MIN_PR_DISTANCE: 200
Hijos PR: 24 | Total (inc. perturbación): 24
Insertados en población: 24 (PR=24, perturbación=0)
Iter 2: Mejor real=61 cost=115712.0000 [PR+Improve (PR dejó=67, improve bajó a 62) +deep=61]
  Cargas min (10): [15, 21, 24, 25, 26, 27, 31, 34, 35, 35]
  Cargas max (10): [61, 61, 58, 58, 58, 58, 58, 58, 57, 56]

--- Iteración 3 ---
Median Population dist: 152 | POP_DISTANCE_THRESHOLD: 80
Median RefSet dist: 658 | MIN_PR_DISTANCE: 200
Hijos PR: 14 | Total (inc. perturbación): 14
Insertados en población: 14 (PR=14, perturbación=0)
Iter 3: Mejor real=59 cost=116040.0000 [PR+Improve (PR dejó=64, improve bajó a 61) +deep=59]
  Cargas min (10): [18, 26, 26, 26, 27, 30, 32, 34, 34, 35]
  Cargas max (10): [59, 59, 59, 59, 59, 58, 58, 58, 58, 58]

--- Iteración 4 ---
Median Population dist: 147 | POP_DISTANCE_THRESHOLD: 80
Median RefSet dist: 173 | MIN_PR_DISTANCE: 200
Hijos PR: 5 | Total (inc. perturbación): 5
Insertados en población: 5 (PR=5, perturbación=0)
Iter 4: Mejor real=58 cost=113774.0000 [PR+Improve (PR dejó=61, improve bajó a 58)]
  Cargas min (10): [17, 23, 25, 26, 26, 28, 32, 33, 35, 36]
  Cargas max (10): [58, 58, 58, 58, 57, 57, 57, 57, 57, 57]

--- Iteración 5 ---
Median Population dist: 143 | POP_DISTANCE_THRESHOLD: 80
Median RefSet dist: 163 | MIN_PR_DISTANCE: 200
Hijos PR: 1 | Total (inc. perturbación): 1
Insertados en población: 1 (PR=1, perturbación=0)
Sin mejora. real=58 cost=113774.0000

--- Iteración 6 ---
Median Population dist: 145 | POP_DISTANCE_THRESHOLD: 80
Median RefSet dist: 156 | MIN_PR_DISTANCE: 200
Hijos PR: 2 | Total (inc. perturbación): 2
Insertados en población: 2 (PR=2, perturbación=0)
Sin mejora. real=58 cost=113774.0000

--- Iteración 7 ---
Median Population dist: 144 | POP_DISTANCE_THRESHOLD: 80
Median RefSet dist: 157 | MIN_PR_DISTANCE: 200
Estancamiento detectado, perturbación estratégica...
Perturbación: 100 pares modificados (de 518 conflictivos)
Hijos PR: 3 | Total (inc. perturbación): 4
Insertados en población: 4 (PR=3, perturbación=1)
Sin mejora. real=58 cost=113774.0000
Diversificando población...
Diversificaciones sin mejora: 1

--- Iteración 8 ---
Median Population dist: 180 | POP_DISTANCE_THRESHOLD: 80
Median RefSet dist: 246 | MIN_PR_DISTANCE: 200
Hijos PR: 21 | Total (inc. perturbación): 21
Insertados en población: 21 (PR=21, perturbación=0)
Sin mejora. real=58 cost=113774.0000

--- Iteración 9 ---
Median Population dist: 147 | POP_DISTANCE_THRESHOLD: 80
Median RefSet dist: 156 | MIN_PR_DISTANCE: 200
Hijos PR: 3 | Total (inc. perturbación): 3
Insertados en población: 3 (PR=3, perturbación=0)
Sin mejora. real=58 cost=113774.0000

--- Iteración 10 ---
Median Population dist: 141 | POP_DISTANCE_THRESHOLD: 80
Median RefSet dist: 151 | MIN_PR_DISTANCE: 200
Hijos PR: 1 | Total (inc. perturbación): 1
Insertados en población: 1 (PR=1, perturbación=0)
Sin mejora. real=58 cost=113774.0000
Diversificando población...
Diversificaciones sin mejora: 2
========================Resultados========================
Índice de Transmisión aproximado (real): 58
Costo heurístico: 113774.0000
Carga total: 2460
Numero de pares: 870
Tiempo de ejecución: 2.0969 segundos
