========================Parámetros========================
Archivo: C:\Users\luisj\source\repos\Optimizacion en Scatter Search para el Problema del Indice de Transmision\Optimizacion en Scatter Search para el Problema del Indice de Transmision\test_graphs\de_bruijn_graph\medium\de_bruijn_graph_medium_(5).txt
Nodos: 50 | Población: 20 | RefSet: 10 | Iteraciones: 10
Precomputando caminos...
Construyendo base balanceada genérica...
Base inicial: indice=127
Construyendo población...
Mejorando población inicial...
Construyendo RefSet...
Iteración 1: real=123 cost=680828.0000

--- Iteración 1 ---
Median Population dist: 1499 | POP_DISTANCE_THRESHOLD: 80
Median RefSet dist: 1372 | MIN_PR_DISTANCE: 205
Hijos PR: 30 | Total (inc. perturbación): 30
Insertados en población: 30 (PR=30, perturbación=0)
Iter 1: Mejor real=107 cost=683236.0000 [PR puro (antes=113 -> después=108) +deep=107]
  Cargas min (10): [37, 38, 42, 43, 44, 45, 46, 47, 48, 52]
  Cargas max (10): [107, 107, 106, 106, 106, 106, 106, 105, 105, 105]

--- Iteración 2 ---
Median Population dist: 1135 | POP_DISTANCE_THRESHOLD: 80
Median RefSet dist: 1140 | MIN_PR_DISTANCE: 200
Hijos PR: 22 | Total (inc. perturbación): 22
Insertados en población: 22 (PR=22, perturbación=0)
Iter 2: Mejor real=106 cost=681197.0000 [PR+Improve (PR dejó=108, improve bajó a 106)]
  Cargas min (10): [38, 39, 40, 42, 43, 46, 48, 49, 50, 53]
  Cargas max (10): [106, 106, 106, 105, 105, 105, 105, 104, 104, 104]

--- Iteración 3 ---
Median Population dist: 204 | POP_DISTANCE_THRESHOLD: 80
Median RefSet dist: 210 | MIN_PR_DISTANCE: 200
Hijos PR: 20 | Total (inc. perturbación): 20
Insertados en población: 20 (PR=20, perturbación=0)
Iter 3: Mejor real=105 cost=677307.0000 [PR+Improve (PR dejó=107, improve bajó a 105)]
  Cargas min (10): [39, 40, 42, 42, 44, 47, 49, 49, 50, 54]
  Cargas max (10): [105, 104, 104, 104, 104, 104, 104, 104, 104, 103]

--- Iteración 4 ---
Median Population dist: 190 | POP_DISTANCE_THRESHOLD: 80
Median RefSet dist: 198 | MIN_PR_DISTANCE: 200
Hijos PR: 15 | Total (inc. perturbación): 15
Insertados en población: 15 (PR=15, perturbación=0)
Iter 4: Mejor real=103 cost=675632.0000 [PR+Improve (PR dejó=105, improve bajó a 103)]
  Cargas min (10): [40, 41, 41, 41, 41, 47, 47, 48, 49, 53]
  Cargas max (10): [103, 103, 102, 102, 102, 102, 102, 102, 102, 102]

--- Iteración 5 ---
Median Population dist: 160 | POP_DISTANCE_THRESHOLD: 80
Median RefSet dist: 178 | MIN_PR_DISTANCE: 200
Hijos PR: 4 | Total (inc. perturbación): 4
Insertados en población: 4 (PR=4, perturbación=0)
Iter 5: Mejor real=102 cost=674824.0000 [PR+Improve (PR dejó=104, improve bajó a 103) +deep=102]
  Cargas min (10): [37, 40, 42, 42, 42, 49, 49, 50, 52, 56]
  Cargas max (10): [102, 102, 102, 102, 102, 101, 101, 101, 101, 101]

--- Iteración 6 ---
Median Population dist: 162 | POP_DISTANCE_THRESHOLD: 80
Median RefSet dist: 177 | MIN_PR_DISTANCE: 200
Hijos PR: 6 | Total (inc. perturbación): 6
Insertados en población: 6 (PR=6, perturbación=0)
Sin mejora. real=102 cost=674824.0000

--- Iteración 7 ---
Median Population dist: 159 | POP_DISTANCE_THRESHOLD: 80
Median RefSet dist: 162 | MIN_PR_DISTANCE: 200
Hijos PR: 1 | Total (inc. perturbación): 1
Insertados en población: 1 (PR=1, perturbación=0)
Sin mejora. real=102 cost=674824.0000

--- Iteración 8 ---
Median Population dist: 154 | POP_DISTANCE_THRESHOLD: 80
Median RefSet dist: 154 | MIN_PR_DISTANCE: 200
Estancamiento detectado, perturbación estratégica...
Perturbación: 100 pares modificados (de 870 conflictivos)
Hijos PR: 1 | Total (inc. perturbación): 2
Insertados en población: 2 (PR=1, perturbación=1)
Sin mejora. real=102 cost=674824.0000
Diversificando población...
Población convergida (ratio=0.063), reemplazando 50%
Diversificaciones sin mejora: 1

--- Iteración 9 ---
Median Population dist: 922 | POP_DISTANCE_THRESHOLD: 80
Median RefSet dist: 505 | MIN_PR_DISTANCE: 200
Hijos PR: 11 | Total (inc. perturbación): 11
Insertados en población: 11 (PR=11, perturbación=0)
Sin mejora. real=102 cost=674824.0000

--- Iteración 10 ---
Median Population dist: 140 | POP_DISTANCE_THRESHOLD: 80
Median RefSet dist: 123 | MIN_PR_DISTANCE: 200
Hijos PR: 6 | Total (inc. perturbación): 6
Insertados en población: 6 (PR=6, perturbación=0)
Sin mejora. real=102 cost=674824.0000
========================Resultados========================
Índice de Transmisión aproximado (real): 102
Costo heurístico: 674824.0000
Carga total: 7908
Numero de pares: 2450
Tiempo de ejecución: 4.5383 segundos
