========================Parámetros========================
Archivo: C:\Users\luisj\source\repos\Optimizacion en Scatter Search para el Problema del Indice de Transmision\Optimizacion en Scatter Search para el Problema del Indice de Transmision\test_graphs\de_bruijn_graph\medium\de_bruijn_graph_medium_(2).txt
Nodos: 20 | Población: 20 | RefSet: 10 | Iteraciones: 10
Precomputando caminos...
Construyendo base balanceada genérica...
Base inicial: indice=45
Construyendo población...
Mejorando población inicial...
Construyendo RefSet...
Iteración 1: real=43 cost=23960.0000

--- Iteración 1 ---
Median Population dist: 89 | POP_DISTANCE_THRESHOLD: 80
Median RefSet dist: 92 | MIN_PR_DISTANCE: 200
Hijos PR: 6 | Total (inc. perturbación): 6
Insertados en población: 6 (PR=6, perturbación=0)
Iter 1: Mejor real=36 cost=25705.0000 [PR puro (antes=42 -> después=37) +deep=36]
  Cargas min (10): [12, 14, 15, 17, 17, 17, 19, 19, 21, 21]
  Cargas max (10): [36, 36, 36, 36, 35, 34, 34, 32, 31, 31]

--- Iteración 2 ---
Median Population dist: 303 | POP_DISTANCE_THRESHOLD: 80
Median RefSet dist: 89 | MIN_PR_DISTANCE: 200
Hijos PR: 4 | Total (inc. perturbación): 4
Insertados en población: 4 (PR=4, perturbación=0)
Sin mejora. real=36 cost=25705.0000

--- Iteración 3 ---
Median Population dist: 108 | POP_DISTANCE_THRESHOLD: 80
Median RefSet dist: 98 | MIN_PR_DISTANCE: 200
Hijos PR: 15 | Total (inc. perturbación): 15
Insertados en población: 15 (PR=15, perturbación=0)
Sin mejora. real=36 cost=25705.0000

--- Iteración 4 ---
Median Population dist: 94 | POP_DISTANCE_THRESHOLD: 80
Median RefSet dist: 100 | MIN_PR_DISTANCE: 200
Estancamiento detectado, perturbación estratégica...
Perturbación: 100 pares modificados (de 238 conflictivos)
Hijos PR: 0 | Total (inc. perturbación): 1
Insertados en población: 1 (PR=0, perturbación=1)
Sin mejora. real=36 cost=25705.0000
Diversificando población...
Diversificaciones sin mejora: 1

--- Iteración 5 ---
Median Population dist: 111 | POP_DISTANCE_THRESHOLD: 80
Median RefSet dist: 146 | MIN_PR_DISTANCE: 200
Hijos PR: 0 | Total (inc. perturbación): 0
Insertados en población: 0 (PR=0, perturbación=0)
Sin mejora. real=36 cost=25705.0000

--- Iteración 6 ---
Median Population dist: 118 | POP_DISTANCE_THRESHOLD: 80
Median RefSet dist: 138 | MIN_PR_DISTANCE: 200
Hijos PR: 0 | Total (inc. perturbación): 0
Insertados en población: 0 (PR=0, perturbación=0)
Sin mejora. real=36 cost=25705.0000

--- Iteración 7 ---
Median Population dist: 117 | POP_DISTANCE_THRESHOLD: 80
Median RefSet dist: 135 | MIN_PR_DISTANCE: 200
Hijos PR: 0 | Total (inc. perturbación): 0
Insertados en población: 0 (PR=0, perturbación=0)
Sin mejora. real=36 cost=25705.0000
Diversificando población...
Diversificaciones sin mejora: 2

--- Iteración 8 ---
Median Population dist: 118 | POP_DISTANCE_THRESHOLD: 80
Median RefSet dist: 147 | MIN_PR_DISTANCE: 200
Hijos PR: 0 | Total (inc. perturbación): 0
Insertados en población: 0 (PR=0, perturbación=0)
Sin mejora. real=36 cost=25705.0000

--- Iteración 9 ---
Median Population dist: 131 | POP_DISTANCE_THRESHOLD: 80
Median RefSet dist: 132 | MIN_PR_DISTANCE: 200
Hijos PR: 0 | Total (inc. perturbación): 0
Insertados en población: 0 (PR=0, perturbación=0)
Sin mejora. real=36 cost=25705.0000

--- Iteración 10 ---
Median Population dist: 123 | POP_DISTANCE_THRESHOLD: 80
Median RefSet dist: 149 | MIN_PR_DISTANCE: 200
Estancamiento detectado, perturbación estratégica...
Perturbación: 100 pares modificados (de 238 conflictivos)
Hijos PR: 0 | Total (inc. perturbación): 1
Insertados en población: 1 (PR=0, perturbación=1)
Sin mejora. real=36 cost=25705.0000
Diversificando población...
Diversificaciones sin mejora: 3
Demasiadas diversificaciones sin mejora. Terminando.
========================Resultados========================
Índice de Transmisión aproximado (real): 36
Costo heurístico: 25705.0000
Carga total: 943
Numero de pares: 380
Tiempo de ejecución: 0.7461 segundos
