========================Parámetros========================
Archivo: C:\Users\luisj\source\repos\Optimizacion en Scatter Search para el Problema del Indice de Transmision\Optimizacion en Scatter Search para el Problema del Indice de Transmision\test_graphs\de_bruijn_graph\medium\de_bruijn_graph_medium_(8).txt
Nodos: 80 | Población: 20 | RefSet: 10 | Iteraciones: 10
Precomputando caminos...
Construyendo base balanceada genérica...
Base inicial: indice=262
Construyendo población...
Mejorando población inicial...
Construyendo RefSet...
Iteración 1: real=242 cost=4094612.0000

--- Iteración 1 ---
Median Population dist: 2886 | POP_DISTANCE_THRESHOLD: 115
Median RefSet dist: 2675 | MIN_PR_DISTANCE: 401
Hijos PR: 29 | Total (inc. perturbación): 29
Insertados en población: 29 (PR=29, perturbación=0)
Iter 1: Mejor real=226 cost=4073664.0000 [PR+Improve (PR dejó=242, improve bajó a 229) +deep=226]
  Cargas min (10): [58, 61, 64, 64, 71, 78, 84, 86, 87, 87]
  Cargas max (10): [226, 226, 225, 223, 223, 222, 221, 221, 220, 220]

--- Iteración 2 ---
Median Population dist: 1918 | POP_DISTANCE_THRESHOLD: 80
Median RefSet dist: 1953 | MIN_PR_DISTANCE: 293
Hijos PR: 25 | Total (inc. perturbación): 25
Insertados en población: 25 (PR=25, perturbación=0)
Iter 2: Mejor real=223 cost=4033651.0000 [PR+Improve (PR dejó=230, improve bajó a 225) +deep=223]
  Cargas min (10): [58, 62, 64, 64, 72, 80, 82, 86, 86, 90]
  Cargas max (10): [223, 223, 223, 220, 219, 218, 218, 218, 217, 217]

--- Iteración 3 ---
Median Population dist: 262 | POP_DISTANCE_THRESHOLD: 80
Median RefSet dist: 1811 | MIN_PR_DISTANCE: 271
Hijos PR: 19 | Total (inc. perturbación): 19
Insertados en población: 19 (PR=19, perturbación=0)
Iter 3: Mejor real=220 cost=4004992.0000 [PR+Improve (PR dejó=226, improve bajó a 223) +deep=220]
  Cargas min (10): [57, 60, 65, 68, 73, 80, 82, 87, 87, 90]
  Cargas max (10): [220, 219, 218, 218, 218, 218, 217, 215, 215, 215]

--- Iteración 4 ---
Median Population dist: 279 | POP_DISTANCE_THRESHOLD: 80
Median RefSet dist: 320 | MIN_PR_DISTANCE: 200
Hijos PR: 26 | Total (inc. perturbación): 26
Insertados en población: 26 (PR=26, perturbación=0)
Iter 4: Mejor real=218 cost=4013466.0000 [PR+Improve (PR dejó=222, improve bajó a 219) +deep=218]
  Cargas min (10): [58, 61, 64, 69, 70, 80, 82, 88, 89, 89]
  Cargas max (10): [218, 217, 216, 215, 215, 214, 214, 214, 214, 213]

--- Iteración 5 ---
Median Population dist: 269 | POP_DISTANCE_THRESHOLD: 80
Median RefSet dist: 294 | MIN_PR_DISTANCE: 200
Hijos PR: 27 | Total (inc. perturbación): 27
Insertados en población: 26 (PR=26, perturbación=0)
Iter 5: Mejor real=215 cost=3984978.0000 [PR+Improve (PR dejó=220, improve bajó a 216) +deep=215]
  Cargas min (10): [58, 61, 65, 68, 70, 80, 82, 89, 90, 91]
  Cargas max (10): [215, 215, 214, 214, 214, 213, 213, 212, 212, 212]

--- Iteración 6 ---
Median Population dist: 248 | POP_DISTANCE_THRESHOLD: 80
Median RefSet dist: 241 | MIN_PR_DISTANCE: 200
Hijos PR: 23 | Total (inc. perturbación): 23
Insertados en población: 23 (PR=23, perturbación=0)
Iter 6: Mejor real=215 cost=3969300.0000 [PR+Improve (PR dejó=218, improve bajó a 215)]
  Cargas min (10): [58, 62, 63, 66, 72, 78, 84, 89, 90, 91]
  Cargas max (10): [215, 214, 213, 213, 213, 213, 212, 211, 211, 211]

--- Iteración 7 ---
Median Population dist: 1468 | POP_DISTANCE_THRESHOLD: 80
Median RefSet dist: 242 | MIN_PR_DISTANCE: 200
Hijos PR: 21 | Total (inc. perturbación): 21
Insertados en población: 21 (PR=21, perturbación=0)
Iter 7: Mejor real=212 cost=3980181.0000 [PR puro (antes=213 -> después=212)]
  Cargas min (10): [58, 59, 67, 68, 70, 79, 83, 90, 90, 90]
  Cargas max (10): [212, 212, 212, 211, 211, 211, 211, 211, 210, 210]

--- Iteración 8 ---
Median Population dist: 231 | POP_DISTANCE_THRESHOLD: 80
Median RefSet dist: 215 | MIN_PR_DISTANCE: 200
Hijos PR: 20 | Total (inc. perturbación): 20
Insertados en población: 20 (PR=20, perturbación=0)
Iter 8: Mejor real=210 cost=3970078.0000 [PR+Improve (PR dejó=213, improve bajó a 210)]
  Cargas min (10): [58, 59, 65, 69, 72, 79, 83, 87, 87, 89]
  Cargas max (10): [210, 209, 209, 209, 209, 209, 209, 209, 209, 209]

--- Iteración 9 ---
Median Population dist: 224 | POP_DISTANCE_THRESHOLD: 80
Median RefSet dist: 212 | MIN_PR_DISTANCE: 200
Hijos PR: 18 | Total (inc. perturbación): 18
Insertados en población: 18 (PR=18, perturbación=0)
Iter 9: Mejor real=207 cost=3921847.0000 [PR+Improve (PR dejó=210, improve bajó a 208) +deep=207]
  Cargas min (10): [55, 61, 68, 74, 76, 78, 80, 84, 91, 92]
  Cargas max (10): [207, 206, 206, 206, 206, 206, 206, 206, 206, 206]

--- Iteración 10 ---
Median Population dist: 211 | POP_DISTANCE_THRESHOLD: 80
Median RefSet dist: 215 | MIN_PR_DISTANCE: 200
Hijos PR: 19 | Total (inc. perturbación): 19
Insertados en población: 19 (PR=19, perturbación=0)
Sin mejora. real=207 cost=3921847.0000
========================Resultados========================
Índice de Transmisión aproximado (real): 207
Costo heurístico: 3921847.0000
Carga total: 24085
Numero de pares: 6320
Tiempo de ejecución: 12.1325 segundos
