========================Parámetros========================
Archivo: C:\Users\luisj\source\repos\Optimizacion en Scatter Search para el Problema del Indice de Transmision\Optimizacion en Scatter Search para el Problema del Indice de Transmision\test_graphs\de_bruijn_graph\medium\de_bruijn_graph_medium_(9).txt
Nodos: 90 | Población: 20 | RefSet: 10 | Iteraciones: 10
Precomputando caminos...
Construyendo base balanceada genérica...
Base inicial: indice=262
Construyendo población...
Mejorando población inicial...
Construyendo RefSet...
Iteración 1: real=249 cost=6012165.0000

--- Iteración 1 ---
Median Population dist: 4007 | POP_DISTANCE_THRESHOLD: 160
Median RefSet dist: 3141 | MIN_PR_DISTANCE: 471
Hijos PR: 30 | Total (inc. perturbación): 30
Insertados en población: 30 (PR=30, perturbación=0)
Iter 1: Mejor real=236 cost=5981963.0000 [PR puro (antes=243 -> después=238) +deep=236]
  Cargas min (10): [73, 84, 89, 90, 92, 93, 95, 98, 98, 99]
  Cargas max (10): [236, 235, 234, 233, 233, 233, 233, 232, 232, 231]

--- Iteración 2 ---
Median Population dist: 1302 | POP_DISTANCE_THRESHOLD: 80
Median RefSet dist: 1281 | MIN_PR_DISTANCE: 200
Hijos PR: 26 | Total (inc. perturbación): 26
Insertados en población: 26 (PR=26, perturbación=0)
Iter 2: Mejor real=230 cost=5715475.0000 [PR puro (antes=235 -> después=233) +deep=230]
  Cargas min (10): [76, 83, 84, 84, 86, 87, 87, 90, 92, 95]
  Cargas max (10): [230, 230, 230, 230, 229, 229, 229, 229, 229, 229]

--- Iteración 3 ---
Median Population dist: 1193 | POP_DISTANCE_THRESHOLD: 80
Median RefSet dist: 767 | MIN_PR_DISTANCE: 200
Hijos PR: 25 | Total (inc. perturbación): 25
Insertados en población: 25 (PR=25, perturbación=0)
Sin mejora. real=230 cost=5715475.0000

--- Iteración 4 ---
Median Population dist: 305 | POP_DISTANCE_THRESHOLD: 80
Median RefSet dist: 1121 | MIN_PR_DISTANCE: 200
Hijos PR: 28 | Total (inc. perturbación): 28
Insertados en población: 28 (PR=28, perturbación=0)
Iter 4: Mejor real=224 cost=5683364.0000 [PR puro (antes=229 -> después=226) +deep=224]
  Cargas min (10): [76, 83, 85, 85, 85, 87, 89, 91, 93, 98]
  Cargas max (10): [224, 224, 224, 224, 223, 223, 223, 223, 223, 223]

--- Iteración 5 ---
Median Population dist: 377 | POP_DISTANCE_THRESHOLD: 80
Median RefSet dist: 1073 | MIN_PR_DISTANCE: 200
Hijos PR: 26 | Total (inc. perturbación): 26
Insertados en población: 26 (PR=26, perturbación=0)
Iter 5: Mejor real=222 cost=5673832.0000 [PR+Improve (PR dejó=226, improve bajó a 224) +deep=222]
  Cargas min (10): [75, 83, 85, 87, 87, 89, 91, 92, 94, 95]
  Cargas max (10): [222, 222, 222, 221, 221, 221, 221, 220, 220, 220]

--- Iteración 6 ---
Median Population dist: 248 | POP_DISTANCE_THRESHOLD: 80
Median RefSet dist: 234 | MIN_PR_DISTANCE: 200
Hijos PR: 20 | Total (inc. perturbación): 20
Insertados en población: 20 (PR=20, perturbación=0)
Iter 6: Mejor real=221 cost=5668700.0000 [PR+Improve (PR dejó=225, improve bajó a 222) +deep=221]
  Cargas min (10): [76, 81, 86, 87, 88, 89, 92, 92, 93, 96]
  Cargas max (10): [221, 220, 220, 220, 220, 220, 220, 220, 219, 219]

--- Iteración 7 ---
Median Population dist: 285 | POP_DISTANCE_THRESHOLD: 80
Median RefSet dist: 279 | MIN_PR_DISTANCE: 200
Hijos PR: 25 | Total (inc. perturbación): 25
Insertados en población: 25 (PR=25, perturbación=0)
Iter 7: Mejor real=221 cost=5663760.0000 [PR+Improve (PR dejó=223, improve bajó a 221)]
  Cargas min (10): [78, 83, 84, 87, 87, 89, 93, 94, 97, 97]
  Cargas max (10): [221, 220, 220, 220, 220, 220, 219, 219, 219, 219]

--- Iteración 8 ---
Median Population dist: 265 | POP_DISTANCE_THRESHOLD: 80
Median RefSet dist: 255 | MIN_PR_DISTANCE: 200
Hijos PR: 22 | Total (inc. perturbación): 22
Insertados en población: 22 (PR=22, perturbación=0)
Iter 8: Mejor real=220 cost=5661549.0000 [PR+Improve (PR dejó=223, improve bajó a 220)]
  Cargas min (10): [77, 84, 86, 87, 87, 89, 92, 93, 94, 97]
  Cargas max (10): [220, 219, 219, 219, 219, 219, 218, 218, 218, 218]

--- Iteración 9 ---
Median Population dist: 243 | POP_DISTANCE_THRESHOLD: 80
Median RefSet dist: 254 | MIN_PR_DISTANCE: 200
Hijos PR: 25 | Total (inc. perturbación): 25
Insertados en población: 25 (PR=25, perturbación=0)
Iter 9: Mejor real=219 cost=5661183.0000 [PR+Improve (PR dejó=220, improve bajó a 219)]
  Cargas min (10): [77, 82, 82, 86, 89, 90, 96, 96, 96, 96]
  Cargas max (10): [219, 218, 218, 218, 218, 217, 217, 217, 217, 217]

--- Iteración 10 ---
Median Population dist: 230 | POP_DISTANCE_THRESHOLD: 80
Median RefSet dist: 240 | MIN_PR_DISTANCE: 200
Hijos PR: 25 | Total (inc. perturbación): 25
Insertados en población: 25 (PR=25, perturbación=0)
Iter 10: Mejor real=218 cost=5654833.0000 [PR+Improve (PR dejó=221, improve bajó a 218)]
  Cargas min (10): [76, 81, 83, 88, 88, 89, 92, 95, 96, 97]
  Cargas max (10): [218, 218, 218, 218, 217, 217, 217, 217, 217, 217]
========================Resultados========================
Índice de Transmisión aproximado (real): 218
Costo heurístico: 5654833.0000
Carga total: 30833
Numero de pares: 8010
Tiempo de ejecución: 15.5395 segundos
