========================Parámetros========================
Archivo: C:\Users\luisj\source\repos\Optimizacion en Scatter Search para el Problema del Indice de Transmision\Optimizacion en Scatter Search para el Problema del Indice de Transmision\test_graphs\de_bruijn_graph\medium\de_bruijn_graph_medium_(6).txt
Nodos: 60 | Población: 20 | RefSet: 10 | Iteraciones: 10
Precomputando caminos...
Construyendo base balanceada genérica...
Base inicial: indice=169
Construyendo población...
Mejorando población inicial...
Construyendo RefSet...
Iteración 1: real=168 cost=1427506.0000

--- Iteración 1 ---
Median Population dist: 2076 | POP_DISTANCE_THRESHOLD: 83
Median RefSet dist: 2092 | MIN_PR_DISTANCE: 313
Hijos PR: 24 | Total (inc. perturbación): 24
Insertados en población: 24 (PR=24, perturbación=0)
Iter 1: Mejor real=153 cost=1445427.0000 [PR puro (antes=160 -> después=156) +deep=153]
  Cargas min (10): [46, 52, 55, 56, 56, 56, 57, 58, 59, 61]
  Cargas max (10): [153, 153, 153, 152, 150, 150, 150, 150, 149, 148]

--- Iteración 2 ---
Median Population dist: 1231 | POP_DISTANCE_THRESHOLD: 80
Median RefSet dist: 1220 | MIN_PR_DISTANCE: 200
Hijos PR: 23 | Total (inc. perturbación): 23
Insertados en población: 23 (PR=23, perturbación=0)
Iter 2: Mejor real=149 cost=1434148.0000 [PR+Improve (PR dejó=155, improve bajó a 150) +deep=149]
  Cargas min (10): [52, 55, 55, 56, 57, 57, 58, 60, 60, 60]
  Cargas max (10): [149, 149, 149, 148, 148, 148, 148, 148, 148, 147]

--- Iteración 3 ---
Median Population dist: 227 | POP_DISTANCE_THRESHOLD: 80
Median RefSet dist: 238 | MIN_PR_DISTANCE: 200
Hijos PR: 23 | Total (inc. perturbación): 23
Insertados en población: 23 (PR=23, perturbación=0)
Iter 3: Mejor real=146 cost=1433839.0000 [PR+Improve (PR dejó=152, improve bajó a 148) +deep=146]
  Cargas min (10): [48, 53, 57, 57, 57, 58, 59, 59, 59, 61]
  Cargas max (10): [146, 146, 146, 146, 146, 146, 145, 145, 145, 145]

--- Iteración 4 ---
Median Population dist: 238 | POP_DISTANCE_THRESHOLD: 80
Median RefSet dist: 259 | MIN_PR_DISTANCE: 200
Hijos PR: 24 | Total (inc. perturbación): 24
Insertados en población: 24 (PR=24, perturbación=0)
Iter 4: Mejor real=145 cost=1432008.0000 [PR+Improve (PR dejó=148, improve bajó a 145)]
  Cargas min (10): [49, 56, 57, 57, 58, 59, 59, 59, 59, 61]
  Cargas max (10): [145, 145, 144, 144, 144, 143, 143, 143, 143, 142]

--- Iteración 5 ---
Median Population dist: 220 | POP_DISTANCE_THRESHOLD: 80
Median RefSet dist: 220 | MIN_PR_DISTANCE: 200
Hijos PR: 21 | Total (inc. perturbación): 21
Insertados en población: 21 (PR=21, perturbación=0)
Iter 5: Mejor real=143 cost=1420606.0000 [PR+Improve (PR dejó=148, improve bajó a 144) +deep=143]
  Cargas min (10): [54, 54, 56, 57, 57, 61, 61, 61, 62, 63]
  Cargas max (10): [143, 142, 142, 142, 142, 142, 142, 141, 141, 141]

--- Iteración 6 ---
Median Population dist: 226 | POP_DISTANCE_THRESHOLD: 80
Median RefSet dist: 228 | MIN_PR_DISTANCE: 200
Hijos PR: 22 | Total (inc. perturbación): 22
Insertados en población: 22 (PR=22, perturbación=0)
Iter 6: Mejor real=142 cost=1412420.0000 [PR+Improve (PR dejó=144, improve bajó a 142)]
  Cargas min (10): [54, 56, 58, 58, 59, 60, 61, 62, 62, 62]
  Cargas max (10): [142, 142, 141, 141, 141, 141, 141, 141, 141, 140]

--- Iteración 7 ---
Median Population dist: 188 | POP_DISTANCE_THRESHOLD: 80
Median RefSet dist: 200 | MIN_PR_DISTANCE: 200
Hijos PR: 14 | Total (inc. perturbación): 14
Insertados en población: 14 (PR=14, perturbación=0)
Iter 7: Mejor real=141 cost=1411543.0000 [PR+Improve (PR dejó=143, improve bajó a 141)]
  Cargas min (10): [51, 56, 58, 59, 60, 60, 60, 60, 61, 61]
  Cargas max (10): [141, 141, 140, 140, 140, 140, 140, 140, 140, 140]

--- Iteración 8 ---
Median Population dist: 172 | POP_DISTANCE_THRESHOLD: 80
Median RefSet dist: 182 | MIN_PR_DISTANCE: 200
Hijos PR: 8 | Total (inc. perturbación): 8
Insertados en población: 8 (PR=8, perturbación=0)
Iter 8: Mejor real=140 cost=1414900.0000 [PR+Improve (PR dejó=142, improve bajó a 140)]
  Cargas min (10): [52, 53, 58, 58, 59, 60, 60, 62, 62, 63]
  Cargas max (10): [140, 139, 139, 139, 139, 139, 139, 139, 138, 138]

--- Iteración 9 ---
Median Population dist: 172 | POP_DISTANCE_THRESHOLD: 80
Median RefSet dist: 173 | MIN_PR_DISTANCE: 200
Hijos PR: 3 | Total (inc. perturbación): 3
Insertados en población: 3 (PR=3, perturbación=0)
Iter 9: Mejor real=139 cost=1410585.0000 [PR+Improve (PR dejó=141, improve bajó a 140) +deep=139]
  Cargas min (10): [55, 57, 57, 59, 59, 61, 62, 62, 63, 63]
  Cargas max (10): [139, 139, 139, 139, 139, 139, 139, 139, 139, 139]

--- Iteración 10 ---
Median Population dist: 175 | POP_DISTANCE_THRESHOLD: 80
Median RefSet dist: 168 | MIN_PR_DISTANCE: 200
Hijos PR: 1 | Total (inc. perturbación): 1
Insertados en población: 1 (PR=1, perturbación=0)
Sin mejora. real=139 cost=1410585.0000
========================Resultados========================
Índice de Transmisión aproximado (real): 139
Costo heurístico: 1410585.0000
Carga total: 12409
Numero de pares: 3540
Tiempo de ejecución: 6.4050 segundos
