========================Parámetros========================
Archivo: C:\Users\luisj\source\repos\Optimizacion en Scatter Search para el Problema del Indice de Transmision\Optimizacion en Scatter Search para el Problema del Indice de Transmision\test_graphs\de_bruijn_graph\medium\de_bruijn_graph_medium_(4).txt
Nodos: 40 | Población: 20 | RefSet: 10 | Iteraciones: 10
Precomputando caminos...
Construyendo base balanceada genérica...
Base inicial: indice=114
Construyendo población...
Mejorando población inicial...
Construyendo RefSet...
Iteración 1: real=114 cost=308346.0000

--- Iteración 1 ---
Median Population dist: 641 | POP_DISTANCE_THRESHOLD: 80
Median RefSet dist: 763 | MIN_PR_DISTANCE: 200
Hijos PR: 22 | Total (inc. perturbación): 22
Insertados en población: 22 (PR=22, perturbación=0)
Iter 1: Mejor real=98 cost=320306.0000 [PR puro (antes=108 -> después=102) +deep=98]
  Cargas min (10): [27, 33, 35, 38, 39, 40, 40, 40, 40, 43]
  Cargas max (10): [98, 98, 96, 96, 94, 94, 93, 85, 85, 83]

--- Iteración 2 ---
Median Population dist: 1069 | POP_DISTANCE_THRESHOLD: 80
Median RefSet dist: 786 | MIN_PR_DISTANCE: 200
Hijos PR: 25 | Total (inc. perturbación): 25
Insertados en población: 25 (PR=25, perturbación=0)
Iter 2: Mejor real=91 cost=316821.0000 [PR+Improve (PR dejó=100, improve bajó a 93) +deep=91]
  Cargas min (10): [32, 37, 38, 39, 40, 40, 40, 41, 42, 44]
  Cargas max (10): [91, 91, 90, 90, 88, 88, 87, 87, 87, 86]

--- Iteración 3 ---
Median Population dist: 192 | POP_DISTANCE_THRESHOLD: 80
Median RefSet dist: 952 | MIN_PR_DISTANCE: 200
Hijos PR: 21 | Total (inc. perturbación): 21
Insertados en población: 21 (PR=21, perturbación=0)
Iter 3: Mejor real=88 cost=315536.0000 [PR+Improve (PR dejó=94, improve bajó a 91) +deep=88]
  Cargas min (10): [32, 34, 38, 38, 39, 40, 40, 42, 43, 44]
  Cargas max (10): [88, 87, 87, 87, 87, 87, 86, 86, 85, 85]

--- Iteración 4 ---
Median Population dist: 166 | POP_DISTANCE_THRESHOLD: 80
Median RefSet dist: 164 | MIN_PR_DISTANCE: 200
Hijos PR: 4 | Total (inc. perturbación): 4
Insertados en población: 4 (PR=4, perturbación=0)
Sin mejora. real=88 cost=315536.0000

--- Iteración 5 ---
Median Population dist: 163 | POP_DISTANCE_THRESHOLD: 80
Median RefSet dist: 165 | MIN_PR_DISTANCE: 200
Hijos PR: 2 | Total (inc. perturbación): 2
Insertados en población: 2 (PR=2, perturbación=0)
Iter 5: Mejor real=87 cost=315139.0000 [PR+Improve (PR dejó=88, improve bajó a 88) +deep=87]
  Cargas min (10): [33, 35, 35, 39, 39, 40, 40, 41, 42, 43]
  Cargas max (10): [87, 87, 87, 87, 86, 86, 86, 85, 85, 84]

--- Iteración 6 ---
Median Population dist: 160 | POP_DISTANCE_THRESHOLD: 80
Median RefSet dist: 163 | MIN_PR_DISTANCE: 200
Hijos PR: 2 | Total (inc. perturbación): 2
Insertados en población: 2 (PR=2, perturbación=0)
Sin mejora. real=87 cost=315139.0000

--- Iteración 7 ---
Median Population dist: 156 | POP_DISTANCE_THRESHOLD: 80
Median RefSet dist: 166 | MIN_PR_DISTANCE: 200
Hijos PR: 1 | Total (inc. perturbación): 1
Insertados en población: 1 (PR=1, perturbación=0)
Sin mejora. real=87 cost=315139.0000

--- Iteración 8 ---
Median Population dist: 155 | POP_DISTANCE_THRESHOLD: 80
Median RefSet dist: 170 | MIN_PR_DISTANCE: 200
Estancamiento detectado, perturbación estratégica...
Perturbación: 100 pares modificados (de 647 conflictivos)
Hijos PR: 1 | Total (inc. perturbación): 2
Insertados en población: 2 (PR=1, perturbación=1)
Sin mejora. real=87 cost=315139.0000
Diversificando población...
Población convergida (ratio=0.099), reemplazando 50%
Diversificaciones sin mejora: 1

--- Iteración 9 ---
Median Population dist: 326 | POP_DISTANCE_THRESHOLD: 80
Median RefSet dist: 574 | MIN_PR_DISTANCE: 200
Hijos PR: 16 | Total (inc. perturbación): 16
Insertados en población: 16 (PR=16, perturbación=0)
Iter 9: Mejor real=87 cost=314463.0000 [PR+Improve (PR dejó=88, improve bajó a 87)]
  Cargas min (10): [34, 36, 36, 39, 39, 39, 41, 42, 42, 44]
  Cargas max (10): [87, 87, 87, 86, 86, 86, 85, 84, 84, 83]

--- Iteración 10 ---
Median Population dist: 159 | POP_DISTANCE_THRESHOLD: 80
Median RefSet dist: 152 | MIN_PR_DISTANCE: 200
Hijos PR: 4 | Total (inc. perturbación): 4
Insertados en población: 4 (PR=4, perturbación=0)
Iter 10: Mejor real=86 cost=319578.0000 [PR+Improve (PR dejó=88, improve bajó a 86)]
  Cargas min (10): [33, 36, 37, 38, 39, 39, 40, 40, 42, 42]
  Cargas max (10): [86, 86, 85, 85, 85, 85, 85, 85, 84, 84]
========================Resultados========================
Índice de Transmisión aproximado (real): 86
Costo heurístico: 319578.0000
Carga total: 4818
Numero de pares: 1560
Tiempo de ejecución: 3.2320 segundos
