========================Parámetros========================
Archivo: C:\Users\luisj\source\repos\Optimizacion en Scatter Search para el Problema del Indice de Transmision\Optimizacion en Scatter Search para el Problema del Indice de Transmision\test_graphs\de_bruijn_graph\medium\de_bruijn_graph_medium_(5).txt
Nodos: 50 | Población: 20 | RefSet: 10 | Iteraciones: 10
Precomputando caminos...
Construyendo base balanceada genérica...
Base inicial: indice=125
Construyendo población...
Mejorando población inicial...
Construyendo RefSet...
Iteración 1: real=120 cost=679872.0000

--- Iteración 1 ---
Median Population dist: 1484 | POP_DISTANCE_THRESHOLD: 80
Median RefSet dist: 1371 | MIN_PR_DISTANCE: 205
Hijos PR: 30 | Total (inc. perturbación): 30
Insertados en población: 30 (PR=30, perturbación=0)
Iter 1: Mejor real=106 cost=682793.0000 [PR puro (antes=118 -> después=109) +deep=106]
  Cargas min (10): [37, 38, 41, 42, 43, 43, 47, 51, 53, 54]
  Cargas max (10): [106, 106, 106, 106, 106, 106, 105, 104, 104, 104]

--- Iteración 2 ---
Median Population dist: 1156 | POP_DISTANCE_THRESHOLD: 80
Median RefSet dist: 1170 | MIN_PR_DISTANCE: 200
Hijos PR: 23 | Total (inc. perturbación): 23
Insertados en población: 23 (PR=23, perturbación=0)
Sin mejora. real=106 cost=682793.0000

--- Iteración 3 ---
Median Population dist: 215 | POP_DISTANCE_THRESHOLD: 80
Median RefSet dist: 243 | MIN_PR_DISTANCE: 200
Hijos PR: 24 | Total (inc. perturbación): 24
Insertados en población: 24 (PR=24, perturbación=0)
Iter 3: Mejor real=104 cost=678064.0000 [PR+Improve (PR dejó=108, improve bajó a 105) +deep=104]
  Cargas min (10): [41, 41, 43, 44, 44, 47, 49, 51, 51, 54]
  Cargas max (10): [104, 104, 104, 104, 104, 104, 104, 104, 103, 103]

--- Iteración 4 ---
Median Population dist: 178 | POP_DISTANCE_THRESHOLD: 80
Median RefSet dist: 183 | MIN_PR_DISTANCE: 200
Hijos PR: 14 | Total (inc. perturbación): 14
Insertados en población: 14 (PR=14, perturbación=0)
Iter 4: Mejor real=104 cost=676788.0000 [PR+Improve (PR dejó=105, improve bajó a 104)]
  Cargas min (10): [39, 41, 42, 43, 44, 44, 47, 52, 52, 53]
  Cargas max (10): [104, 103, 103, 103, 103, 103, 102, 102, 102, 101]

--- Iteración 5 ---
Median Population dist: 162 | POP_DISTANCE_THRESHOLD: 80
Median RefSet dist: 174 | MIN_PR_DISTANCE: 200
Hijos PR: 2 | Total (inc. perturbación): 2
Insertados en población: 2 (PR=2, perturbación=0)
Iter 5: Mejor real=103 cost=676423.0000 [PR+Improve (PR dejó=105, improve bajó a 104) +deep=103]
  Cargas min (10): [39, 41, 42, 43, 43, 45, 47, 51, 52, 53]
  Cargas max (10): [103, 103, 103, 103, 103, 103, 102, 102, 102, 101]

--- Iteración 6 ---
Median Population dist: 162 | POP_DISTANCE_THRESHOLD: 80
Median RefSet dist: 163 | MIN_PR_DISTANCE: 200
Hijos PR: 0 | Total (inc. perturbación): 0
Insertados en población: 0 (PR=0, perturbación=0)
Sin mejora. real=103 cost=676423.0000

--- Iteración 7 ---
Median Population dist: 157 | POP_DISTANCE_THRESHOLD: 80
Median RefSet dist: 157 | MIN_PR_DISTANCE: 200
Hijos PR: 0 | Total (inc. perturbación): 0
Insertados en población: 0 (PR=0, perturbación=0)
Sin mejora. real=103 cost=676423.0000

--- Iteración 8 ---
Median Population dist: 158 | POP_DISTANCE_THRESHOLD: 80
Median RefSet dist: 162 | MIN_PR_DISTANCE: 200
Estancamiento detectado, perturbación estratégica...
Perturbación: 100 pares modificados (de 961 conflictivos)
Hijos PR: 0 | Total (inc. perturbación): 1
Insertados en población: 1 (PR=0, perturbación=1)
Sin mejora. real=103 cost=676423.0000
Diversificando población...
Población convergida (ratio=0.065), reemplazando 50%
Diversificaciones sin mejora: 1

--- Iteración 9 ---
Median Population dist: 528 | POP_DISTANCE_THRESHOLD: 80
Median RefSet dist: 518 | MIN_PR_DISTANCE: 200
Hijos PR: 16 | Total (inc. perturbación): 16
Insertados en población: 16 (PR=16, perturbación=0)
Sin mejora. real=103 cost=676423.0000

--- Iteración 10 ---
Median Population dist: 189 | POP_DISTANCE_THRESHOLD: 80
Median RefSet dist: 200 | MIN_PR_DISTANCE: 200
Hijos PR: 18 | Total (inc. perturbación): 18
Insertados en población: 18 (PR=18, perturbación=0)
Iter 10: Mejor real=102 cost=674013.0000 [PR+Improve (PR dejó=104, improve bajó a 103) +deep=102]
  Cargas min (10): [41, 41, 43, 44, 48, 49, 49, 50, 52, 53]
  Cargas max (10): [102, 102, 101, 101, 101, 101, 101, 101, 101, 100]
========================Resultados========================
Índice de Transmisión aproximado (real): 102
Costo heurístico: 674013.0000
Carga total: 7905
Numero de pares: 2450
Tiempo de ejecución: 4.7231 segundos
