========================Parámetros========================
Archivo: C:\Users\luisj\source\repos\Optimizacion en Scatter Search para el Problema del Indice de Transmision\Optimizacion en Scatter Search para el Problema del Indice de Transmision\test_graphs\de_bruijn_graph\medium\de_bruijn_graph_medium_(3).txt
Nodos: 30 | Población: 20 | RefSet: 10 | Iteraciones: 10
Precomputando caminos...
Construyendo base balanceada genérica...
Base inicial: indice=71
Construyendo población...
Mejorando población inicial...
Construyendo RefSet...
Iteración 1: real=71 cost=114536.0000

--- Iteración 1 ---
Median Population dist: 231 | POP_DISTANCE_THRESHOLD: 80
Median RefSet dist: 240 | MIN_PR_DISTANCE: 200
Hijos PR: 30 | Total (inc. perturbación): 30
Insertados en población: 30 (PR=30, perturbación=0)
Iter 1: Mejor real=63 cost=117124.0000 [PR puro (antes=69 -> después=66) +deep=63]
  Cargas min (10): [15, 18, 20, 27, 28, 30, 31, 31, 31, 35]
  Cargas max (10): [63, 63, 63, 62, 62, 62, 62, 58, 56, 56]

--- Iteración 2 ---
Median Population dist: 263 | POP_DISTANCE_THRESHOLD: 80
Median RefSet dist: 245 | MIN_PR_DISTANCE: 200
Hijos PR: 21 | Total (inc. perturbación): 21
Insertados en población: 21 (PR=21, perturbación=0)
Iter 2: Mejor real=59 cost=116474.0000 [PR+Improve (PR dejó=67, improve bajó a 61) +deep=59]
  Cargas min (10): [15, 23, 24, 24, 27, 29, 31, 34, 34, 34]
  Cargas max (10): [59, 59, 59, 59, 59, 58, 58, 58, 57, 57]

--- Iteración 3 ---
Median Population dist: 180 | POP_DISTANCE_THRESHOLD: 80
Median RefSet dist: 632 | MIN_PR_DISTANCE: 200
Hijos PR: 20 | Total (inc. perturbación): 20
Insertados en población: 20 (PR=20, perturbación=0)
Sin mejora. real=59 cost=116474.0000

--- Iteración 4 ---
Median Population dist: 140 | POP_DISTANCE_THRESHOLD: 80
Median RefSet dist: 133 | MIN_PR_DISTANCE: 200
Hijos PR: 1 | Total (inc. perturbación): 1
Insertados en población: 1 (PR=1, perturbación=0)
Sin mejora. real=59 cost=116474.0000

--- Iteración 5 ---
Median Population dist: 135 | POP_DISTANCE_THRESHOLD: 80
Median RefSet dist: 140 | MIN_PR_DISTANCE: 200
Estancamiento detectado, perturbación estratégica...
Perturbación: 100 pares modificados (de 492 conflictivos)
Hijos PR: 0 | Total (inc. perturbación): 1
Insertados en población: 1 (PR=0, perturbación=1)
Sin mejora. real=59 cost=116474.0000
Diversificando población...
Diversificaciones sin mejora: 1

--- Iteración 6 ---
Median Population dist: 178 | POP_DISTANCE_THRESHOLD: 80
Median RefSet dist: 320 | MIN_PR_DISTANCE: 200
Hijos PR: 17 | Total (inc. perturbación): 17
Insertados en población: 17 (PR=17, perturbación=0)
Iter 6: Mejor real=59 cost=114462.0000 [PR+Improve (PR dejó=60, improve bajó a 59)]
  Cargas min (10): [17, 24, 26, 26, 28, 30, 32, 32, 32, 34]
  Cargas max (10): [59, 58, 58, 58, 58, 58, 58, 58, 57, 57]

--- Iteración 7 ---
Median Population dist: 151 | POP_DISTANCE_THRESHOLD: 80
Median RefSet dist: 148 | MIN_PR_DISTANCE: 200
Hijos PR: 0 | Total (inc. perturbación): 0
Insertados en población: 0 (PR=0, perturbación=0)
Iter 7: Mejor real=59 cost=114136.0000 [PR+Improve (PR dejó=60, improve bajó a 59)]
  Cargas min (10): [17, 24, 24, 25, 27, 30, 31, 31, 32, 33]
  Cargas max (10): [59, 59, 58, 58, 58, 58, 58, 58, 58, 58]

--- Iteración 8 ---
Median Population dist: 142 | POP_DISTANCE_THRESHOLD: 80
Median RefSet dist: 149 | MIN_PR_DISTANCE: 200
Hijos PR: 0 | Total (inc. perturbación): 0
Insertados en población: 0 (PR=0, perturbación=0)
Iter 8: Mejor real=59 cost=114015.0000 [PR+Improve (PR dejó=60, improve bajó a 59)]
  Cargas min (10): [17, 23, 25, 26, 27, 30, 30, 32, 33, 33]
  Cargas max (10): [59, 59, 58, 58, 58, 58, 58, 57, 57, 57]

--- Iteración 9 ---
Median Population dist: 137 | POP_DISTANCE_THRESHOLD: 80
Median RefSet dist: 153 | MIN_PR_DISTANCE: 200
Hijos PR: 0 | Total (inc. perturbación): 0
Insertados en población: 0 (PR=0, perturbación=0)
Iter 9: Mejor real=58 cost=114017.0000 [PR+Improve (PR dejó=60, improve bajó a 59) +deep=58]
  Cargas min (10): [17, 21, 26, 26, 26, 31, 32, 32, 32, 33]
  Cargas max (10): [58, 58, 58, 58, 58, 58, 58, 58, 58, 57]

--- Iteración 10 ---
Median Population dist: 135 | POP_DISTANCE_THRESHOLD: 80
Median RefSet dist: 149 | MIN_PR_DISTANCE: 200
Hijos PR: 0 | Total (inc. perturbación): 0
Insertados en población: 0 (PR=0, perturbación=0)
Sin mejora. real=58 cost=114017.0000
========================Resultados========================
Índice de Transmisión aproximado (real): 58
Costo heurístico: 114017.0000
Carga total: 2453
Numero de pares: 870
Tiempo de ejecución: 1.9387 segundos
