========================Parámetros========================
Archivo: C:\Users\luisj\source\repos\Optimizacion en Scatter Search para el Problema del Indice de Transmision\Optimizacion en Scatter Search para el Problema del Indice de Transmision\test_graphs\de_bruijn_graph\medium\de_bruijn_graph_medium_(3).txt
Nodos: 30 | Población: 20 | RefSet: 10 | Iteraciones: 10
Precomputando caminos...
Construyendo base balanceada genérica...
Base inicial: indice=71
Construyendo población...
Mejorando población inicial...
Construyendo RefSet...
Iteración 1: real=71 cost=114860.0000

--- Iteración 1 ---
Median Population dist: 224 | POP_DISTANCE_THRESHOLD: 80
Median RefSet dist: 232 | MIN_PR_DISTANCE: 200
Hijos PR: 30 | Total (inc. perturbación): 30
Insertados en población: 30 (PR=30, perturbación=0)
Iter 1: Mejor real=62 cost=116061.0000 [PR puro (antes=68 -> después=64) +deep=62]
  Cargas min (10): [16, 23, 24, 25, 28, 29, 29, 30, 31, 32]
  Cargas max (10): [62, 61, 60, 60, 59, 58, 58, 58, 57, 56]

--- Iteración 2 ---
Median Population dist: 727 | POP_DISTANCE_THRESHOLD: 80
Median RefSet dist: 255 | MIN_PR_DISTANCE: 200
Hijos PR: 26 | Total (inc. perturbación): 26
Insertados en población: 26 (PR=26, perturbación=0)
Iter 2: Mejor real=59 cost=116444.0000 [PR+Improve (PR dejó=64, improve bajó a 61) +deep=59]
  Cargas min (10): [18, 25, 27, 27, 28, 30, 30, 31, 33, 34]
  Cargas max (10): [59, 59, 59, 58, 58, 57, 57, 57, 57, 57]

--- Iteración 3 ---
Median Population dist: 143 | POP_DISTANCE_THRESHOLD: 80
Median RefSet dist: 138 | MIN_PR_DISTANCE: 200
Hijos PR: 0 | Total (inc. perturbación): 0
Insertados en población: 0 (PR=0, perturbación=0)
Sin mejora. real=59 cost=116444.0000

--- Iteración 4 ---
Median Population dist: 138 | POP_DISTANCE_THRESHOLD: 80
Median RefSet dist: 126 | MIN_PR_DISTANCE: 200
Hijos PR: 0 | Total (inc. perturbación): 0
Insertados en población: 0 (PR=0, perturbación=0)
Sin mejora. real=59 cost=116444.0000

--- Iteración 5 ---
Median Population dist: 141 | POP_DISTANCE_THRESHOLD: 80
Median RefSet dist: 138 | MIN_PR_DISTANCE: 200
Estancamiento detectado, perturbación estratégica...
Perturbación: 100 pares modificados (de 495 conflictivos)
Hijos PR: 1 | Total (inc. perturbación): 2
Insertados en población: 2 (PR=1, perturbación=1)
Iter 5: Mejor real=58 cost=114285.0000 [PR+Improve (PR dejó=59, improve bajó a 58)]
  Cargas min (10): [18, 25, 26, 28, 28, 29, 29, 33, 34, 35]
  Cargas max (10): [58, 58, 57, 57, 57, 57, 57, 57, 57, 57]

--- Iteración 6 ---
Median Population dist: 141 | POP_DISTANCE_THRESHOLD: 80
Median RefSet dist: 148 | MIN_PR_DISTANCE: 200
Hijos PR: 4 | Total (inc. perturbación): 4
Insertados en población: 4 (PR=4, perturbación=0)
Iter 6: Mejor real=58 cost=114024.0000 [PR+Improve (PR dejó=59, improve bajó a 58)]
  Cargas min (10): [18, 25, 25, 27, 28, 29, 29, 33, 34, 36]
  Cargas max (10): [58, 58, 58, 57, 57, 57, 57, 57, 57, 57]

--- Iteración 7 ---
Median Population dist: 136 | POP_DISTANCE_THRESHOLD: 80
Median RefSet dist: 150 | MIN_PR_DISTANCE: 200
Hijos PR: 3 | Total (inc. perturbación): 3
Insertados en población: 3 (PR=3, perturbación=0)
Sin mejora. real=58 cost=114024.0000

--- Iteración 8 ---
Median Population dist: 119 | POP_DISTANCE_THRESHOLD: 80
Median RefSet dist: 138 | MIN_PR_DISTANCE: 200
Hijos PR: 1 | Total (inc. perturbación): 1
Insertados en población: 1 (PR=1, perturbación=0)
Sin mejora. real=58 cost=114024.0000

--- Iteración 9 ---
Median Population dist: 115 | POP_DISTANCE_THRESHOLD: 80
Median RefSet dist: 125 | MIN_PR_DISTANCE: 200
Estancamiento detectado, perturbación estratégica...
Perturbación: 100 pares modificados (de 518 conflictivos)
Hijos PR: 1 | Total (inc. perturbación): 2
Insertados en población: 2 (PR=1, perturbación=1)
Sin mejora. real=58 cost=114024.0000
Diversificando población...
Población convergida (ratio=0.132), reemplazando 50%
Diversificaciones sin mejora: 1

--- Iteración 10 ---
Median Population dist: 315 | POP_DISTANCE_THRESHOLD: 80
Median RefSet dist: 171 | MIN_PR_DISTANCE: 200
Hijos PR: 4 | Total (inc. perturbación): 4
Insertados en población: 4 (PR=4, perturbación=0)
Sin mejora. real=58 cost=114024.0000
========================Resultados========================
Índice de Transmisión aproximado (real): 58
Costo heurístico: 114024.0000
Carga total: 2462
Numero de pares: 870
Tiempo de ejecución: 1.6740 segundos
