========================Parámetros========================
Archivo: C:\Users\luisj\source\repos\Optimizacion en Scatter Search para el Problema del Indice de Transmision\Optimizacion en Scatter Search para el Problema del Indice de Transmision\test_graphs\hypercube_graph\medium\hypercube_graph_medium_(2).txt
Nodos: 32 | Población: 20 | RefSet: 10 | Iteraciones: 10
Precomputando caminos...
Construyendo base balanceada genérica...
Base inicial: indice=46
Construyendo población...
Mejorando población inicial...
Construyendo RefSet...
Iteración 1: real=46 cost=84656.0000

--- Iteración 1 ---
Median Population dist: 135 | POP_DISTANCE_THRESHOLD: 80
Median RefSet dist: 140 | MIN_PR_DISTANCE: 200
Hijos PR: 7 | Total (inc. perturbación): 7
Insertados en población: 7 (PR=7, perturbación=0)
Iter 1: Mejor real=38 cost=84222.0000 [PR puro (antes=44 -> después=40) +deep=38]
  Cargas min (10): [7, 9, 16, 24, 25, 26, 26, 27, 27, 28]
  Cargas max (10): [38, 37, 37, 37, 37, 37, 37, 36, 36, 36]

--- Iteración 2 ---
Median Population dist: 145 | POP_DISTANCE_THRESHOLD: 80
Median RefSet dist: 144 | MIN_PR_DISTANCE: 200
Hijos PR: 12 | Total (inc. perturbación): 12
Insertados en población: 12 (PR=12, perturbación=0)
Sin mejora. real=38 cost=84222.0000

--- Iteración 3 ---
Median Population dist: 122 | POP_DISTANCE_THRESHOLD: 80
Median RefSet dist: 119 | MIN_PR_DISTANCE: 200
Hijos PR: 2 | Total (inc. perturbación): 2
Insertados en población: 2 (PR=2, perturbación=0)
Iter 3: Mejor real=36 cost=83262.0000 [PR+Improve (PR dejó=39, improve bajó a 37) +deep=36]
  Cargas min (10): [19, 21, 21, 22, 23, 25, 26, 26, 26, 27]
  Cargas max (10): [36, 36, 36, 36, 36, 36, 36, 36, 35, 35]

--- Iteración 4 ---
Median Population dist: 134 | POP_DISTANCE_THRESHOLD: 80
Median RefSet dist: 139 | MIN_PR_DISTANCE: 200
Hijos PR: 1 | Total (inc. perturbación): 1
Insertados en población: 1 (PR=1, perturbación=0)
Sin mejora. real=36 cost=83262.0000

--- Iteración 5 ---
Median Population dist: 129 | POP_DISTANCE_THRESHOLD: 80
Median RefSet dist: 143 | MIN_PR_DISTANCE: 200
Hijos PR: 0 | Total (inc. perturbación): 0
Insertados en población: 0 (PR=0, perturbación=0)
Sin mejora. real=36 cost=83262.0000

--- Iteración 6 ---
Median Population dist: 130 | POP_DISTANCE_THRESHOLD: 80
Median RefSet dist: 136 | MIN_PR_DISTANCE: 200
Estancamiento detectado, perturbación estratégica...
Perturbación: 100 pares modificados (de 265 conflictivos)
Hijos PR: 3 | Total (inc. perturbación): 4
Insertados en población: 4 (PR=3, perturbación=1)
Sin mejora. real=36 cost=83262.0000
Diversificando población...
Población convergida (ratio=0.131), reemplazando 50%
Diversificaciones sin mejora: 1

--- Iteración 7 ---
Median Population dist: 522 | POP_DISTANCE_THRESHOLD: 80
Median RefSet dist: 193 | MIN_PR_DISTANCE: 200
Hijos PR: 8 | Total (inc. perturbación): 8
Insertados en población: 8 (PR=8, perturbación=0)
Sin mejora. real=36 cost=83262.0000

--- Iteración 8 ---
Median Population dist: 189 | POP_DISTANCE_THRESHOLD: 80
Median RefSet dist: 217 | MIN_PR_DISTANCE: 200
Hijos PR: 15 | Total (inc. perturbación): 15
Insertados en población: 15 (PR=15, perturbación=0)
Iter 8: Mejor real=36 cost=82802.0000 [PR+Improve (PR dejó=37, improve bajó a 36)]
  Cargas min (10): [18, 20, 26, 27, 27, 28, 28, 28, 29, 29]
  Cargas max (10): [36, 35, 35, 35, 35, 35, 35, 35, 35, 35]

--- Iteración 9 ---
Median Population dist: 160 | POP_DISTANCE_THRESHOLD: 80
Median RefSet dist: 173 | MIN_PR_DISTANCE: 200
Hijos PR: 11 | Total (inc. perturbación): 11
Insertados en población: 11 (PR=11, perturbación=0)
Iter 9: Mejor real=36 cost=82606.0000 [PR+Improve (PR dejó=37, improve bajó a 36)]
  Cargas min (10): [18, 24, 24, 25, 25, 28, 28, 29, 29, 30]
  Cargas max (10): [36, 35, 35, 35, 35, 35, 35, 35, 35, 34]

--- Iteración 10 ---
Median Population dist: 157 | POP_DISTANCE_THRESHOLD: 80
Median RefSet dist: 170 | MIN_PR_DISTANCE: 200
Hijos PR: 6 | Total (inc. perturbación): 6
Insertados en población: 6 (PR=6, perturbación=0)
Iter 10: Mejor real=36 cost=82462.0000 [PR+Improve (PR dejó=37, improve bajó a 36)]
  Cargas min (10): [24, 25, 25, 27, 27, 28, 28, 29, 29, 29]
  Cargas max (10): [36, 36, 35, 35, 35, 35, 35, 35, 35, 35]
========================Resultados========================
Índice de Transmisión aproximado (real): 36
Costo heurístico: 82462.0000
Carga total: 2560
Numero de pares: 992
Tiempo de ejecución: 1.7406 segundos
