========================Parámetros========================
Archivo: C:\Users\luisj\source\repos\Optimizacion en Scatter Search para el Problema del Indice de Transmision\Optimizacion en Scatter Search para el Problema del Indice de Transmision\test_graphs\hypercube_graph\medium\hypercube_graph_medium_(2).txt
Nodos: 32 | Población: 20 | RefSet: 10 | Iteraciones: 10
Precomputando caminos...
Construyendo base balanceada genérica...
Base inicial: indice=44
Construyendo población...
Mejorando población inicial...
Construyendo RefSet...
Iteración 1: real=44 cost=84418.0000

--- Iteración 1 ---
Median Population dist: 127 | POP_DISTANCE_THRESHOLD: 80
Median RefSet dist: 132 | MIN_PR_DISTANCE: 200
Hijos PR: 5 | Total (inc. perturbación): 5
Insertados en población: 5 (PR=5, perturbación=0)
Iter 1: Mejor real=37 cost=84230.0000 [PR puro (antes=40 -> después=38) +deep=37]
  Cargas min (10): [11, 14, 18, 19, 19, 21, 21, 22, 22, 26]
  Cargas max (10): [37, 37, 37, 37, 36, 36, 36, 36, 36, 36]

--- Iteración 2 ---
Median Population dist: 141 | POP_DISTANCE_THRESHOLD: 80
Median RefSet dist: 133 | MIN_PR_DISTANCE: 200
Hijos PR: 12 | Total (inc. perturbación): 12
Insertados en población: 12 (PR=12, perturbación=0)
Sin mejora. real=37 cost=84230.0000

--- Iteración 3 ---
Median Population dist: 121 | POP_DISTANCE_THRESHOLD: 80
Median RefSet dist: 151 | MIN_PR_DISTANCE: 200
Hijos PR: 8 | Total (inc. perturbación): 8
Insertados en población: 8 (PR=8, perturbación=0)
Iter 3: Mejor real=36 cost=82500.0000 [PR+Improve (PR dejó=39, improve bajó a 37) +deep=36]
  Cargas min (10): [27, 27, 28, 29, 29, 29, 29, 29, 29, 29]
  Cargas max (10): [36, 35, 35, 35, 35, 35, 35, 35, 34, 34]

--- Iteración 4 ---
Median Population dist: 121 | POP_DISTANCE_THRESHOLD: 80
Median RefSet dist: 134 | MIN_PR_DISTANCE: 200
Hijos PR: 4 | Total (inc. perturbación): 4
Insertados en población: 4 (PR=4, perturbación=0)
Sin mejora. real=36 cost=82500.0000

--- Iteración 5 ---
Median Population dist: 122 | POP_DISTANCE_THRESHOLD: 80
Median RefSet dist: 126 | MIN_PR_DISTANCE: 200
Hijos PR: 0 | Total (inc. perturbación): 0
Insertados en población: 0 (PR=0, perturbación=0)
Sin mejora. real=36 cost=82500.0000

--- Iteración 6 ---
Median Population dist: 122 | POP_DISTANCE_THRESHOLD: 80
Median RefSet dist: 133 | MIN_PR_DISTANCE: 200
Estancamiento detectado, perturbación estratégica...
Perturbación: 100 pares modificados (de 318 conflictivos)
Hijos PR: 0 | Total (inc. perturbación): 1
Insertados en población: 1 (PR=0, perturbación=1)
Sin mejora. real=36 cost=82500.0000
Diversificando población...
Población convergida (ratio=0.123), reemplazando 50%
Diversificaciones sin mejora: 1

--- Iteración 7 ---
Median Population dist: 514 | POP_DISTANCE_THRESHOLD: 80
Median RefSet dist: 198 | MIN_PR_DISTANCE: 200
Hijos PR: 11 | Total (inc. perturbación): 11
Insertados en población: 11 (PR=11, perturbación=0)
Sin mejora. real=36 cost=82500.0000

--- Iteración 8 ---
Median Population dist: 159 | POP_DISTANCE_THRESHOLD: 80
Median RefSet dist: 171 | MIN_PR_DISTANCE: 200
Hijos PR: 11 | Total (inc. perturbación): 11
Insertados en población: 11 (PR=11, perturbación=0)
Iter 8: Mejor real=35 cost=82284.0000 [PR+Improve (PR dejó=36, improve bajó a 36) +deep=35]
  Cargas min (10): [24, 26, 27, 28, 28, 29, 29, 29, 30, 30]
  Cargas max (10): [35, 35, 35, 35, 35, 35, 35, 34, 34, 34]

--- Iteración 9 ---
Median Population dist: 143 | POP_DISTANCE_THRESHOLD: 80
Median RefSet dist: 150 | MIN_PR_DISTANCE: 200
Hijos PR: 1 | Total (inc. perturbación): 1
Insertados en población: 1 (PR=1, perturbación=0)
Sin mejora. real=35 cost=82284.0000

--- Iteración 10 ---
Median Population dist: 140 | POP_DISTANCE_THRESHOLD: 80
Median RefSet dist: 155 | MIN_PR_DISTANCE: 200
Hijos PR: 1 | Total (inc. perturbación): 1
Insertados en población: 1 (PR=1, perturbación=0)
Sin mejora. real=35 cost=82284.0000
========================Resultados========================
Índice de Transmisión aproximado (real): 35
Costo heurístico: 82284.0000
Carga total: 2560
Numero de pares: 992
Tiempo de ejecución: 1.6035 segundos
