========================Parámetros========================
Archivo: C:\Users\luisj\source\repos\Optimizacion en Scatter Search para el Problema del Indice de Transmision\Optimizacion en Scatter Search para el Problema del Indice de Transmision\test_graphs\hypercube_graph\medium\hypercube_graph_medium_(1).txt
Nodos: 16 | Población: 20 | RefSet: 10 | Iteraciones: 10
Precomputando caminos...
Construyendo base balanceada genérica...
Base inicial: indice=22
Construyendo población...
Mejorando población inicial...
Construyendo RefSet...
Iteración 1: real=20 cost=8374.0000

--- Iteración 1 ---
Median Population dist: 47 | POP_DISTANCE_THRESHOLD: 80
Median RefSet dist: 49 | MIN_PR_DISTANCE: 200
Hijos PR: 7 | Total (inc. perturbación): 7
Insertados en población: 7 (PR=7, perturbación=0)
Sin mejora. real=20 cost=8374.0000

--- Iteración 2 ---
Median Population dist: 93 | POP_DISTANCE_THRESHOLD: 80
Median RefSet dist: 132 | MIN_PR_DISTANCE: 200
Hijos PR: 4 | Total (inc. perturbación): 4
Insertados en población: 4 (PR=4, perturbación=0)
Sin mejora. real=20 cost=8374.0000

--- Iteración 3 ---
Median Population dist: 93 | POP_DISTANCE_THRESHOLD: 80
Median RefSet dist: 110 | MIN_PR_DISTANCE: 200
Estancamiento detectado, perturbación estratégica...
Perturbación: 100 pares modificados (de 130 conflictivos)
Hijos PR: 3 | Total (inc. perturbación): 4
Insertados en población: 4 (PR=3, perturbación=1)
Sin mejora. real=20 cost=8374.0000
Diversificando población...
Diversificaciones sin mejora: 1

--- Iteración 4 ---
Median Population dist: 77 | POP_DISTANCE_THRESHOLD: 80
Median RefSet dist: 91 | MIN_PR_DISTANCE: 200
Hijos PR: 0 | Total (inc. perturbación): 0
Insertados en población: 0 (PR=0, perturbación=0)
Sin mejora. real=20 cost=8374.0000

--- Iteración 5 ---
Median Population dist: 74 | POP_DISTANCE_THRESHOLD: 80
Median RefSet dist: 92 | MIN_PR_DISTANCE: 200
Hijos PR: 0 | Total (inc. perturbación): 0
Insertados en población: 0 (PR=0, perturbación=0)
Sin mejora. real=20 cost=8374.0000

--- Iteración 6 ---
Median Population dist: 77 | POP_DISTANCE_THRESHOLD: 80
Median RefSet dist: 89 | MIN_PR_DISTANCE: 200
Hijos PR: 0 | Total (inc. perturbación): 0
Insertados en población: 0 (PR=0, perturbación=0)
Sin mejora. real=20 cost=8374.0000
Diversificando población...
Diversificaciones sin mejora: 2

--- Iteración 7 ---
Median Population dist: 76 | POP_DISTANCE_THRESHOLD: 80
Median RefSet dist: 87 | MIN_PR_DISTANCE: 200
Hijos PR: 0 | Total (inc. perturbación): 0
Insertados en población: 0 (PR=0, perturbación=0)
Sin mejora. real=20 cost=8374.0000

--- Iteración 8 ---
Median Population dist: 78 | POP_DISTANCE_THRESHOLD: 80
Median RefSet dist: 92 | MIN_PR_DISTANCE: 200
Hijos PR: 0 | Total (inc. perturbación): 0
Insertados en población: 0 (PR=0, perturbación=0)
Sin mejora. real=20 cost=8374.0000

--- Iteración 9 ---
Median Population dist: 81 | POP_DISTANCE_THRESHOLD: 80
Median RefSet dist: 89 | MIN_PR_DISTANCE: 200
Estancamiento detectado, perturbación estratégica...
Perturbación: 100 pares modificados (de 130 conflictivos)
Hijos PR: 0 | Total (inc. perturbación): 1
Insertados en población: 1 (PR=0, perturbación=1)
Sin mejora. real=20 cost=8374.0000
Diversificando población...
Diversificaciones sin mejora: 3
Demasiadas diversificaciones sin mejora. Terminando.
========================Resultados========================
Índice de Transmisión aproximado (real): 20
Costo heurístico: 8374.0000
Carga total: 512
Numero de pares: 240
Tiempo de ejecución: 0.4049 segundos
