========================Parámetros========================
Archivo: C:\Users\luisj\source\repos\Optimizacion en Scatter Search para el Problema del Indice de Transmision\Optimizacion en Scatter Search para el Problema del Indice de Transmision\test_graphs\hypercube_graph\small\hypercube_graph_small_(3).txt
Nodos: 8 | Población: 10 | RefSet: 5 | Iteraciones: 15
Precomputando caminos...
Construyendo base balanceada genérica...
Base inicial: indice=11
Construyendo población...
Mejorando población inicial...
Construyendo RefSet...
Iteración 1: real=9 cost=774.0000

--- Iteración 1 ---
Median Population dist: 22 | POP_DISTANCE_THRESHOLD: 80
Median RefSet dist: 26 | MIN_PR_DISTANCE: 200
Hijos PR: 0 | Total (inc. perturbación): 0
Insertados en población: 0 (PR=0, perturbación=0)
Sin mejora. real=9 cost=774.0000

--- Iteración 2 ---
Median Population dist: 22 | POP_DISTANCE_THRESHOLD: 80
Median RefSet dist: 26 | MIN_PR_DISTANCE: 200
Hijos PR: 0 | Total (inc. perturbación): 0
Insertados en población: 0 (PR=0, perturbación=0)
Sin mejora. real=9 cost=774.0000

--- Iteración 3 ---
Median Population dist: 22 | POP_DISTANCE_THRESHOLD: 80
Median RefSet dist: 26 | MIN_PR_DISTANCE: 200
Hijos PR: 0 | Total (inc. perturbación): 0
Insertados en población: 0 (PR=0, perturbación=0)
Sin mejora. real=9 cost=774.0000

--- Iteración 4 ---
Median Population dist: 22 | POP_DISTANCE_THRESHOLD: 80
Median RefSet dist: 26 | MIN_PR_DISTANCE: 200
Estancamiento detectado, perturbación estratégica...
Perturbación: 52 pares modificados (de 52 conflictivos)
Hijos PR: 0 | Total (inc. perturbación): 1
Insertados en población: 0 (PR=0, perturbación=0)
Sin mejora. real=9 cost=774.0000

--- Iteración 5 ---
Median Population dist: 22 | POP_DISTANCE_THRESHOLD: 80
Median RefSet dist: 26 | MIN_PR_DISTANCE: 200
Hijos PR: 0 | Total (inc. perturbación): 0
Insertados en población: 0 (PR=0, perturbación=0)
Sin mejora. real=9 cost=774.0000
Diversificando población...
Diversificaciones sin mejora: 1

--- Iteración 6 ---
Median Population dist: 23 | POP_DISTANCE_THRESHOLD: 80
Median RefSet dist: 24 | MIN_PR_DISTANCE: 200
Hijos PR: 0 | Total (inc. perturbación): 0
Insertados en población: 0 (PR=0, perturbación=0)
Sin mejora. real=9 cost=774.0000

--- Iteración 7 ---
Median Population dist: 23 | POP_DISTANCE_THRESHOLD: 80
Median RefSet dist: 24 | MIN_PR_DISTANCE: 200
Hijos PR: 0 | Total (inc. perturbación): 0
Insertados en población: 0 (PR=0, perturbación=0)
Sin mejora. real=9 cost=774.0000

--- Iteración 8 ---
Median Population dist: 23 | POP_DISTANCE_THRESHOLD: 80
Median RefSet dist: 24 | MIN_PR_DISTANCE: 200
Hijos PR: 0 | Total (inc. perturbación): 0
Insertados en población: 0 (PR=0, perturbación=0)
Sin mejora. real=9 cost=774.0000

--- Iteración 9 ---
Median Population dist: 23 | POP_DISTANCE_THRESHOLD: 80
Median RefSet dist: 24 | MIN_PR_DISTANCE: 200
Estancamiento detectado, perturbación estratégica...
Perturbación: 52 pares modificados (de 52 conflictivos)
Hijos PR: 0 | Total (inc. perturbación): 1
Insertados en población: 0 (PR=0, perturbación=0)
Sin mejora. real=9 cost=774.0000

--- Iteración 10 ---
Median Population dist: 23 | POP_DISTANCE_THRESHOLD: 80
Median RefSet dist: 24 | MIN_PR_DISTANCE: 200
Hijos PR: 0 | Total (inc. perturbación): 0
Insertados en población: 0 (PR=0, perturbación=0)
Sin mejora. real=9 cost=774.0000
Diversificando población...
Diversificaciones sin mejora: 2

--- Iteración 11 ---
Median Population dist: 23 | POP_DISTANCE_THRESHOLD: 80
Median RefSet dist: 22 | MIN_PR_DISTANCE: 200
Hijos PR: 0 | Total (inc. perturbación): 0
Insertados en población: 0 (PR=0, perturbación=0)
Sin mejora. real=9 cost=774.0000

--- Iteración 12 ---
Median Population dist: 23 | POP_DISTANCE_THRESHOLD: 80
Median RefSet dist: 23 | MIN_PR_DISTANCE: 200
Hijos PR: 0 | Total (inc. perturbación): 0
Insertados en población: 0 (PR=0, perturbación=0)
Sin mejora. real=9 cost=774.0000

--- Iteración 13 ---
Median Population dist: 23 | POP_DISTANCE_THRESHOLD: 80
Median RefSet dist: 22 | MIN_PR_DISTANCE: 200
Hijos PR: 0 | Total (inc. perturbación): 0
Insertados en población: 0 (PR=0, perturbación=0)
Sin mejora. real=9 cost=774.0000

--- Iteración 14 ---
Median Population dist: 23 | POP_DISTANCE_THRESHOLD: 80
Median RefSet dist: 22 | MIN_PR_DISTANCE: 200
Estancamiento detectado, perturbación estratégica...
Perturbación: 52 pares modificados (de 52 conflictivos)
Hijos PR: 0 | Total (inc. perturbación): 1
Insertados en población: 0 (PR=0, perturbación=0)
Sin mejora. real=9 cost=774.0000

--- Iteración 15 ---
Median Population dist: 23 | POP_DISTANCE_THRESHOLD: 80
Median RefSet dist: 22 | MIN_PR_DISTANCE: 200
Hijos PR: 0 | Total (inc. perturbación): 0
Insertados en población: 0 (PR=0, perturbación=0)
Sin mejora. real=9 cost=774.0000
Diversificando población...
Diversificaciones sin mejora: 3
Demasiadas diversificaciones sin mejora. Terminando.
========================Resultados========================
Índice de Transmisión aproximado (real): 9
Costo heurístico: 774.0000
Carga total: 96
Numero de pares: 56
Tiempo de ejecución: 0.0395 segundos
