========================Parámetros========================
Archivo: C:\Users\luisj\source\repos\Optimizacion en Scatter Search para el Problema del Indice de Transmision\Optimizacion en Scatter Search para el Problema del Indice de Transmision\test_graphs\hypercube_graph\medium\hypercube_graph_medium_(2).txt
Nodos: 32 | Población: 20 | RefSet: 10 | Iteraciones: 10
Precomputando caminos...
Construyendo base balanceada genérica...
Base inicial: indice=46
Construyendo población...
Mejorando población inicial...
Construyendo RefSet...
Iteración 1: real=46 cost=84876.0000

--- Iteración 1 ---
Median Population dist: 132 | POP_DISTANCE_THRESHOLD: 80
Median RefSet dist: 136 | MIN_PR_DISTANCE: 200
Hijos PR: 5 | Total (inc. perturbación): 5
Insertados en población: 5 (PR=5, perturbación=0)
Iter 1: Mejor real=37 cost=84020.0000 [PR puro (antes=42 -> después=38) +deep=37]
  Cargas min (10): [15, 16, 18, 19, 22, 22, 22, 23, 27, 28]
  Cargas max (10): [37, 37, 37, 37, 36, 36, 36, 36, 36, 36]

--- Iteración 2 ---
Median Population dist: 139 | POP_DISTANCE_THRESHOLD: 80
Median RefSet dist: 135 | MIN_PR_DISTANCE: 200
Hijos PR: 11 | Total (inc. perturbación): 11
Insertados en población: 11 (PR=11, perturbación=0)
Sin mejora. real=37 cost=84020.0000

--- Iteración 3 ---
Median Population dist: 98 | POP_DISTANCE_THRESHOLD: 80
Median RefSet dist: 166 | MIN_PR_DISTANCE: 200
Hijos PR: 11 | Total (inc. perturbación): 11
Insertados en población: 11 (PR=11, perturbación=0)
Sin mejora. real=37 cost=84020.0000

--- Iteración 4 ---
Median Population dist: 121 | POP_DISTANCE_THRESHOLD: 80
Median RefSet dist: 138 | MIN_PR_DISTANCE: 200
Estancamiento detectado, perturbación estratégica...
Perturbación: 100 pares modificados (de 299 conflictivos)
Hijos PR: 3 | Total (inc. perturbación): 4
Insertados en población: 4 (PR=3, perturbación=1)
Iter 4: Mejor real=36 cost=83284.0000 [PR+Improve (PR dejó=40, improve bajó a 37) +deep=36]
  Cargas min (10): [16, 17, 18, 20, 25, 26, 26, 27, 28, 28]
  Cargas max (10): [36, 36, 36, 36, 36, 36, 35, 35, 35, 35]

--- Iteración 5 ---
Median Population dist: 153 | POP_DISTANCE_THRESHOLD: 80
Median RefSet dist: 163 | MIN_PR_DISTANCE: 200
Hijos PR: 8 | Total (inc. perturbación): 8
Insertados en población: 8 (PR=8, perturbación=0)
Iter 5: Mejor real=36 cost=83050.0000 [PR+Improve (PR dejó=38, improve bajó a 36)]
  Cargas min (10): [17, 18, 19, 21, 21, 27, 29, 30, 30, 30]
  Cargas max (10): [36, 36, 36, 35, 35, 35, 35, 35, 35, 35]

--- Iteración 6 ---
Median Population dist: 149 | POP_DISTANCE_THRESHOLD: 80
Median RefSet dist: 153 | MIN_PR_DISTANCE: 200
Hijos PR: 1 | Total (inc. perturbación): 1
Insertados en población: 1 (PR=1, perturbación=0)
Sin mejora. real=36 cost=83050.0000

--- Iteración 7 ---
Median Population dist: 151 | POP_DISTANCE_THRESHOLD: 80
Median RefSet dist: 157 | MIN_PR_DISTANCE: 200
Hijos PR: 2 | Total (inc. perturbación): 2
Insertados en población: 2 (PR=2, perturbación=0)
Sin mejora. real=36 cost=83050.0000

--- Iteración 8 ---
Median Population dist: 154 | POP_DISTANCE_THRESHOLD: 80
Median RefSet dist: 166 | MIN_PR_DISTANCE: 200
Estancamiento detectado, perturbación estratégica...
Perturbación: 100 pares modificados (de 263 conflictivos)
Hijos PR: 2 | Total (inc. perturbación): 3
Insertados en población: 2 (PR=1, perturbación=1)
Sin mejora. real=36 cost=83050.0000
Diversificando población...
Diversificaciones sin mejora: 1

--- Iteración 9 ---
Median Population dist: 185 | POP_DISTANCE_THRESHOLD: 80
Median RefSet dist: 524 | MIN_PR_DISTANCE: 200
Hijos PR: 20 | Total (inc. perturbación): 20
Insertados en población: 20 (PR=20, perturbación=0)
Sin mejora. real=36 cost=83050.0000

--- Iteración 10 ---
Median Population dist: 160 | POP_DISTANCE_THRESHOLD: 80
Median RefSet dist: 162 | MIN_PR_DISTANCE: 200
Hijos PR: 7 | Total (inc. perturbación): 7
Insertados en población: 7 (PR=7, perturbación=0)
Sin mejora. real=36 cost=83050.0000
========================Resultados========================
Índice de Transmisión aproximado (real): 36
Costo heurístico: 83050.0000
Carga total: 2560
Numero de pares: 992
Tiempo de ejecución: 2.1137 segundos
