========================Parámetros========================
Archivo: C:\Users\luisj\source\repos\Optimizacion en Scatter Search para el Problema del Indice de Transmision\Optimizacion en Scatter Search para el Problema del Indice de Transmision\test_graphs\hypercube_graph\medium\hypercube_graph_medium_(1).txt
Nodos: 16 | Población: 20 | RefSet: 10 | Iteraciones: 10
Precomputando caminos...
Construyendo base balanceada genérica...
Base inicial: indice=21
Construyendo población...
Mejorando población inicial...
Construyendo RefSet...
Iteración 1: real=21 cost=8486.0000

--- Iteración 1 ---
Median Population dist: 48 | POP_DISTANCE_THRESHOLD: 80
Median RefSet dist: 48 | MIN_PR_DISTANCE: 200
Hijos PR: 7 | Total (inc. perturbación): 7
Insertados en población: 7 (PR=7, perturbación=0)
Iter 1: Mejor real=20 cost=8470.0000 [PR+Improve (PR dejó=21, improve bajó a 20)]
  Cargas min (10): [10, 11, 11, 11, 14, 14, 14, 15, 15, 15]
  Cargas max (10): [20, 19, 19, 19, 19, 19, 18, 18, 18, 18]

--- Iteración 2 ---
Median Population dist: 99 | POP_DISTANCE_THRESHOLD: 80
Median RefSet dist: 129 | MIN_PR_DISTANCE: 200
Hijos PR: 4 | Total (inc. perturbación): 4
Insertados en población: 4 (PR=4, perturbación=0)
Sin mejora. real=20 cost=8470.0000

--- Iteración 3 ---
Median Population dist: 96 | POP_DISTANCE_THRESHOLD: 80
Median RefSet dist: 95 | MIN_PR_DISTANCE: 200
Hijos PR: 2 | Total (inc. perturbación): 2
Insertados en población: 2 (PR=2, perturbación=0)
Sin mejora. real=20 cost=8470.0000

--- Iteración 4 ---
Median Population dist: 79 | POP_DISTANCE_THRESHOLD: 80
Median RefSet dist: 130 | MIN_PR_DISTANCE: 200
Estancamiento detectado, perturbación estratégica...
Perturbación: 100 pares modificados (de 124 conflictivos)
Hijos PR: 2 | Total (inc. perturbación): 3
Insertados en población: 3 (PR=2, perturbación=1)
Sin mejora. real=20 cost=8470.0000
Diversificando población...
Diversificaciones sin mejora: 1

--- Iteración 5 ---
Median Population dist: 84 | POP_DISTANCE_THRESHOLD: 80
Median RefSet dist: 96 | MIN_PR_DISTANCE: 200
Hijos PR: 0 | Total (inc. perturbación): 0
Insertados en población: 0 (PR=0, perturbación=0)
Sin mejora. real=20 cost=8470.0000

--- Iteración 6 ---
Median Population dist: 90 | POP_DISTANCE_THRESHOLD: 80
Median RefSet dist: 96 | MIN_PR_DISTANCE: 200
Hijos PR: 0 | Total (inc. perturbación): 0
Insertados en población: 0 (PR=0, perturbación=0)
Sin mejora. real=20 cost=8470.0000

--- Iteración 7 ---
Median Population dist: 92 | POP_DISTANCE_THRESHOLD: 80
Median RefSet dist: 97 | MIN_PR_DISTANCE: 200
Hijos PR: 0 | Total (inc. perturbación): 0
Insertados en población: 0 (PR=0, perturbación=0)
Sin mejora. real=20 cost=8470.0000
Diversificando población...
Diversificaciones sin mejora: 2

--- Iteración 8 ---
Median Population dist: 90 | POP_DISTANCE_THRESHOLD: 80
Median RefSet dist: 92 | MIN_PR_DISTANCE: 200
Hijos PR: 0 | Total (inc. perturbación): 0
Insertados en población: 0 (PR=0, perturbación=0)
Sin mejora. real=20 cost=8470.0000

--- Iteración 9 ---
Median Population dist: 90 | POP_DISTANCE_THRESHOLD: 80
Median RefSet dist: 95 | MIN_PR_DISTANCE: 200
Hijos PR: 0 | Total (inc. perturbación): 0
Insertados en población: 0 (PR=0, perturbación=0)
Sin mejora. real=20 cost=8470.0000

--- Iteración 10 ---
Median Population dist: 88 | POP_DISTANCE_THRESHOLD: 80
Median RefSet dist: 92 | MIN_PR_DISTANCE: 200
Estancamiento detectado, perturbación estratégica...
Perturbación: 100 pares modificados (de 124 conflictivos)
Hijos PR: 0 | Total (inc. perturbación): 1
Insertados en población: 1 (PR=0, perturbación=1)
Sin mejora. real=20 cost=8470.0000
Diversificando población...
Diversificaciones sin mejora: 3
Demasiadas diversificaciones sin mejora. Terminando.
========================Resultados========================
Índice de Transmisión aproximado (real): 20
Costo heurístico: 8470.0000
Carga total: 514
Numero de pares: 240
Tiempo de ejecución: 0.4335 segundos
