========================Parámetros========================
Archivo: C:\Users\luisj\source\repos\Optimizacion en Scatter Search para el Problema del Indice de Transmision\Optimizacion en Scatter Search para el Problema del Indice de Transmision\test_graphs\star_graph\large\star_graph_large_(6).txt
Nodos: 600 | Población: 30 | RefSet: 15 | Iteraciones: 5
Precomputando caminos...
Construyendo base balanceada genérica...
Base inicial: indice=1198
Construyendo población...
Mejorando población inicial...
Construyendo RefSet...
Iteración 1: real=1198 cost=859687196.0000

--- Iteración 1 ---
Median Population dist: 0 | POP_DISTANCE_THRESHOLD: 80
Median RefSet dist: 0 | MIN_PR_DISTANCE: 200
Hijos PR: 0 | Total (inc. perturbación): 0
Insertados en población: 0 (PR=0, perturbación=0)
Sin mejora. real=1198 cost=859687196.0000

--- Iteración 2 ---
Median Population dist: 0 | POP_DISTANCE_THRESHOLD: 80
Median RefSet dist: 0 | MIN_PR_DISTANCE: 200
Hijos PR: 0 | Total (inc. perturbación): 0
Insertados en población: 0 (PR=0, perturbación=0)
Sin mejora. real=1198 cost=859687196.0000

--- Iteración 3 ---
Median Population dist: 0 | POP_DISTANCE_THRESHOLD: 80
Median RefSet dist: 0 | MIN_PR_DISTANCE: 200
Estancamiento detectado, perturbación estratégica...
Perturbación: 0 pares modificados (de 11890 conflictivos)
Hijos PR: 0 | Total (inc. perturbación): 1
Insertados en población: 0 (PR=0, perturbación=0)
Sin mejora. real=1198 cost=859687196.0000
Diversificando población...
Población convergida (ratio=0.000), reemplazando 50%
Diversificaciones sin mejora: 1

--- Iteración 4 ---
Median Population dist: 0 | POP_DISTANCE_THRESHOLD: 80
Median RefSet dist: 0 | MIN_PR_DISTANCE: 200
Hijos PR: 0 | Total (inc. perturbación): 0
Insertados en población: 0 (PR=0, perturbación=0)
Sin mejora. real=1198 cost=859687196.0000

--- Iteración 5 ---
Median Population dist: 0 | POP_DISTANCE_THRESHOLD: 80
Median RefSet dist: 0 | MIN_PR_DISTANCE: 200
Hijos PR: 0 | Total (inc. perturbación): 0
Insertados en población: 0 (PR=0, perturbación=0)
Sin mejora. real=1198 cost=859687196.0000
========================Resultados========================
Índice de Transmisión aproximado (real): 1198
Costo heurístico: 859687196.0000
Carga total: 717602
Numero de pares: 359400
Tiempo de ejecución: 349.8519 segundos
