========================Parámetros========================
Archivo: C:\Users\luisj\source\repos\Optimizacion en Scatter Search para el Problema del Indice de Transmision\Optimizacion en Scatter Search para el Problema del Indice de Transmision\test_graphs\wheel_graph\medium\wheel_graph_medium_(4).txt
Nodos: 40 | Población: 20 | RefSet: 10 | Iteraciones: 10
Precomputando caminos...
Construyendo base balanceada genérica...
Base inicial: indice=71
Construyendo población...
Mejorando población inicial...
Construyendo RefSet...
Iteración 1: real=71 cost=192764.0000

--- Iteración 1 ---
Median Population dist: 879 | POP_DISTANCE_THRESHOLD: 80
Median RefSet dist: 950 | MIN_PR_DISTANCE: 200
Hijos PR: 28 | Total (inc. perturbación): 28
Insertados en población: 28 (PR=28, perturbación=0)
Sin mejora. real=71 cost=192764.0000

--- Iteración 2 ---
Median Population dist: 917 | POP_DISTANCE_THRESHOLD: 80
Median RefSet dist: 916 | MIN_PR_DISTANCE: 200
Hijos PR: 23 | Total (inc. perturbación): 23
Insertados en población: 23 (PR=23, perturbación=0)
Sin mejora. real=71 cost=192764.0000

--- Iteración 3 ---
Median Population dist: 912 | POP_DISTANCE_THRESHOLD: 80
Median RefSet dist: 881 | MIN_PR_DISTANCE: 200
Estancamiento detectado, perturbación estratégica...
Perturbación: 100 pares modificados (de 645 conflictivos)
Hijos PR: 26 | Total (inc. perturbación): 27
Insertados en población: 27 (PR=26, perturbación=1)
Sin mejora. real=71 cost=192764.0000
Diversificando población...
Diversificaciones sin mejora: 1

--- Iteración 4 ---
Median Population dist: 116 | POP_DISTANCE_THRESHOLD: 80
Median RefSet dist: 298 | MIN_PR_DISTANCE: 200
Hijos PR: 22 | Total (inc. perturbación): 22
Insertados en población: 22 (PR=22, perturbación=0)
Iter 4: Mejor real=71 cost=191653.0000 [PR+Improve (PR dejó=72, improve bajó a 71)]
  Cargas min (10): [6, 6, 6, 6, 6, 6, 6, 6, 6, 6]
  Cargas max (10): [71, 71, 71, 70, 70, 70, 70, 70, 70, 70]

--- Iteración 5 ---
Median Population dist: 85 | POP_DISTANCE_THRESHOLD: 80
Median RefSet dist: 99 | MIN_PR_DISTANCE: 200
Hijos PR: 0 | Total (inc. perturbación): 0
Insertados en población: 0 (PR=0, perturbación=0)
Sin mejora. real=71 cost=191653.0000

--- Iteración 6 ---
Median Population dist: 82 | POP_DISTANCE_THRESHOLD: 80
Median RefSet dist: 102 | MIN_PR_DISTANCE: 200
Hijos PR: 0 | Total (inc. perturbación): 0
Insertados en población: 0 (PR=0, perturbación=0)
Sin mejora. real=71 cost=191653.0000

--- Iteración 7 ---
Median Population dist: 83 | POP_DISTANCE_THRESHOLD: 80
Median RefSet dist: 102 | MIN_PR_DISTANCE: 200
Estancamiento detectado, perturbación estratégica...
Perturbación: 100 pares modificados (de 624 conflictivos)
Hijos PR: 0 | Total (inc. perturbación): 1
Insertados en población: 1 (PR=0, perturbación=1)
Sin mejora. real=71 cost=191653.0000
Diversificando población...
Población convergida (ratio=0.053), reemplazando 50%
Diversificaciones sin mejora: 1

--- Iteración 8 ---
Median Population dist: 260 | POP_DISTANCE_THRESHOLD: 80
Median RefSet dist: 318 | MIN_PR_DISTANCE: 200
Hijos PR: 30 | Total (inc. perturbación): 30
Insertados en población: 30 (PR=30, perturbación=0)
Sin mejora. real=71 cost=191653.0000

--- Iteración 9 ---
Median Population dist: 162 | POP_DISTANCE_THRESHOLD: 80
Median RefSet dist: 223 | MIN_PR_DISTANCE: 200
Hijos PR: 19 | Total (inc. perturbación): 19
Insertados en población: 19 (PR=19, perturbación=0)
Sin mejora. real=71 cost=191653.0000

--- Iteración 10 ---
Median Population dist: 80 | POP_DISTANCE_THRESHOLD: 80
Median RefSet dist: 98 | MIN_PR_DISTANCE: 200
Hijos PR: 0 | Total (inc. perturbación): 0
Insertados en población: 0 (PR=0, perturbación=0)
Sin mejora. real=71 cost=191653.0000
Diversificando población...
Población convergida (ratio=0.051), reemplazando 50%
Diversificaciones sin mejora: 2
========================Resultados========================
Índice de Transmisión aproximado (real): 71
Costo heurístico: 191653.0000
Carga total: 3005
Numero de pares: 1560
Tiempo de ejecución: 2.9830 segundos
