========================Parámetros========================
Archivo: C:\Users\luisj\source\repos\Optimizacion en Scatter Search para el Problema del Indice de Transmision\Optimizacion en Scatter Search para el Problema del Indice de Transmision\test_graphs\wheel_graph\medium\wheel_graph_medium_(4).txt
Nodos: 40 | Población: 20 | RefSet: 10 | Iteraciones: 10
Precomputando caminos...
Construyendo base balanceada genérica...
Base inicial: indice=70
Construyendo población...
Mejorando población inicial...
Construyendo RefSet...
Iteración 1: real=70 cost=192504.0000

--- Iteración 1 ---
Median Population dist: 878 | POP_DISTANCE_THRESHOLD: 80
Median RefSet dist: 946 | MIN_PR_DISTANCE: 200
Hijos PR: 22 | Total (inc. perturbación): 22
Insertados en población: 22 (PR=22, perturbación=0)
Sin mejora. real=70 cost=192504.0000

--- Iteración 2 ---
Median Population dist: 1110 | POP_DISTANCE_THRESHOLD: 80
Median RefSet dist: 938 | MIN_PR_DISTANCE: 200
Hijos PR: 23 | Total (inc. perturbación): 23
Insertados en población: 23 (PR=23, perturbación=0)
Sin mejora. real=70 cost=192504.0000

--- Iteración 3 ---
Median Population dist: 100 | POP_DISTANCE_THRESHOLD: 80
Median RefSet dist: 1084 | MIN_PR_DISTANCE: 200
Estancamiento detectado, perturbación estratégica...
Perturbación: 100 pares modificados (de 644 conflictivos)
Hijos PR: 18 | Total (inc. perturbación): 19
Insertados en población: 19 (PR=18, perturbación=1)
Sin mejora. real=70 cost=192504.0000
Diversificando población...
Población convergida (ratio=0.064), reemplazando 50%
Diversificaciones sin mejora: 1

--- Iteración 4 ---
Median Population dist: 277 | POP_DISTANCE_THRESHOLD: 80
Median RefSet dist: 315 | MIN_PR_DISTANCE: 200
Hijos PR: 30 | Total (inc. perturbación): 30
Insertados en población: 30 (PR=30, perturbación=0)
Sin mejora. real=70 cost=192504.0000

--- Iteración 5 ---
Median Population dist: 129 | POP_DISTANCE_THRESHOLD: 80
Median RefSet dist: 144 | MIN_PR_DISTANCE: 200
Hijos PR: 7 | Total (inc. perturbación): 7
Insertados en población: 5 (PR=5, perturbación=0)
Sin mejora. real=70 cost=192504.0000

--- Iteración 6 ---
Median Population dist: 97 | POP_DISTANCE_THRESHOLD: 80
Median RefSet dist: 97 | MIN_PR_DISTANCE: 200
Hijos PR: 0 | Total (inc. perturbación): 0
Insertados en población: 0 (PR=0, perturbación=0)
Sin mejora. real=70 cost=192504.0000
Diversificando población...
Población convergida (ratio=0.062), reemplazando 50%
Diversificaciones sin mejora: 2

--- Iteración 7 ---
Median Population dist: 279 | POP_DISTANCE_THRESHOLD: 80
Median RefSet dist: 318 | MIN_PR_DISTANCE: 200
Hijos PR: 30 | Total (inc. perturbación): 30
Insertados en población: 29 (PR=29, perturbación=0)
Sin mejora. real=70 cost=192504.0000

--- Iteración 8 ---
Median Population dist: 126 | POP_DISTANCE_THRESHOLD: 80
Median RefSet dist: 199 | MIN_PR_DISTANCE: 200
Hijos PR: 15 | Total (inc. perturbación): 15
Insertados en población: 14 (PR=14, perturbación=0)
Sin mejora. real=70 cost=192504.0000

--- Iteración 9 ---
Median Population dist: 98 | POP_DISTANCE_THRESHOLD: 80
Median RefSet dist: 98 | MIN_PR_DISTANCE: 200
Estancamiento detectado, perturbación estratégica...
Perturbación: 100 pares modificados (de 644 conflictivos)
Hijos PR: 0 | Total (inc. perturbación): 1
Insertados en población: 1 (PR=0, perturbación=1)
Sin mejora. real=70 cost=192504.0000
Diversificando población...
Población convergida (ratio=0.063), reemplazando 50%
Diversificaciones sin mejora: 3
Demasiadas diversificaciones sin mejora. Terminando.
========================Resultados========================
Índice de Transmisión aproximado (real): 70
Costo heurístico: 192504.0000
Carga total: 2964
Numero de pares: 1560
Tiempo de ejecución: 3.0811 segundos
