========================Parámetros========================
Archivo: C:\Users\luisj\source\repos\Optimizacion en Scatter Search para el Problema del Indice de Transmision\Optimizacion en Scatter Search para el Problema del Indice de Transmision\test_graphs\wheel_graph\large\wheel_graph_large_(5).txt
Nodos: 500 | Población: 30 | RefSet: 15 | Iteraciones: 5
Precomputando caminos...
Construyendo base balanceada genérica...
Base inicial: indice=991
Construyendo población...
Mejorando población inicial...
Construyendo RefSet...
Iteración 1: real=991 cost=489095744.0000

--- Iteración 1 ---
Median Population dist: 3390 | POP_DISTANCE_THRESHOLD: 135
Median RefSet dist: 3395 | MIN_PR_DISTANCE: 509
Hijos PR: 40 | Total (inc. perturbación): 40
Insertados en población: 40 (PR=40, perturbación=0)
Sin mejora. real=991 cost=489095744.0000

--- Iteración 2 ---
Median Population dist: 2210 | POP_DISTANCE_THRESHOLD: 88
Median RefSet dist: 1212 | MIN_PR_DISTANCE: 200
Hijos PR: 37 | Total (inc. perturbación): 37
Insertados en población: 23 (PR=23, perturbación=0)
Sin mejora. real=991 cost=489095744.0000

--- Iteración 3 ---
Median Population dist: 184 | POP_DISTANCE_THRESHOLD: 80
Median RefSet dist: 253 | MIN_PR_DISTANCE: 200
Estancamiento detectado, perturbación estratégica...
Perturbación: 748 pares modificados (de 9834 conflictivos)
Hijos PR: 34 | Total (inc. perturbación): 35
Insertados en población: 20 (PR=20, perturbación=0)
Sin mejora. real=991 cost=489095744.0000
Diversificando población...
Población convergida (ratio=0.001), reemplazando 50%
Diversificaciones sin mejora: 1

--- Iteración 4 ---
Median Population dist: 4981 | POP_DISTANCE_THRESHOLD: 199
Median RefSet dist: 7838 | MIN_PR_DISTANCE: 1175
Hijos PR: 40 | Total (inc. perturbación): 40
Insertados en población: 40 (PR=40, perturbación=0)
Sin mejora. real=991 cost=489095744.0000

--- Iteración 5 ---
Median Population dist: 2498 | POP_DISTANCE_THRESHOLD: 99
Median RefSet dist: 209 | MIN_PR_DISTANCE: 200
Hijos PR: 27 | Total (inc. perturbación): 27
Insertados en población: 21 (PR=21, perturbación=0)
Sin mejora. real=991 cost=489095744.0000
========================Resultados========================
Índice de Transmisión aproximado (real): 991
Costo heurístico: 489095744.0000
Carga total: 497004
Numero de pares: 249500
Tiempo de ejecución: 867.1686 segundos
