========================Parámetros========================
Archivo: C:\Users\luisj\source\repos\Optimizacion en Scatter Search para el Problema del Indice de Transmision\Optimizacion en Scatter Search para el Problema del Indice de Transmision\test_graphs\wheel_graph\medium\wheel_graph_medium_(10).txt
Nodos: 100 | Población: 30 | RefSet: 15 | Iteraciones: 15
Precomputando caminos...
Construyendo base balanceada genérica...
Base inicial: indice=191
Construyendo población...
Mejorando población inicial...
Construyendo RefSet...
Iteración 1: real=191 cost=3578944.0000

--- Iteración 1 ---
Median Population dist: 2989 | POP_DISTANCE_THRESHOLD: 119
Median RefSet dist: 3004 | MIN_PR_DISTANCE: 450
Hijos PR: 40 | Total (inc. perturbación): 40
Insertados en población: 40 (PR=40, perturbación=0)
Sin mejora. real=191 cost=3578944.0000

--- Iteración 2 ---
Median Population dist: 1254 | POP_DISTANCE_THRESHOLD: 80
Median RefSet dist: 2055 | MIN_PR_DISTANCE: 308
Hijos PR: 36 | Total (inc. perturbación): 36
Insertados en población: 36 (PR=36, perturbación=0)
Iter 2: Mejor real=191 cost=3578290.0000 [PR+Improve (PR dejó=193, improve bajó a 191)]
  Cargas min (10): [6, 6, 6, 6, 6, 6, 6, 6, 6, 6]
  Cargas max (10): [191, 191, 191, 191, 191, 191, 191, 191, 191, 191]

--- Iteración 3 ---
Median Population dist: 144 | POP_DISTANCE_THRESHOLD: 80
Median RefSet dist: 156 | MIN_PR_DISTANCE: 200
Hijos PR: 15 | Total (inc. perturbación): 15
Insertados en población: 15 (PR=15, perturbación=0)
Sin mejora. real=191 cost=3578290.0000

--- Iteración 4 ---
Median Population dist: 116 | POP_DISTANCE_THRESHOLD: 80
Median RefSet dist: 132 | MIN_PR_DISTANCE: 200
Hijos PR: 0 | Total (inc. perturbación): 0
Insertados en población: 0 (PR=0, perturbación=0)
Sin mejora. real=191 cost=3578290.0000

--- Iteración 5 ---
Median Population dist: 112 | POP_DISTANCE_THRESHOLD: 80
Median RefSet dist: 128 | MIN_PR_DISTANCE: 200
Hijos PR: 0 | Total (inc. perturbación): 0
Insertados en población: 0 (PR=0, perturbación=0)
Sin mejora. real=191 cost=3578290.0000

--- Iteración 6 ---
Median Population dist: 113 | POP_DISTANCE_THRESHOLD: 80
Median RefSet dist: 126 | MIN_PR_DISTANCE: 200
Estancamiento detectado, perturbación estratégica...
Perturbación: 100 pares modificados (de 1830 conflictivos)
Hijos PR: 0 | Total (inc. perturbación): 1
Insertados en población: 1 (PR=0, perturbación=1)
Sin mejora. real=191 cost=3578290.0000

--- Iteración 7 ---
Median Population dist: 110 | POP_DISTANCE_THRESHOLD: 80
Median RefSet dist: 128 | MIN_PR_DISTANCE: 200
Hijos PR: 0 | Total (inc. perturbación): 0
Insertados en población: 0 (PR=0, perturbación=0)
Sin mejora. real=191 cost=3578290.0000
Diversificando población...
Población convergida (ratio=0.011), reemplazando 50%
Diversificaciones sin mejora: 1

--- Iteración 8 ---
Median Population dist: 1370 | POP_DISTANCE_THRESHOLD: 80
Median RefSet dist: 2151 | MIN_PR_DISTANCE: 322
Hijos PR: 40 | Total (inc. perturbación): 40
Insertados en población: 40 (PR=40, perturbación=0)
Iter 8: Mejor real=191 cost=3578285.0000 [PR+Improve (PR dejó=192, improve bajó a 191)]
  Cargas min (10): [6, 6, 6, 6, 6, 6, 6, 6, 6, 6]
  Cargas max (10): [191, 191, 191, 191, 191, 191, 191, 191, 191, 191]

--- Iteración 9 ---
Median Population dist: 140 | POP_DISTANCE_THRESHOLD: 80
Median RefSet dist: 1288 | MIN_PR_DISTANCE: 200
Hijos PR: 21 | Total (inc. perturbación): 21
Insertados en población: 21 (PR=21, perturbación=0)
Iter 9: Mejor real=191 cost=3578135.0000 [PR+Improve (PR dejó=192, improve bajó a 191)]
  Cargas min (10): [6, 6, 6, 6, 6, 6, 6, 6, 6, 6]
  Cargas max (10): [191, 191, 191, 191, 191, 191, 191, 191, 191, 191]

--- Iteración 10 ---
Median Population dist: 100 | POP_DISTANCE_THRESHOLD: 80
Median RefSet dist: 119 | MIN_PR_DISTANCE: 200
Hijos PR: 0 | Total (inc. perturbación): 0
Insertados en población: 0 (PR=0, perturbación=0)
Sin mejora. real=191 cost=3578135.0000

--- Iteración 11 ---
Median Population dist: 106 | POP_DISTANCE_THRESHOLD: 80
Median RefSet dist: 120 | MIN_PR_DISTANCE: 200
Hijos PR: 0 | Total (inc. perturbación): 0
Insertados en población: 0 (PR=0, perturbación=0)
Sin mejora. real=191 cost=3578135.0000

--- Iteración 12 ---
Median Population dist: 104 | POP_DISTANCE_THRESHOLD: 80
Median RefSet dist: 117 | MIN_PR_DISTANCE: 200
Hijos PR: 0 | Total (inc. perturbación): 0
Insertados en población: 0 (PR=0, perturbación=0)
Sin mejora. real=191 cost=3578135.0000

--- Iteración 13 ---
Median Population dist: 104 | POP_DISTANCE_THRESHOLD: 80
Median RefSet dist: 119 | MIN_PR_DISTANCE: 200
Estancamiento detectado, perturbación estratégica...
Perturbación: 100 pares modificados (de 1824 conflictivos)
Hijos PR: 0 | Total (inc. perturbación): 1
Insertados en población: 1 (PR=0, perturbación=1)
Sin mejora. real=191 cost=3578135.0000

--- Iteración 14 ---
Median Population dist: 104 | POP_DISTANCE_THRESHOLD: 80
Median RefSet dist: 123 | MIN_PR_DISTANCE: 200
Hijos PR: 0 | Total (inc. perturbación): 0
Insertados en población: 0 (PR=0, perturbación=0)
Sin mejora. real=191 cost=3578135.0000
Diversificando población...
Población convergida (ratio=0.011), reemplazando 50%
Diversificaciones sin mejora: 1

--- Iteración 15 ---
Median Population dist: 1384 | POP_DISTANCE_THRESHOLD: 80
Median RefSet dist: 2147 | MIN_PR_DISTANCE: 322
Hijos PR: 40 | Total (inc. perturbación): 40
Insertados en población: 40 (PR=40, perturbación=0)
Sin mejora. real=191 cost=3578135.0000
========================Resultados========================
Índice de Transmisión aproximado (real): 191
Costo heurístico: 3578135.0000
Carga total: 19449
Numero de pares: 9900
Tiempo de ejecución: 35.6378 segundos
