========================Parámetros========================
Archivo: C:\Users\luisj\source\repos\Optimizacion en Scatter Search para el Problema del Indice de Transmision\Optimizacion en Scatter Search para el Problema del Indice de Transmision\test_graphs\wheel_graph\large\wheel_graph_large_(6).txt
Nodos: 600 | Población: 30 | RefSet: 15 | Iteraciones: 5
Precomputando caminos...
Construyendo base balanceada genérica...
Base inicial: indice=1191
Construyendo población...
Mejorando población inicial...
Construyendo RefSet...
Iteración 1: real=1191 cost=848270204.0000

--- Iteración 1 ---
Median Population dist: 3450 | POP_DISTANCE_THRESHOLD: 138
Median RefSet dist: 3394 | MIN_PR_DISTANCE: 509
Hijos PR: 40 | Total (inc. perturbación): 40
Insertados en población: 40 (PR=40, perturbación=0)
Sin mejora. real=1191 cost=848270204.0000

--- Iteración 2 ---
Median Population dist: 1714 | POP_DISTANCE_THRESHOLD: 80
Median RefSet dist: 1216 | MIN_PR_DISTANCE: 200
Hijos PR: 38 | Total (inc. perturbación): 38
Insertados en población: 33 (PR=33, perturbación=0)
Sin mejora. real=1191 cost=848270204.0000

--- Iteración 3 ---
Median Population dist: 1062 | POP_DISTANCE_THRESHOLD: 80
Median RefSet dist: 1018 | MIN_PR_DISTANCE: 200
Estancamiento detectado, perturbación estratégica...
Perturbación: 1078 pares modificados (de 11845 conflictivos)
Hijos PR: 33 | Total (inc. perturbación): 34
Insertados en población: 27 (PR=26, perturbación=1)
Sin mejora. real=1191 cost=848270204.0000
Diversificando población...
Población convergida (ratio=0.003), reemplazando 50%
Diversificaciones sin mejora: 1

--- Iteración 4 ---
Median Population dist: 5200 | POP_DISTANCE_THRESHOLD: 208
Median RefSet dist: 7875 | MIN_PR_DISTANCE: 1181
Hijos PR: 40 | Total (inc. perturbación): 40
Insertados en población: 40 (PR=40, perturbación=0)
Sin mejora. real=1191 cost=848270204.0000

--- Iteración 5 ---
Median Population dist: 211 | POP_DISTANCE_THRESHOLD: 80
Median RefSet dist: 177 | MIN_PR_DISTANCE: 200
Hijos PR: 21 | Total (inc. perturbación): 21
Insertados en población: 19 (PR=19, perturbación=0)
Sin mejora. real=1191 cost=848270204.0000
========================Resultados========================
Índice de Transmisión aproximado (real): 1191
Costo heurístico: 848270204.0000
Carga total: 716404
Numero de pares: 359400
Tiempo de ejecución: 1361.3838 segundos
