========================Parámetros========================
Archivo: C:\Users\luisj\source\repos\Optimizacion en Scatter Search para el Problema del Indice de Transmision\Optimizacion en Scatter Search para el Problema del Indice de Transmision\test_graphs\wheel_graph\medium\wheel_graph_medium_(10).txt
Nodos: 100 | Población: 30 | RefSet: 15 | Iteraciones: 15
Precomputando caminos...
Construyendo base balanceada genérica...
Base inicial: indice=191
Construyendo población...
Mejorando población inicial...
Construyendo RefSet...
Iteración 1: real=191 cost=3578204.0000

--- Iteración 1 ---
Median Population dist: 2990 | POP_DISTANCE_THRESHOLD: 119
Median RefSet dist: 3655 | MIN_PR_DISTANCE: 548
Hijos PR: 39 | Total (inc. perturbación): 39
Insertados en población: 39 (PR=39, perturbación=0)
Iter 1: Mejor real=191 cost=3578153.0000 [PR+Improve (PR dejó=192, improve bajó a 191)]
  Cargas min (10): [6, 6, 6, 6, 6, 6, 6, 6, 6, 6]
  Cargas max (10): [191, 191, 191, 191, 191, 191, 191, 191, 191, 191]

--- Iteración 2 ---
Median Population dist: 1193 | POP_DISTANCE_THRESHOLD: 80
Median RefSet dist: 1222 | MIN_PR_DISTANCE: 200
Hijos PR: 35 | Total (inc. perturbación): 35
Insertados en población: 35 (PR=35, perturbación=0)
Sin mejora. real=191 cost=3578153.0000

--- Iteración 3 ---
Median Population dist: 109 | POP_DISTANCE_THRESHOLD: 80
Median RefSet dist: 119 | MIN_PR_DISTANCE: 200
Hijos PR: 9 | Total (inc. perturbación): 9
Insertados en población: 9 (PR=9, perturbación=0)
Sin mejora. real=191 cost=3578153.0000

--- Iteración 4 ---
Median Population dist: 104 | POP_DISTANCE_THRESHOLD: 80
Median RefSet dist: 103 | MIN_PR_DISTANCE: 200
Hijos PR: 0 | Total (inc. perturbación): 0
Insertados en población: 0 (PR=0, perturbación=0)
Sin mejora. real=191 cost=3578153.0000

--- Iteración 5 ---
Median Population dist: 103 | POP_DISTANCE_THRESHOLD: 80
Median RefSet dist: 111 | MIN_PR_DISTANCE: 200
Estancamiento detectado, perturbación estratégica...
Perturbación: 100 pares modificados (de 1822 conflictivos)
Hijos PR: 0 | Total (inc. perturbación): 1
Insertados en población: 1 (PR=0, perturbación=1)
Sin mejora. real=191 cost=3578153.0000

--- Iteración 6 ---
Median Population dist: 105 | POP_DISTANCE_THRESHOLD: 80
Median RefSet dist: 103 | MIN_PR_DISTANCE: 200
Hijos PR: 0 | Total (inc. perturbación): 0
Insertados en población: 0 (PR=0, perturbación=0)
Sin mejora. real=191 cost=3578153.0000
Diversificando población...
Población convergida (ratio=0.011), reemplazando 50%
Diversificaciones sin mejora: 1

--- Iteración 7 ---
Median Population dist: 1372 | POP_DISTANCE_THRESHOLD: 80
Median RefSet dist: 2143 | MIN_PR_DISTANCE: 321
Hijos PR: 40 | Total (inc. perturbación): 40
Insertados en población: 40 (PR=40, perturbación=0)
Sin mejora. real=191 cost=3578153.0000

--- Iteración 8 ---
Median Population dist: 109 | POP_DISTANCE_THRESHOLD: 80
Median RefSet dist: 1277 | MIN_PR_DISTANCE: 200
Hijos PR: 25 | Total (inc. perturbación): 25
Insertados en población: 25 (PR=25, perturbación=0)
Sin mejora. real=191 cost=3578153.0000

--- Iteración 9 ---
Median Population dist: 87 | POP_DISTANCE_THRESHOLD: 80
Median RefSet dist: 99 | MIN_PR_DISTANCE: 200
Hijos PR: 0 | Total (inc. perturbación): 0
Insertados en población: 0 (PR=0, perturbación=0)
Sin mejora. real=191 cost=3578153.0000

--- Iteración 10 ---
Median Population dist: 86 | POP_DISTANCE_THRESHOLD: 80
Median RefSet dist: 99 | MIN_PR_DISTANCE: 200
Estancamiento detectado, perturbación estratégica...
Perturbación: 100 pares modificados (de 1822 conflictivos)
Hijos PR: 0 | Total (inc. perturbación): 1
Insertados en población: 1 (PR=0, perturbación=1)
Sin mejora. real=191 cost=3578153.0000

--- Iteración 11 ---
Median Population dist: 85 | POP_DISTANCE_THRESHOLD: 80
Median RefSet dist: 99 | MIN_PR_DISTANCE: 200
Hijos PR: 0 | Total (inc. perturbación): 0
Insertados en población: 0 (PR=0, perturbación=0)
Sin mejora. real=191 cost=3578153.0000
Diversificando población...
Población convergida (ratio=0.009), reemplazando 50%
Diversificaciones sin mejora: 2

--- Iteración 12 ---
Median Population dist: 1367 | POP_DISTANCE_THRESHOLD: 80
Median RefSet dist: 2146 | MIN_PR_DISTANCE: 321
Hijos PR: 40 | Total (inc. perturbación): 40
Insertados en población: 40 (PR=40, perturbación=0)
Sin mejora. real=191 cost=3578153.0000

--- Iteración 13 ---
Median Population dist: 89 | POP_DISTANCE_THRESHOLD: 80
Median RefSet dist: 1214 | MIN_PR_DISTANCE: 200
Hijos PR: 25 | Total (inc. perturbación): 25
Insertados en población: 24 (PR=24, perturbación=0)
Sin mejora. real=191 cost=3578153.0000

--- Iteración 14 ---
Median Population dist: 84 | POP_DISTANCE_THRESHOLD: 80
Median RefSet dist: 85 | MIN_PR_DISTANCE: 200
Hijos PR: 0 | Total (inc. perturbación): 0
Insertados en población: 0 (PR=0, perturbación=0)
Sin mejora. real=191 cost=3578153.0000

--- Iteración 15 ---
Median Population dist: 83 | POP_DISTANCE_THRESHOLD: 80
Median RefSet dist: 86 | MIN_PR_DISTANCE: 200
Estancamiento detectado, perturbación estratégica...
Perturbación: 100 pares modificados (de 1822 conflictivos)
Hijos PR: 0 | Total (inc. perturbación): 1
Insertados en población: 1 (PR=0, perturbación=1)
Sin mejora. real=191 cost=3578153.0000
========================Resultados========================
Índice de Transmisión aproximado (real): 191
Costo heurístico: 3578153.0000
Carga total: 19451
Numero de pares: 9900
Tiempo de ejecución: 38.1968 segundos
