========================Parámetros========================
Archivo: C:\Users\luisj\source\repos\Optimizacion en Scatter Search para el Problema del Indice de Transmision\Optimizacion en Scatter Search para el Problema del Indice de Transmision\test_graphs\wheel_graph\large\wheel_graph_large_(3).txt
Nodos: 300 | Población: 30 | RefSet: 15 | Iteraciones: 5
Precomputando caminos...
Construyendo base balanceada genérica...
Base inicial: indice=591
Construyendo población...
Mejorando población inicial...
Construyendo RefSet...
Iteración 1: real=591 cost=104097344.0000

--- Iteración 1 ---
Median Population dist: 3367 | POP_DISTANCE_THRESHOLD: 134
Median RefSet dist: 4344 | MIN_PR_DISTANCE: 651
Hijos PR: 40 | Total (inc. perturbación): 40
Insertados en población: 40 (PR=40, perturbación=0)
Sin mejora. real=591 cost=104097344.0000

--- Iteración 2 ---
Median Population dist: 1227 | POP_DISTANCE_THRESHOLD: 80
Median RefSet dist: 1214 | MIN_PR_DISTANCE: 200
Hijos PR: 39 | Total (inc. perturbación): 39
Insertados en población: 35 (PR=35, perturbación=0)
Sin mejora. real=591 cost=104097344.0000

--- Iteración 3 ---
Median Population dist: 212 | POP_DISTANCE_THRESHOLD: 80
Median RefSet dist: 1129 | MIN_PR_DISTANCE: 200
Estancamiento detectado, perturbación estratégica...
Perturbación: 269 pares modificados (de 5840 conflictivos)
Hijos PR: 36 | Total (inc. perturbación): 37
Insertados en población: 26 (PR=25, perturbación=1)
Sin mejora. real=591 cost=104097344.0000
Diversificando población...
Población convergida (ratio=0.002), reemplazando 50%
Diversificaciones sin mejora: 1

--- Iteración 4 ---
Median Population dist: 4569 | POP_DISTANCE_THRESHOLD: 182
Median RefSet dist: 7616 | MIN_PR_DISTANCE: 1142
Hijos PR: 40 | Total (inc. perturbación): 40
Insertados en población: 40 (PR=40, perturbación=0)
Sin mejora. real=591 cost=104097344.0000

--- Iteración 5 ---
Median Population dist: 4445 | POP_DISTANCE_THRESHOLD: 177
Median RefSet dist: 203 | MIN_PR_DISTANCE: 200
Hijos PR: 15 | Total (inc. perturbación): 15
Insertados en población: 14 (PR=14, perturbación=0)
Sin mejora. real=591 cost=104097344.0000
========================Resultados========================
Índice de Transmisión aproximado (real): 591
Costo heurístico: 104097344.0000
Carga total: 178204
Numero de pares: 89700
Tiempo de ejecución: 186.2424 segundos
