========================Parámetros========================
Archivo: C:\Users\luisj\source\repos\Optimizacion en Scatter Search para el Problema del Indice de Transmision\Optimizacion en Scatter Search para el Problema del Indice de Transmision\test_graphs\wheel_graph\medium\wheel_graph_medium_(5).txt
Nodos: 50 | Población: 20 | RefSet: 10 | Iteraciones: 10
Precomputando caminos...
Construyendo base balanceada genérica...
Base inicial: indice=90
Construyendo población...
Mejorando población inicial...
Construyendo RefSet...
Iteración 1: real=90 cost=398664.0000

--- Iteración 1 ---
Median Population dist: 1491 | POP_DISTANCE_THRESHOLD: 80
Median RefSet dist: 1706 | MIN_PR_DISTANCE: 255
Hijos PR: 24 | Total (inc. perturbación): 24
Insertados en población: 24 (PR=24, perturbación=0)
Sin mejora. real=90 cost=398664.0000

--- Iteración 2 ---
Median Population dist: 1207 | POP_DISTANCE_THRESHOLD: 80
Median RefSet dist: 1425 | MIN_PR_DISTANCE: 213
Hijos PR: 24 | Total (inc. perturbación): 24
Insertados en población: 24 (PR=24, perturbación=0)
Sin mejora. real=90 cost=398664.0000

--- Iteración 3 ---
Median Population dist: 1048 | POP_DISTANCE_THRESHOLD: 80
Median RefSet dist: 1101 | MIN_PR_DISTANCE: 200
Estancamiento detectado, perturbación estratégica...
Perturbación: 100 pares modificados (de 844 conflictivos)
Hijos PR: 25 | Total (inc. perturbación): 26
Insertados en población: 26 (PR=25, perturbación=1)
Sin mejora. real=90 cost=398664.0000
Diversificando población...
Diversificaciones sin mejora: 1

--- Iteración 4 ---
Median Population dist: 104 | POP_DISTANCE_THRESHOLD: 80
Median RefSet dist: 413 | MIN_PR_DISTANCE: 200
Hijos PR: 25 | Total (inc. perturbación): 25
Insertados en población: 22 (PR=22, perturbación=0)
Sin mejora. real=90 cost=398664.0000

--- Iteración 5 ---
Median Population dist: 84 | POP_DISTANCE_THRESHOLD: 80
Median RefSet dist: 95 | MIN_PR_DISTANCE: 200
Hijos PR: 0 | Total (inc. perturbación): 0
Insertados en población: 0 (PR=0, perturbación=0)
Sin mejora. real=90 cost=398664.0000

--- Iteración 6 ---
Median Population dist: 82 | POP_DISTANCE_THRESHOLD: 80
Median RefSet dist: 88 | MIN_PR_DISTANCE: 200
Hijos PR: 0 | Total (inc. perturbación): 0
Insertados en población: 0 (PR=0, perturbación=0)
Sin mejora. real=90 cost=398664.0000
Diversificando población...
Población convergida (ratio=0.033), reemplazando 50%
Diversificaciones sin mejora: 2

--- Iteración 7 ---
Median Population dist: 385 | POP_DISTANCE_THRESHOLD: 80
Median RefSet dist: 510 | MIN_PR_DISTANCE: 200
Hijos PR: 30 | Total (inc. perturbación): 30
Insertados en población: 30 (PR=30, perturbación=0)
Sin mejora. real=90 cost=398664.0000

--- Iteración 8 ---
Median Population dist: 111 | POP_DISTANCE_THRESHOLD: 80
Median RefSet dist: 137 | MIN_PR_DISTANCE: 200
Hijos PR: 16 | Total (inc. perturbación): 16
Insertados en población: 11 (PR=11, perturbación=0)
Sin mejora. real=90 cost=398664.0000

--- Iteración 9 ---
Median Population dist: 98 | POP_DISTANCE_THRESHOLD: 80
Median RefSet dist: 99 | MIN_PR_DISTANCE: 200
Estancamiento detectado, perturbación estratégica...
Perturbación: 100 pares modificados (de 844 conflictivos)
Hijos PR: 0 | Total (inc. perturbación): 1
Insertados en población: 1 (PR=0, perturbación=1)
Sin mejora. real=90 cost=398664.0000
Diversificando población...
Población convergida (ratio=0.040), reemplazando 50%
Diversificaciones sin mejora: 3
Demasiadas diversificaciones sin mejora. Terminando.
========================Resultados========================
Índice de Transmisión aproximado (real): 90
Costo heurístico: 398664.0000
Carga total: 4704
Numero de pares: 2450
Tiempo de ejecución: 4.0308 segundos
