========================Parámetros========================
Archivo: C:\Users\luisj\source\repos\Optimizacion en Scatter Search para el Problema del Indice de Transmision\Optimizacion en Scatter Search para el Problema del Indice de Transmision\test_graphs\wheel_graph\large\wheel_graph_large_(6).txt
Nodos: 600 | Población: 30 | RefSet: 15 | Iteraciones: 5
Precomputando caminos...
Construyendo base balanceada genérica...
Base inicial: indice=1191
Construyendo población...
Mejorando población inicial...
Construyendo RefSet...
Iteración 1: real=1191 cost=848274944.0000

--- Iteración 1 ---
Median Population dist: 3392 | POP_DISTANCE_THRESHOLD: 135
Median RefSet dist: 3390 | MIN_PR_DISTANCE: 508
Hijos PR: 40 | Total (inc. perturbación): 40
Insertados en población: 40 (PR=40, perturbación=0)
Sin mejora. real=1191 cost=848274944.0000

--- Iteración 2 ---
Median Population dist: 2211 | POP_DISTANCE_THRESHOLD: 88
Median RefSet dist: 1216 | MIN_PR_DISTANCE: 200
Hijos PR: 38 | Total (inc. perturbación): 38
Insertados en población: 34 (PR=34, perturbación=0)
Sin mejora. real=1191 cost=848274944.0000

--- Iteración 3 ---
Median Population dist: 953 | POP_DISTANCE_THRESHOLD: 80
Median RefSet dist: 1031 | MIN_PR_DISTANCE: 200
Estancamiento detectado, perturbación estratégica...
Perturbación: 1078 pares modificados (de 11840 conflictivos)
Hijos PR: 31 | Total (inc. perturbación): 32
Insertados en población: 19 (PR=19, perturbación=0)
Sin mejora. real=1191 cost=848274944.0000
Diversificando población...
Población convergida (ratio=0.003), reemplazando 50%
Diversificaciones sin mejora: 1

--- Iteración 4 ---
Median Population dist: 5201 | POP_DISTANCE_THRESHOLD: 208
Median RefSet dist: 7884 | MIN_PR_DISTANCE: 1182
Hijos PR: 40 | Total (inc. perturbación): 40
Insertados en población: 40 (PR=40, perturbación=0)
Sin mejora. real=1191 cost=848274944.0000

--- Iteración 5 ---
Median Population dist: 212 | POP_DISTANCE_THRESHOLD: 80
Median RefSet dist: 211 | MIN_PR_DISTANCE: 200
Hijos PR: 29 | Total (inc. perturbación): 29
Insertados en población: 24 (PR=24, perturbación=0)
Sin mejora. real=1191 cost=848274944.0000
========================Resultados========================
Índice de Transmisión aproximado (real): 1191
Costo heurístico: 848274944.0000
Carga total: 716404
Numero de pares: 359400
Tiempo de ejecución: 1568.0866 segundos
