========================Parámetros========================
Archivo: C:\Users\luisj\source\repos\Optimizacion en Scatter Search para el Problema del Indice de Transmision\Optimizacion en Scatter Search para el Problema del Indice de Transmision\test_graphs\wheel_graph\medium\wheel_graph_medium_(5).txt
Nodos: 50 | Población: 20 | RefSet: 10 | Iteraciones: 10
Precomputando caminos...
Construyendo base balanceada genérica...
Base inicial: indice=90
Construyendo población...
Mejorando población inicial...
Construyendo RefSet...
Iteración 1: real=90 cost=398664.0000

--- Iteración 1 ---
Median Population dist: 1468 | POP_DISTANCE_THRESHOLD: 80
Median RefSet dist: 1689 | MIN_PR_DISTANCE: 253
Hijos PR: 22 | Total (inc. perturbación): 22
Insertados en población: 22 (PR=22, perturbación=0)
Sin mejora. real=90 cost=398664.0000

--- Iteración 2 ---
Median Population dist: 1208 | POP_DISTANCE_THRESHOLD: 80
Median RefSet dist: 1376 | MIN_PR_DISTANCE: 206
Hijos PR: 25 | Total (inc. perturbación): 25
Insertados en población: 25 (PR=25, perturbación=0)
Sin mejora. real=90 cost=398664.0000

--- Iteración 3 ---
Median Population dist: 1033 | POP_DISTANCE_THRESHOLD: 80
Median RefSet dist: 1101 | MIN_PR_DISTANCE: 200
Estancamiento detectado, perturbación estratégica...
Perturbación: 100 pares modificados (de 844 conflictivos)
Hijos PR: 20 | Total (inc. perturbación): 21
Insertados en población: 21 (PR=20, perturbación=1)
Sin mejora. real=90 cost=398664.0000
Diversificando población...
Diversificaciones sin mejora: 1

--- Iteración 4 ---
Median Population dist: 89 | POP_DISTANCE_THRESHOLD: 80
Median RefSet dist: 395 | MIN_PR_DISTANCE: 200
Hijos PR: 22 | Total (inc. perturbación): 22
Insertados en población: 21 (PR=21, perturbación=0)
Sin mejora. real=90 cost=398664.0000

--- Iteración 5 ---
Median Population dist: 73 | POP_DISTANCE_THRESHOLD: 80
Median RefSet dist: 77 | MIN_PR_DISTANCE: 200
Hijos PR: 0 | Total (inc. perturbación): 0
Insertados en población: 0 (PR=0, perturbación=0)
Sin mejora. real=90 cost=398664.0000

--- Iteración 6 ---
Median Population dist: 74 | POP_DISTANCE_THRESHOLD: 80
Median RefSet dist: 70 | MIN_PR_DISTANCE: 200
Hijos PR: 0 | Total (inc. perturbación): 0
Insertados en población: 0 (PR=0, perturbación=0)
Sin mejora. real=90 cost=398664.0000
Diversificando población...
Población convergida (ratio=0.030), reemplazando 50%
Diversificaciones sin mejora: 2

--- Iteración 7 ---
Median Population dist: 385 | POP_DISTANCE_THRESHOLD: 80
Median RefSet dist: 512 | MIN_PR_DISTANCE: 200
Hijos PR: 30 | Total (inc. perturbación): 30
Insertados en población: 30 (PR=30, perturbación=0)
Sin mejora. real=90 cost=398664.0000

--- Iteración 8 ---
Median Population dist: 110 | POP_DISTANCE_THRESHOLD: 80
Median RefSet dist: 211 | MIN_PR_DISTANCE: 200
Hijos PR: 16 | Total (inc. perturbación): 16
Insertados en población: 14 (PR=14, perturbación=0)
Sin mejora. real=90 cost=398664.0000

--- Iteración 9 ---
Median Population dist: 92 | POP_DISTANCE_THRESHOLD: 80
Median RefSet dist: 100 | MIN_PR_DISTANCE: 200
Estancamiento detectado, perturbación estratégica...
Perturbación: 100 pares modificados (de 844 conflictivos)
Hijos PR: 0 | Total (inc. perturbación): 1
Insertados en población: 1 (PR=0, perturbación=1)
Sin mejora. real=90 cost=398664.0000
Diversificando población...
Población convergida (ratio=0.038), reemplazando 50%
Diversificaciones sin mejora: 3
Demasiadas diversificaciones sin mejora. Terminando.
========================Resultados========================
Índice de Transmisión aproximado (real): 90
Costo heurístico: 398664.0000
Carga total: 4704
Numero de pares: 2450
Tiempo de ejecución: 4.0295 segundos
