========================Parámetros========================
Archivo: C:\Users\luisj\source\repos\Optimizacion en Scatter Search para el Problema del Indice de Transmision\Optimizacion en Scatter Search para el Problema del Indice de Transmision\test_graphs\wheel_graph\medium\wheel_graph_medium_(6).txt
Nodos: 60 | Población: 20 | RefSet: 10 | Iteraciones: 10
Precomputando caminos...
Construyendo base balanceada genérica...
Base inicial: indice=110
Construyendo población...
Mejorando población inicial...
Construyendo RefSet...
Iteración 1: real=110 cost=716024.0000

--- Iteración 1 ---
Median Population dist: 2258 | POP_DISTANCE_THRESHOLD: 90
Median RefSet dist: 2254 | MIN_PR_DISTANCE: 338
Hijos PR: 27 | Total (inc. perturbación): 27
Insertados en población: 27 (PR=27, perturbación=0)
Sin mejora. real=110 cost=716024.0000

--- Iteración 2 ---
Median Population dist: 1164 | POP_DISTANCE_THRESHOLD: 80
Median RefSet dist: 1183 | MIN_PR_DISTANCE: 200
Hijos PR: 24 | Total (inc. perturbación): 24
Insertados en población: 24 (PR=24, perturbación=0)
Sin mejora. real=110 cost=716024.0000

--- Iteración 3 ---
Median Population dist: 92 | POP_DISTANCE_THRESHOLD: 80
Median RefSet dist: 109 | MIN_PR_DISTANCE: 200
Estancamiento detectado, perturbación estratégica...
Perturbación: 100 pares modificados (de 1044 conflictivos)
Hijos PR: 13 | Total (inc. perturbación): 14
Insertados en población: 12 (PR=11, perturbación=1)
Sin mejora. real=110 cost=716024.0000
Diversificando población...
Población convergida (ratio=0.026), reemplazando 50%
Diversificaciones sin mejora: 1

--- Iteración 4 ---
Median Population dist: 536 | POP_DISTANCE_THRESHOLD: 80
Median RefSet dist: 750 | MIN_PR_DISTANCE: 200
Hijos PR: 30 | Total (inc. perturbación): 30
Insertados en población: 30 (PR=30, perturbación=0)
Sin mejora. real=110 cost=716024.0000

--- Iteración 5 ---
Median Population dist: 102 | POP_DISTANCE_THRESHOLD: 80
Median RefSet dist: 100 | MIN_PR_DISTANCE: 200
Hijos PR: 6 | Total (inc. perturbación): 6
Insertados en población: 6 (PR=6, perturbación=0)
Sin mejora. real=110 cost=716024.0000

--- Iteración 6 ---
Median Population dist: 100 | POP_DISTANCE_THRESHOLD: 80
Median RefSet dist: 104 | MIN_PR_DISTANCE: 200
Hijos PR: 0 | Total (inc. perturbación): 0
Insertados en población: 0 (PR=0, perturbación=0)
Sin mejora. real=110 cost=716024.0000
Diversificando población...
Población convergida (ratio=0.028), reemplazando 50%
Diversificaciones sin mejora: 2

--- Iteración 7 ---
Median Population dist: 536 | POP_DISTANCE_THRESHOLD: 80
Median RefSet dist: 747 | MIN_PR_DISTANCE: 200
Hijos PR: 30 | Total (inc. perturbación): 30
Insertados en población: 30 (PR=30, perturbación=0)
Sin mejora. real=110 cost=716024.0000

--- Iteración 8 ---
Median Population dist: 112 | POP_DISTANCE_THRESHOLD: 80
Median RefSet dist: 483 | MIN_PR_DISTANCE: 200
Hijos PR: 19 | Total (inc. perturbación): 19
Insertados en población: 19 (PR=19, perturbación=0)
Sin mejora. real=110 cost=716024.0000

--- Iteración 9 ---
Median Population dist: 101 | POP_DISTANCE_THRESHOLD: 80
Median RefSet dist: 100 | MIN_PR_DISTANCE: 200
Estancamiento detectado, perturbación estratégica...
Perturbación: 100 pares modificados (de 1044 conflictivos)
Hijos PR: 0 | Total (inc. perturbación): 1
Insertados en población: 1 (PR=0, perturbación=1)
Sin mejora. real=110 cost=716024.0000
Diversificando población...
Población convergida (ratio=0.029), reemplazando 50%
Diversificaciones sin mejora: 3
Demasiadas diversificaciones sin mejora. Terminando.
========================Resultados========================
Índice de Transmisión aproximado (real): 110
Costo heurístico: 716024.0000
Carga total: 6844
Numero de pares: 3540
Tiempo de ejecución: 5.2619 segundos
