========================Parámetros========================
Archivo: C:\Users\luisj\source\repos\Optimizacion en Scatter Search para el Problema del Indice de Transmision\Optimizacion en Scatter Search para el Problema del Indice de Transmision\test_graphs\wheel_graph\medium\wheel_graph_medium_(9).txt
Nodos: 90 | Población: 20 | RefSet: 10 | Iteraciones: 10
Precomputando caminos...
Construyendo base balanceada genérica...
Base inicial: indice=170
Construyendo población...
Mejorando población inicial...
Construyendo RefSet...
Iteración 1: real=170 cost=2575304.0000

--- Iteración 1 ---
Median Population dist: 2898 | POP_DISTANCE_THRESHOLD: 115
Median RefSet dist: 2890 | MIN_PR_DISTANCE: 433
Hijos PR: 30 | Total (inc. perturbación): 30
Insertados en población: 30 (PR=30, perturbación=0)
Sin mejora. real=170 cost=2575304.0000

--- Iteración 2 ---
Median Population dist: 1170 | POP_DISTANCE_THRESHOLD: 80
Median RefSet dist: 2006 | MIN_PR_DISTANCE: 300
Hijos PR: 25 | Total (inc. perturbación): 25
Insertados en población: 24 (PR=24, perturbación=0)
Sin mejora. real=170 cost=2575304.0000

--- Iteración 3 ---
Median Population dist: 99 | POP_DISTANCE_THRESHOLD: 80
Median RefSet dist: 124 | MIN_PR_DISTANCE: 200
Estancamiento detectado, perturbación estratégica...
Perturbación: 100 pares modificados (de 1644 conflictivos)
Hijos PR: 11 | Total (inc. perturbación): 12
Insertados en población: 10 (PR=9, perturbación=1)
Sin mejora. real=170 cost=2575304.0000
Diversificando población...
Población convergida (ratio=0.012), reemplazando 50%
Diversificaciones sin mejora: 1

--- Iteración 4 ---
Median Population dist: 1130 | POP_DISTANCE_THRESHOLD: 80
Median RefSet dist: 1721 | MIN_PR_DISTANCE: 258
Hijos PR: 30 | Total (inc. perturbación): 30
Insertados en población: 30 (PR=30, perturbación=0)
Sin mejora. real=170 cost=2575304.0000

--- Iteración 5 ---
Median Population dist: 101 | POP_DISTANCE_THRESHOLD: 80
Median RefSet dist: 1046 | MIN_PR_DISTANCE: 200
Hijos PR: 17 | Total (inc. perturbación): 17
Insertados en población: 17 (PR=17, perturbación=0)
Sin mejora. real=170 cost=2575304.0000

--- Iteración 6 ---
Median Population dist: 92 | POP_DISTANCE_THRESHOLD: 80
Median RefSet dist: 93 | MIN_PR_DISTANCE: 200
Hijos PR: 0 | Total (inc. perturbación): 0
Insertados en población: 0 (PR=0, perturbación=0)
Sin mejora. real=170 cost=2575304.0000
Diversificando población...
Población convergida (ratio=0.011), reemplazando 50%
Diversificaciones sin mejora: 2

--- Iteración 7 ---
Median Population dist: 1124 | POP_DISTANCE_THRESHOLD: 80
Median RefSet dist: 1722 | MIN_PR_DISTANCE: 258
Hijos PR: 30 | Total (inc. perturbación): 30
Insertados en población: 30 (PR=30, perturbación=0)
Sin mejora. real=170 cost=2575304.0000

--- Iteración 8 ---
Median Population dist: 102 | POP_DISTANCE_THRESHOLD: 80
Median RefSet dist: 1079 | MIN_PR_DISTANCE: 200
Hijos PR: 21 | Total (inc. perturbación): 21
Insertados en población: 20 (PR=20, perturbación=0)
Sin mejora. real=170 cost=2575304.0000

--- Iteración 9 ---
Median Population dist: 89 | POP_DISTANCE_THRESHOLD: 80
Median RefSet dist: 88 | MIN_PR_DISTANCE: 200
Estancamiento detectado, perturbación estratégica...
Perturbación: 100 pares modificados (de 1644 conflictivos)
Hijos PR: 0 | Total (inc. perturbación): 1
Insertados en población: 1 (PR=0, perturbación=1)
Sin mejora. real=170 cost=2575304.0000
Diversificando población...
Población convergida (ratio=0.011), reemplazando 50%
Diversificaciones sin mejora: 3
Demasiadas diversificaciones sin mejora. Terminando.
========================Resultados========================
Índice de Transmisión aproximado (real): 170
Costo heurístico: 2575304.0000
Carga total: 15664
Numero de pares: 8010
Tiempo de ejecución: 10.9410 segundos
