========================Parámetros========================
Archivo: C:\Users\luisj\source\repos\Optimizacion en Scatter Search para el Problema del Indice de Transmision\Optimizacion en Scatter Search para el Problema del Indice de Transmision\test_graphs\wheel_graph\medium\wheel_graph_medium_(7).txt
Nodos: 70 | Población: 20 | RefSet: 10 | Iteraciones: 10
Precomputando caminos...
Construyendo base balanceada genérica...
Base inicial: indice=131
Construyendo población...
Mejorando población inicial...
Construyendo RefSet...
Iteración 1: real=131 cost=1169084.0000

--- Iteración 1 ---
Median Population dist: 2192 | POP_DISTANCE_THRESHOLD: 87
Median RefSet dist: 2527 | MIN_PR_DISTANCE: 379
Hijos PR: 30 | Total (inc. perturbación): 30
Insertados en población: 30 (PR=30, perturbación=0)
Sin mejora. real=131 cost=1169084.0000

--- Iteración 2 ---
Median Population dist: 1193 | POP_DISTANCE_THRESHOLD: 80
Median RefSet dist: 1499 | MIN_PR_DISTANCE: 224
Hijos PR: 27 | Total (inc. perturbación): 27
Insertados en población: 27 (PR=27, perturbación=0)
Sin mejora. real=131 cost=1169084.0000

--- Iteración 3 ---
Median Population dist: 144 | POP_DISTANCE_THRESHOLD: 80
Median RefSet dist: 1002 | MIN_PR_DISTANCE: 200
Estancamiento detectado, perturbación estratégica...
Perturbación: 100 pares modificados (de 1239 conflictivos)
Hijos PR: 13 | Total (inc. perturbación): 14
Insertados en población: 12 (PR=11, perturbación=1)
Sin mejora. real=131 cost=1169084.0000
Diversificando población...
Población convergida (ratio=0.030), reemplazando 50%
Diversificaciones sin mejora: 1

--- Iteración 4 ---
Median Population dist: 706 | POP_DISTANCE_THRESHOLD: 80
Median RefSet dist: 1022 | MIN_PR_DISTANCE: 200
Hijos PR: 30 | Total (inc. perturbación): 30
Insertados en población: 30 (PR=30, perturbación=0)
Sin mejora. real=131 cost=1169084.0000

--- Iteración 5 ---
Median Population dist: 151 | POP_DISTANCE_THRESHOLD: 80
Median RefSet dist: 645 | MIN_PR_DISTANCE: 200
Hijos PR: 21 | Total (inc. perturbación): 21
Insertados en población: 17 (PR=17, perturbación=0)
Sin mejora. real=131 cost=1169084.0000

--- Iteración 6 ---
Median Population dist: 119 | POP_DISTANCE_THRESHOLD: 80
Median RefSet dist: 149 | MIN_PR_DISTANCE: 200
Hijos PR: 1 | Total (inc. perturbación): 1
Insertados en población: 0 (PR=0, perturbación=0)
Sin mejora. real=131 cost=1169084.0000
Diversificando población...
Población convergida (ratio=0.025), reemplazando 50%
Diversificaciones sin mejora: 2

--- Iteración 7 ---
Median Population dist: 720 | POP_DISTANCE_THRESHOLD: 80
Median RefSet dist: 1025 | MIN_PR_DISTANCE: 200
Hijos PR: 30 | Total (inc. perturbación): 30
Insertados en población: 30 (PR=30, perturbación=0)
Sin mejora. real=131 cost=1169084.0000

--- Iteración 8 ---
Median Population dist: 135 | POP_DISTANCE_THRESHOLD: 80
Median RefSet dist: 601 | MIN_PR_DISTANCE: 200
Hijos PR: 18 | Total (inc. perturbación): 18
Insertados en población: 17 (PR=17, perturbación=0)
Sin mejora. real=131 cost=1169084.0000

--- Iteración 9 ---
Median Population dist: 103 | POP_DISTANCE_THRESHOLD: 80
Median RefSet dist: 109 | MIN_PR_DISTANCE: 200
Estancamiento detectado, perturbación estratégica...
Perturbación: 100 pares modificados (de 1239 conflictivos)
Hijos PR: 0 | Total (inc. perturbación): 1
Insertados en población: 1 (PR=0, perturbación=1)
Sin mejora. real=131 cost=1169084.0000
Diversificando población...
Población convergida (ratio=0.021), reemplazando 50%
Diversificaciones sin mejora: 3
Demasiadas diversificaciones sin mejora. Terminando.
========================Resultados========================
Índice de Transmisión aproximado (real): 131
Costo heurístico: 1169084.0000
Carga total: 9384
Numero de pares: 4830
Tiempo de ejecución: 6.9225 segundos
