========================Parámetros========================
Archivo: C:\Users\luisj\source\repos\Optimizacion en Scatter Search para el Problema del Indice de Transmision\Optimizacion en Scatter Search para el Problema del Indice de Transmision\test_graphs\wheel_graph\small\wheel_graph_small_(10).txt
Nodos: 11 | Población: 20 | RefSet: 10 | Iteraciones: 10
Precomputando caminos...
Construyendo base balanceada genérica...
Base inicial: indice=12
Construyendo población...
Mejorando población inicial...
Construyendo RefSet...
Iteración 1: real=12 cost=1844.0000

--- Iteración 1 ---
Median Population dist: 35 | POP_DISTANCE_THRESHOLD: 80
Median RefSet dist: 43 | MIN_PR_DISTANCE: 200
Hijos PR: 0 | Total (inc. perturbación): 0
Insertados en población: 0 (PR=0, perturbación=0)
Sin mejora. real=12 cost=1844.0000

--- Iteración 2 ---
Median Population dist: 35 | POP_DISTANCE_THRESHOLD: 80
Median RefSet dist: 41 | MIN_PR_DISTANCE: 200
Hijos PR: 0 | Total (inc. perturbación): 0
Insertados en población: 0 (PR=0, perturbación=0)
Sin mejora. real=12 cost=1844.0000

--- Iteración 3 ---
Median Population dist: 35 | POP_DISTANCE_THRESHOLD: 80
Median RefSet dist: 39 | MIN_PR_DISTANCE: 200
Estancamiento detectado, perturbación estratégica...
Perturbación: 71 pares modificados (de 71 conflictivos)
Hijos PR: 0 | Total (inc. perturbación): 1
Insertados en población: 1 (PR=0, perturbación=1)
Sin mejora. real=12 cost=1844.0000
Diversificando población...
Diversificaciones sin mejora: 1

--- Iteración 4 ---
Median Population dist: 51 | POP_DISTANCE_THRESHOLD: 80
Median RefSet dist: 77 | MIN_PR_DISTANCE: 200
Hijos PR: 0 | Total (inc. perturbación): 0
Insertados en población: 0 (PR=0, perturbación=0)
Sin mejora. real=12 cost=1844.0000

--- Iteración 5 ---
Median Population dist: 74 | POP_DISTANCE_THRESHOLD: 80
Median RefSet dist: 66 | MIN_PR_DISTANCE: 200
Hijos PR: 0 | Total (inc. perturbación): 0
Insertados en población: 0 (PR=0, perturbación=0)
Sin mejora. real=12 cost=1844.0000

--- Iteración 6 ---
Median Population dist: 50 | POP_DISTANCE_THRESHOLD: 80
Median RefSet dist: 77 | MIN_PR_DISTANCE: 200
Hijos PR: 0 | Total (inc. perturbación): 0
Insertados en población: 0 (PR=0, perturbación=0)
Sin mejora. real=12 cost=1844.0000
Diversificando población...
Diversificaciones sin mejora: 2

--- Iteración 7 ---
Median Population dist: 55 | POP_DISTANCE_THRESHOLD: 80
Median RefSet dist: 76 | MIN_PR_DISTANCE: 200
Hijos PR: 0 | Total (inc. perturbación): 0
Insertados en población: 0 (PR=0, perturbación=0)
Sin mejora. real=12 cost=1844.0000

--- Iteración 8 ---
Median Population dist: 75 | POP_DISTANCE_THRESHOLD: 80
Median RefSet dist: 77 | MIN_PR_DISTANCE: 200
Hijos PR: 0 | Total (inc. perturbación): 0
Insertados en población: 0 (PR=0, perturbación=0)
Sin mejora. real=12 cost=1844.0000

--- Iteración 9 ---
Median Population dist: 75 | POP_DISTANCE_THRESHOLD: 80
Median RefSet dist: 77 | MIN_PR_DISTANCE: 200
Estancamiento detectado, perturbación estratégica...
Perturbación: 71 pares modificados (de 71 conflictivos)
Hijos PR: 0 | Total (inc. perturbación): 1
Insertados en población: 1 (PR=0, perturbación=1)
Sin mejora. real=12 cost=1844.0000
Diversificando población...
Diversificaciones sin mejora: 3
Demasiadas diversificaciones sin mejora. Terminando.
========================Resultados========================
Índice de Transmisión aproximado (real): 12
Costo heurístico: 1844.0000
Carga total: 190
Numero de pares: 110
Tiempo de ejecución: 0.1269 segundos
