========================Parámetros========================
Archivo: C:\Users\luisj\source\repos\Optimizacion en Scatter Search para el Problema del Indice de Transmision\Optimizacion en Scatter Search para el Problema del Indice de Transmision\test_graphs\wheel_graph\medium\wheel_graph_medium_(2).txt
Nodos: 20 | Población: 20 | RefSet: 10 | Iteraciones: 10
Precomputando caminos...
Construyendo base balanceada genérica...
Base inicial: indice=30
Construyendo población...
Mejorando población inicial...
Construyendo RefSet...
Iteración 1: real=30 cost=17551.0000

--- Iteración 1 ---
Median Population dist: 148 | POP_DISTANCE_THRESHOLD: 80
Median RefSet dist: 147 | MIN_PR_DISTANCE: 200
Hijos PR: 3 | Total (inc. perturbación): 3
Insertados en población: 0 (PR=0, perturbación=0)
Sin mejora. real=30 cost=17551.0000

--- Iteración 2 ---
Median Population dist: 148 | POP_DISTANCE_THRESHOLD: 80
Median RefSet dist: 149 | MIN_PR_DISTANCE: 200
Hijos PR: 7 | Total (inc. perturbación): 7
Insertados en población: 0 (PR=0, perturbación=0)
Sin mejora. real=30 cost=17551.0000

--- Iteración 3 ---
Median Population dist: 148 | POP_DISTANCE_THRESHOLD: 80
Median RefSet dist: 148 | MIN_PR_DISTANCE: 200
Estancamiento detectado, perturbación estratégica...
Perturbación: 100 pares modificados (de 232 conflictivos)
Hijos PR: 4 | Total (inc. perturbación): 5
Insertados en población: 1 (PR=0, perturbación=1)
Sin mejora. real=30 cost=17551.0000
Diversificando población...
Diversificaciones sin mejora: 1

--- Iteración 4 ---
Median Population dist: 310 | POP_DISTANCE_THRESHOLD: 80
Median RefSet dist: 148 | MIN_PR_DISTANCE: 200
Hijos PR: 11 | Total (inc. perturbación): 11
Insertados en población: 8 (PR=8, perturbación=0)
Sin mejora. real=30 cost=17551.0000

--- Iteración 5 ---
Median Population dist: 180 | POP_DISTANCE_THRESHOLD: 80
Median RefSet dist: 309 | MIN_PR_DISTANCE: 200
Hijos PR: 18 | Total (inc. perturbación): 18
Insertados en población: 14 (PR=14, perturbación=0)
Sin mejora. real=30 cost=17551.0000

--- Iteración 6 ---
Median Population dist: 129 | POP_DISTANCE_THRESHOLD: 80
Median RefSet dist: 112 | MIN_PR_DISTANCE: 200
Hijos PR: 6 | Total (inc. perturbación): 6
Insertados en población: 6 (PR=6, perturbación=0)
Sin mejora. real=30 cost=17551.0000
Diversificando población...
Diversificaciones sin mejora: 2

--- Iteración 7 ---
Median Population dist: 116 | POP_DISTANCE_THRESHOLD: 80
Median RefSet dist: 122 | MIN_PR_DISTANCE: 200
Hijos PR: 1 | Total (inc. perturbación): 1
Insertados en población: 1 (PR=1, perturbación=0)
Sin mejora. real=30 cost=17551.0000

--- Iteración 8 ---
Median Population dist: 116 | POP_DISTANCE_THRESHOLD: 80
Median RefSet dist: 114 | MIN_PR_DISTANCE: 200
Hijos PR: 1 | Total (inc. perturbación): 1
Insertados en población: 1 (PR=1, perturbación=0)
Sin mejora. real=30 cost=17551.0000

--- Iteración 9 ---
Median Population dist: 115 | POP_DISTANCE_THRESHOLD: 80
Median RefSet dist: 116 | MIN_PR_DISTANCE: 200
Estancamiento detectado, perturbación estratégica...
Perturbación: 100 pares modificados (de 232 conflictivos)
Hijos PR: 1 | Total (inc. perturbación): 2
Insertados en población: 2 (PR=1, perturbación=1)
Sin mejora. real=30 cost=17551.0000
Diversificando población...
Diversificaciones sin mejora: 3
Demasiadas diversificaciones sin mejora. Terminando.
========================Resultados========================
Índice de Transmisión aproximado (real): 30
Costo heurístico: 17551.0000
Carga total: 687
Numero de pares: 380
Tiempo de ejecución: 0.7344 segundos
