========================Parámetros========================
Archivo: C:\Users\luisj\source\repos\Optimizacion en Scatter Search para el Problema del Indice de Transmision\Optimizacion en Scatter Search para el Problema del Indice de Transmision\test_graphs\wheel_graph\medium\wheel_graph_medium_(8).txt
Nodos: 80 | Población: 20 | RefSet: 10 | Iteraciones: 10
Precomputando caminos...
Construyendo base balanceada genérica...
Base inicial: indice=150
Construyendo población...
Mejorando población inicial...
Construyendo RefSet...
Iteración 1: real=150 cost=1780344.0000

--- Iteración 1 ---
Median Population dist: 2802 | POP_DISTANCE_THRESHOLD: 112
Median RefSet dist: 3635 | MIN_PR_DISTANCE: 545
Hijos PR: 26 | Total (inc. perturbación): 26
Insertados en población: 26 (PR=26, perturbación=0)
Sin mejora. real=150 cost=1780344.0000

--- Iteración 2 ---
Median Population dist: 1196 | POP_DISTANCE_THRESHOLD: 80
Median RefSet dist: 1960 | MIN_PR_DISTANCE: 294
Hijos PR: 22 | Total (inc. perturbación): 22
Insertados en población: 22 (PR=22, perturbación=0)
Sin mejora. real=150 cost=1780344.0000

--- Iteración 3 ---
Median Population dist: 1102 | POP_DISTANCE_THRESHOLD: 80
Median RefSet dist: 1132 | MIN_PR_DISTANCE: 200
Estancamiento detectado, perturbación estratégica...
Perturbación: 100 pares modificados (de 1444 conflictivos)
Hijos PR: 25 | Total (inc. perturbación): 26
Insertados en población: 25 (PR=24, perturbación=1)
Sin mejora. real=150 cost=1780344.0000
Diversificando población...
Diversificaciones sin mejora: 1

--- Iteración 4 ---
Median Population dist: 113 | POP_DISTANCE_THRESHOLD: 80
Median RefSet dist: 920 | MIN_PR_DISTANCE: 200
Hijos PR: 24 | Total (inc. perturbación): 24
Insertados en población: 24 (PR=24, perturbación=0)
Sin mejora. real=150 cost=1780344.0000

--- Iteración 5 ---
Median Population dist: 94 | POP_DISTANCE_THRESHOLD: 80
Median RefSet dist: 110 | MIN_PR_DISTANCE: 200
Hijos PR: 0 | Total (inc. perturbación): 0
Insertados en población: 0 (PR=0, perturbación=0)
Sin mejora. real=150 cost=1780344.0000

--- Iteración 6 ---
Median Population dist: 94 | POP_DISTANCE_THRESHOLD: 80
Median RefSet dist: 108 | MIN_PR_DISTANCE: 200
Hijos PR: 0 | Total (inc. perturbación): 0
Insertados en población: 0 (PR=0, perturbación=0)
Sin mejora. real=150 cost=1780344.0000
Diversificando población...
Población convergida (ratio=0.015), reemplazando 50%
Diversificaciones sin mejora: 2

--- Iteración 7 ---
Median Population dist: 906 | POP_DISTANCE_THRESHOLD: 80
Median RefSet dist: 1343 | MIN_PR_DISTANCE: 201
Hijos PR: 30 | Total (inc. perturbación): 30
Insertados en población: 30 (PR=30, perturbación=0)
Sin mejora. real=150 cost=1780344.0000

--- Iteración 8 ---
Median Population dist: 120 | POP_DISTANCE_THRESHOLD: 80
Median RefSet dist: 842 | MIN_PR_DISTANCE: 200
Hijos PR: 21 | Total (inc. perturbación): 21
Insertados en población: 21 (PR=21, perturbación=0)
Sin mejora. real=150 cost=1780344.0000

--- Iteración 9 ---
Median Population dist: 100 | POP_DISTANCE_THRESHOLD: 80
Median RefSet dist: 112 | MIN_PR_DISTANCE: 200
Estancamiento detectado, perturbación estratégica...
Perturbación: 100 pares modificados (de 1444 conflictivos)
Hijos PR: 0 | Total (inc. perturbación): 1
Insertados en población: 1 (PR=0, perturbación=1)
Sin mejora. real=150 cost=1780344.0000
Diversificando población...
Población convergida (ratio=0.016), reemplazando 50%
Diversificaciones sin mejora: 3
Demasiadas diversificaciones sin mejora. Terminando.
========================Resultados========================
Índice de Transmisión aproximado (real): 150
Costo heurístico: 1780344.0000
Carga total: 12324
Numero de pares: 6320
Tiempo de ejecución: 7.9279 segundos
