========================Parámetros========================
Archivo: C:\Users\luisj\source\repos\Optimizacion en Scatter Search para el Problema del Indice de Transmision\Optimizacion en Scatter Search para el Problema del Indice de Transmision\test_graphs\wheel_graph\medium\wheel_graph_medium_(4).txt
Nodos: 40 | Población: 20 | RefSet: 10 | Iteraciones: 10
Precomputando caminos...
Construyendo base balanceada genérica...
Base inicial: indice=71
Construyendo población...
Mejorando población inicial...
Construyendo RefSet...
Iteración 1: real=71 cost=192764.0000

--- Iteración 1 ---
Median Population dist: 770 | POP_DISTANCE_THRESHOLD: 80
Median RefSet dist: 885 | MIN_PR_DISTANCE: 200
Hijos PR: 24 | Total (inc. perturbación): 24
Insertados en población: 24 (PR=24, perturbación=0)
Iter 1: Mejor real=71 cost=192741.0000 [PR+Improve (PR dejó=71, improve bajó a 71)]
  Cargas min (10): [6, 6, 6, 6, 6, 7, 7, 7, 7, 7]
  Cargas max (10): [71, 71, 71, 71, 71, 71, 71, 71, 71, 71]

--- Iteración 2 ---
Median Population dist: 947 | POP_DISTANCE_THRESHOLD: 80
Median RefSet dist: 878 | MIN_PR_DISTANCE: 200
Hijos PR: 25 | Total (inc. perturbación): 25
Insertados en población: 25 (PR=25, perturbación=0)
Sin mejora. real=71 cost=192741.0000

--- Iteración 3 ---
Median Population dist: 128 | POP_DISTANCE_THRESHOLD: 80
Median RefSet dist: 1002 | MIN_PR_DISTANCE: 200
Hijos PR: 20 | Total (inc. perturbación): 20
Insertados en población: 20 (PR=20, perturbación=0)
Sin mejora. real=71 cost=192741.0000

--- Iteración 4 ---
Median Population dist: 86 | POP_DISTANCE_THRESHOLD: 80
Median RefSet dist: 86 | MIN_PR_DISTANCE: 200
Estancamiento detectado, perturbación estratégica...
Perturbación: 100 pares modificados (de 623 conflictivos)
Hijos PR: 0 | Total (inc. perturbación): 1
Insertados en población: 1 (PR=0, perturbación=1)
Sin mejora. real=71 cost=192741.0000
Diversificando población...
Población convergida (ratio=0.055), reemplazando 50%
Diversificaciones sin mejora: 1

--- Iteración 5 ---
Median Population dist: 275 | POP_DISTANCE_THRESHOLD: 80
Median RefSet dist: 313 | MIN_PR_DISTANCE: 200
Hijos PR: 30 | Total (inc. perturbación): 30
Insertados en población: 29 (PR=29, perturbación=0)
Iter 5: Mejor real=71 cost=192694.0000 [PR+Improve (PR dejó=72, improve bajó a 71)]
  Cargas min (10): [6, 6, 6, 6, 6, 6, 6, 6, 6, 6]
  Cargas max (10): [71, 71, 71, 71, 71, 71, 71, 71, 71, 71]

--- Iteración 6 ---
Median Population dist: 87 | POP_DISTANCE_THRESHOLD: 80
Median RefSet dist: 169 | MIN_PR_DISTANCE: 200
Hijos PR: 7 | Total (inc. perturbación): 7
Insertados en población: 7 (PR=7, perturbación=0)
Sin mejora. real=71 cost=192694.0000

--- Iteración 7 ---
Median Population dist: 81 | POP_DISTANCE_THRESHOLD: 80
Median RefSet dist: 87 | MIN_PR_DISTANCE: 200
Hijos PR: 0 | Total (inc. perturbación): 0
Insertados en población: 0 (PR=0, perturbación=0)
Sin mejora. real=71 cost=192694.0000

--- Iteración 8 ---
Median Population dist: 82 | POP_DISTANCE_THRESHOLD: 80
Median RefSet dist: 88 | MIN_PR_DISTANCE: 200
Estancamiento detectado, perturbación estratégica...
Perturbación: 100 pares modificados (de 634 conflictivos)
Hijos PR: 0 | Total (inc. perturbación): 1
Insertados en población: 1 (PR=0, perturbación=1)
Sin mejora. real=71 cost=192694.0000
Diversificando población...
Población convergida (ratio=0.053), reemplazando 50%
Diversificaciones sin mejora: 1

--- Iteración 9 ---
Median Population dist: 272 | POP_DISTANCE_THRESHOLD: 80
Median RefSet dist: 315 | MIN_PR_DISTANCE: 200
Hijos PR: 30 | Total (inc. perturbación): 30
Insertados en población: 29 (PR=29, perturbación=0)
Sin mejora. real=71 cost=192694.0000

--- Iteración 10 ---
Median Population dist: 86 | POP_DISTANCE_THRESHOLD: 80
Median RefSet dist: 198 | MIN_PR_DISTANCE: 200
Hijos PR: 15 | Total (inc. perturbación): 15
Insertados en población: 15 (PR=15, perturbación=0)
Sin mejora. real=71 cost=192694.0000
========================Resultados========================
Índice de Transmisión aproximado (real): 71
Costo heurístico: 192694.0000
Carga total: 3008
Numero de pares: 1560
Tiempo de ejecución: 3.2019 segundos
