========================Parámetros========================
Archivo: C:\Users\luisj\source\repos\Optimizacion en Scatter Search para el Problema del Indice de Transmision\Optimizacion en Scatter Search para el Problema del Indice de Transmision\test_graphs\wheel_graph\medium\wheel_graph_medium_(8).txt
Nodos: 80 | Población: 20 | RefSet: 10 | Iteraciones: 10
Precomputando caminos...
Construyendo base balanceada genérica...
Base inicial: indice=150
Construyendo población...
Mejorando población inicial...
Construyendo RefSet...
Iteración 1: real=150 cost=1780344.0000

--- Iteración 1 ---
Median Population dist: 2759 | POP_DISTANCE_THRESHOLD: 110
Median RefSet dist: 2753 | MIN_PR_DISTANCE: 413
Hijos PR: 30 | Total (inc. perturbación): 30
Insertados en población: 30 (PR=30, perturbación=0)
Sin mejora. real=150 cost=1780344.0000

--- Iteración 2 ---
Median Population dist: 1200 | POP_DISTANCE_THRESHOLD: 80
Median RefSet dist: 1924 | MIN_PR_DISTANCE: 288
Hijos PR: 26 | Total (inc. perturbación): 26
Insertados en población: 24 (PR=24, perturbación=0)
Sin mejora. real=150 cost=1780344.0000

--- Iteración 3 ---
Median Population dist: 143 | POP_DISTANCE_THRESHOLD: 80
Median RefSet dist: 1098 | MIN_PR_DISTANCE: 200
Estancamiento detectado, perturbación estratégica...
Perturbación: 100 pares modificados (de 1444 conflictivos)
Hijos PR: 19 | Total (inc. perturbación): 20
Insertados en población: 14 (PR=13, perturbación=1)
Sin mejora. real=150 cost=1780344.0000
Diversificando población...
Población convergida (ratio=0.023), reemplazando 50%
Diversificaciones sin mejora: 1

--- Iteración 4 ---
Median Population dist: 909 | POP_DISTANCE_THRESHOLD: 80
Median RefSet dist: 1345 | MIN_PR_DISTANCE: 201
Hijos PR: 30 | Total (inc. perturbación): 30
Insertados en población: 30 (PR=30, perturbación=0)
Sin mejora. real=150 cost=1780344.0000

--- Iteración 5 ---
Median Population dist: 103 | POP_DISTANCE_THRESHOLD: 80
Median RefSet dist: 762 | MIN_PR_DISTANCE: 200
Hijos PR: 17 | Total (inc. perturbación): 17
Insertados en población: 17 (PR=17, perturbación=0)
Sin mejora. real=150 cost=1780344.0000

--- Iteración 6 ---
Median Population dist: 100 | POP_DISTANCE_THRESHOLD: 80
Median RefSet dist: 98 | MIN_PR_DISTANCE: 200
Hijos PR: 0 | Total (inc. perturbación): 0
Insertados en población: 0 (PR=0, perturbación=0)
Sin mejora. real=150 cost=1780344.0000
Diversificando población...
Población convergida (ratio=0.016), reemplazando 50%
Diversificaciones sin mejora: 2

--- Iteración 7 ---
Median Population dist: 905 | POP_DISTANCE_THRESHOLD: 80
Median RefSet dist: 1356 | MIN_PR_DISTANCE: 203
Hijos PR: 30 | Total (inc. perturbación): 30
Insertados en población: 30 (PR=30, perturbación=0)
Sin mejora. real=150 cost=1780344.0000

--- Iteración 8 ---
Median Population dist: 100 | POP_DISTANCE_THRESHOLD: 80
Median RefSet dist: 749 | MIN_PR_DISTANCE: 200
Hijos PR: 20 | Total (inc. perturbación): 20
Insertados en población: 20 (PR=20, perturbación=0)
Sin mejora. real=150 cost=1780344.0000

--- Iteración 9 ---
Median Population dist: 96 | POP_DISTANCE_THRESHOLD: 80
Median RefSet dist: 106 | MIN_PR_DISTANCE: 200
Estancamiento detectado, perturbación estratégica...
Perturbación: 100 pares modificados (de 1444 conflictivos)
Hijos PR: 0 | Total (inc. perturbación): 1
Insertados en población: 1 (PR=0, perturbación=1)
Sin mejora. real=150 cost=1780344.0000
Diversificando población...
Población convergida (ratio=0.015), reemplazando 50%
Diversificaciones sin mejora: 3
Demasiadas diversificaciones sin mejora. Terminando.
========================Resultados========================
Índice de Transmisión aproximado (real): 150
Costo heurístico: 1780344.0000
Carga total: 12324
Numero de pares: 6320
Tiempo de ejecución: 8.2430 segundos
