========================Parámetros========================
Archivo: C:\Users\luisj\source\repos\Optimizacion en Scatter Search para el Problema del Indice de Transmision\Optimizacion en Scatter Search para el Problema del Indice de Transmision\test_graphs\wheel_graph\medium\wheel_graph_medium_(7).txt
Nodos: 70 | Población: 20 | RefSet: 10 | Iteraciones: 10
Precomputando caminos...
Construyendo base balanceada genérica...
Base inicial: indice=131
Construyendo población...
Mejorando población inicial...
Construyendo RefSet...
Iteración 1: real=131 cost=1169084.0000

--- Iteración 1 ---
Median Population dist: 2537 | POP_DISTANCE_THRESHOLD: 101
Median RefSet dist: 2556 | MIN_PR_DISTANCE: 383
Hijos PR: 30 | Total (inc. perturbación): 30
Insertados en población: 30 (PR=30, perturbación=0)
Sin mejora. real=131 cost=1169084.0000

--- Iteración 2 ---
Median Population dist: 1172 | POP_DISTANCE_THRESHOLD: 80
Median RefSet dist: 1845 | MIN_PR_DISTANCE: 276
Hijos PR: 26 | Total (inc. perturbación): 26
Insertados en población: 26 (PR=26, perturbación=0)
Sin mejora. real=131 cost=1169084.0000

--- Iteración 3 ---
Median Population dist: 1101 | POP_DISTANCE_THRESHOLD: 80
Median RefSet dist: 1103 | MIN_PR_DISTANCE: 200
Estancamiento detectado, perturbación estratégica...
Perturbación: 100 pares modificados (de 1245 conflictivos)
Hijos PR: 23 | Total (inc. perturbación): 24
Insertados en población: 24 (PR=23, perturbación=1)
Iter 3: Mejor real=131 cost=1167252.0000 [PR+Improve (PR dejó=131, improve bajó a 131)]
  Cargas min (10): [6, 6, 6, 6, 6, 6, 6, 6, 6, 6]
  Cargas max (10): [131, 131, 131, 131, 131, 131, 131, 131, 131, 131]

--- Iteración 4 ---
Median Population dist: 111 | POP_DISTANCE_THRESHOLD: 80
Median RefSet dist: 118 | MIN_PR_DISTANCE: 200
Hijos PR: 0 | Total (inc. perturbación): 0
Insertados en población: 0 (PR=0, perturbación=0)
Sin mejora. real=131 cost=1167252.0000

--- Iteración 5 ---
Median Population dist: 109 | POP_DISTANCE_THRESHOLD: 80
Median RefSet dist: 114 | MIN_PR_DISTANCE: 200
Hijos PR: 0 | Total (inc. perturbación): 0
Insertados en población: 0 (PR=0, perturbación=0)
Sin mejora. real=131 cost=1167252.0000

--- Iteración 6 ---
Median Population dist: 109 | POP_DISTANCE_THRESHOLD: 80
Median RefSet dist: 119 | MIN_PR_DISTANCE: 200
Hijos PR: 0 | Total (inc. perturbación): 0
Insertados en población: 0 (PR=0, perturbación=0)
Sin mejora. real=131 cost=1167252.0000
Diversificando población...
Población convergida (ratio=0.023), reemplazando 50%
Diversificaciones sin mejora: 1

--- Iteración 7 ---
Median Population dist: 718 | POP_DISTANCE_THRESHOLD: 80
Median RefSet dist: 1029 | MIN_PR_DISTANCE: 200
Hijos PR: 30 | Total (inc. perturbación): 30
Insertados en población: 30 (PR=30, perturbación=0)
Sin mejora. real=131 cost=1167252.0000

--- Iteración 8 ---
Median Population dist: 106 | POP_DISTANCE_THRESHOLD: 80
Median RefSet dist: 132 | MIN_PR_DISTANCE: 200
Hijos PR: 17 | Total (inc. perturbación): 17
Insertados en población: 17 (PR=17, perturbación=0)
Iter 8: Mejor real=131 cost=1166423.0000 [PR+Improve (PR dejó=132, improve bajó a 131)]
  Cargas min (10): [6, 6, 6, 6, 6, 6, 6, 6, 6, 6]
  Cargas max (10): [131, 131, 131, 131, 131, 131, 131, 131, 131, 131]

--- Iteración 9 ---
Median Population dist: 105 | POP_DISTANCE_THRESHOLD: 80
Median RefSet dist: 112 | MIN_PR_DISTANCE: 200
Hijos PR: 0 | Total (inc. perturbación): 0
Insertados en población: 0 (PR=0, perturbación=0)
Sin mejora. real=131 cost=1166423.0000

--- Iteración 10 ---
Median Population dist: 105 | POP_DISTANCE_THRESHOLD: 80
Median RefSet dist: 113 | MIN_PR_DISTANCE: 200
Hijos PR: 0 | Total (inc. perturbación): 0
Insertados en población: 0 (PR=0, perturbación=0)
Sin mejora. real=131 cost=1166423.0000
========================Resultados========================
Índice de Transmisión aproximado (real): 131
Costo heurístico: 1166423.0000
Carga total: 9465
Numero de pares: 4830
Tiempo de ejecución: 5.6589 segundos
