========================Parámetros========================
Archivo: C:\Users\luisj\source\repos\Optimizacion en Scatter Search para el Problema del Indice de Transmision\Optimizacion en Scatter Search para el Problema del Indice de Transmision\test_graphs\wheel_graph\large\wheel_graph_large_(1).txt
Nodos: 100 | Población: 30 | RefSet: 15 | Iteraciones: 5
Precomputando caminos...
Construyendo base balanceada genérica...
Base inicial: indice=191
Construyendo población...
Mejorando población inicial...
Construyendo RefSet...
Iteración 1: real=191 cost=3578204.0000

--- Iteración 1 ---
Median Population dist: 2993 | POP_DISTANCE_THRESHOLD: 119
Median RefSet dist: 3687 | MIN_PR_DISTANCE: 553
Hijos PR: 40 | Total (inc. perturbación): 40
Insertados en población: 40 (PR=40, perturbación=0)
Sin mejora. real=191 cost=3578204.0000

--- Iteración 2 ---
Median Population dist: 2051 | POP_DISTANCE_THRESHOLD: 82
Median RefSet dist: 2084 | MIN_PR_DISTANCE: 312
Hijos PR: 34 | Total (inc. perturbación): 34
Insertados en población: 34 (PR=34, perturbación=0)
Sin mejora. real=191 cost=3578204.0000

--- Iteración 3 ---
Median Population dist: 1136 | POP_DISTANCE_THRESHOLD: 80
Median RefSet dist: 1161 | MIN_PR_DISTANCE: 200
Estancamiento detectado, perturbación estratégica...
Perturbación: 100 pares modificados (de 1845 conflictivos)
Hijos PR: 33 | Total (inc. perturbación): 34
Insertados en población: 34 (PR=33, perturbación=1)
Sin mejora. real=191 cost=3578204.0000
Diversificando población...
Población convergida (ratio=0.115), reemplazando 50%
Diversificaciones sin mejora: 1

--- Iteración 4 ---
Median Population dist: 1396 | POP_DISTANCE_THRESHOLD: 80
Median RefSet dist: 2156 | MIN_PR_DISTANCE: 323
Hijos PR: 40 | Total (inc. perturbación): 40
Insertados en población: 40 (PR=40, perturbación=0)
Sin mejora. real=191 cost=3578204.0000

--- Iteración 5 ---
Median Population dist: 1251 | POP_DISTANCE_THRESHOLD: 80
Median RefSet dist: 1334 | MIN_PR_DISTANCE: 200
Hijos PR: 32 | Total (inc. perturbación): 32
Insertados en población: 32 (PR=32, perturbación=0)
Sin mejora. real=191 cost=3578204.0000
========================Resultados========================
Índice de Transmisión aproximado (real): 191
Costo heurístico: 3578204.0000
Carga total: 19404
Numero de pares: 9900
Tiempo de ejecución: 16.4610 segundos
