========================Parámetros========================
Archivo: C:\Users\luisj\source\repos\Optimizacion en Scatter Search para el Problema del Indice de Transmision\Optimizacion en Scatter Search para el Problema del Indice de Transmision\test_graphs\wheel_graph\medium\wheel_graph_medium_(9).txt
Nodos: 90 | Población: 20 | RefSet: 10 | Iteraciones: 10
Precomputando caminos...
Construyendo base balanceada genérica...
Base inicial: indice=170
Construyendo población...
Mejorando población inicial...
Construyendo RefSet...
Iteración 1: real=170 cost=2575304.0000

--- Iteración 1 ---
Median Population dist: 3887 | POP_DISTANCE_THRESHOLD: 155
Median RefSet dist: 3858 | MIN_PR_DISTANCE: 578
Hijos PR: 25 | Total (inc. perturbación): 25
Insertados en población: 25 (PR=25, perturbación=0)
Sin mejora. real=170 cost=2575304.0000

--- Iteración 2 ---
Median Population dist: 1202 | POP_DISTANCE_THRESHOLD: 80
Median RefSet dist: 2018 | MIN_PR_DISTANCE: 302
Hijos PR: 25 | Total (inc. perturbación): 25
Insertados en población: 25 (PR=25, perturbación=0)
Sin mejora. real=170 cost=2575304.0000

--- Iteración 3 ---
Median Population dist: 577 | POP_DISTANCE_THRESHOLD: 80
Median RefSet dist: 1121 | MIN_PR_DISTANCE: 200
Estancamiento detectado, perturbación estratégica...
Perturbación: 100 pares modificados (de 1644 conflictivos)
Hijos PR: 22 | Total (inc. perturbación): 23
Insertados en población: 19 (PR=18, perturbación=1)
Sin mejora. real=170 cost=2575304.0000
Diversificando población...
Población convergida (ratio=0.072), reemplazando 50%
Diversificaciones sin mejora: 1

--- Iteración 4 ---
Median Population dist: 1127 | POP_DISTANCE_THRESHOLD: 80
Median RefSet dist: 1729 | MIN_PR_DISTANCE: 259
Hijos PR: 30 | Total (inc. perturbación): 30
Insertados en población: 30 (PR=30, perturbación=0)
Sin mejora. real=170 cost=2575304.0000

--- Iteración 5 ---
Median Population dist: 101 | POP_DISTANCE_THRESHOLD: 80
Median RefSet dist: 1060 | MIN_PR_DISTANCE: 200
Hijos PR: 18 | Total (inc. perturbación): 18
Insertados en población: 18 (PR=18, perturbación=0)
Sin mejora. real=170 cost=2575304.0000

--- Iteración 6 ---
Median Population dist: 88 | POP_DISTANCE_THRESHOLD: 80
Median RefSet dist: 94 | MIN_PR_DISTANCE: 200
Hijos PR: 0 | Total (inc. perturbación): 0
Insertados en población: 0 (PR=0, perturbación=0)
Sin mejora. real=170 cost=2575304.0000
Diversificando población...
Población convergida (ratio=0.011), reemplazando 50%
Diversificaciones sin mejora: 2

--- Iteración 7 ---
Median Population dist: 1116 | POP_DISTANCE_THRESHOLD: 80
Median RefSet dist: 1735 | MIN_PR_DISTANCE: 260
Hijos PR: 30 | Total (inc. perturbación): 30
Insertados en población: 30 (PR=30, perturbación=0)
Sin mejora. real=170 cost=2575304.0000

--- Iteración 8 ---
Median Population dist: 108 | POP_DISTANCE_THRESHOLD: 80
Median RefSet dist: 1070 | MIN_PR_DISTANCE: 200
Hijos PR: 20 | Total (inc. perturbación): 20
Insertados en población: 20 (PR=20, perturbación=0)
Sin mejora. real=170 cost=2575304.0000

--- Iteración 9 ---
Median Population dist: 87 | POP_DISTANCE_THRESHOLD: 80
Median RefSet dist: 87 | MIN_PR_DISTANCE: 200
Estancamiento detectado, perturbación estratégica...
Perturbación: 100 pares modificados (de 1644 conflictivos)
Hijos PR: 0 | Total (inc. perturbación): 1
Insertados en población: 1 (PR=0, perturbación=1)
Sin mejora. real=170 cost=2575304.0000
Diversificando población...
Población convergida (ratio=0.011), reemplazando 50%
Diversificaciones sin mejora: 3
Demasiadas diversificaciones sin mejora. Terminando.
========================Resultados========================
Índice de Transmisión aproximado (real): 170
Costo heurístico: 2575304.0000
Carga total: 15664
Numero de pares: 8010
Tiempo de ejecución: 10.4166 segundos
