========================Parámetros========================
Archivo: C:\Users\luisj\source\repos\Optimizacion en Scatter Search para el Problema del Indice de Transmision\Optimizacion en Scatter Search para el Problema del Indice de Transmision\test_graphs\wheel_graph\medium\wheel_graph_medium_(3).txt
Nodos: 30 | Población: 20 | RefSet: 10 | Iteraciones: 10
Precomputando caminos...
Construyendo base balanceada genérica...
Base inicial: indice=51
Construyendo población...
Mejorando población inicial...
Construyendo RefSet...
Iteración 1: real=51 cost=73724.0000

--- Iteración 1 ---
Median Population dist: 366 | POP_DISTANCE_THRESHOLD: 80
Median RefSet dist: 369 | MIN_PR_DISTANCE: 200
Hijos PR: 30 | Total (inc. perturbación): 30
Insertados en población: 30 (PR=30, perturbación=0)
Sin mejora. real=51 cost=73724.0000

--- Iteración 2 ---
Median Population dist: 791 | POP_DISTANCE_THRESHOLD: 80
Median RefSet dist: 382 | MIN_PR_DISTANCE: 200
Hijos PR: 25 | Total (inc. perturbación): 25
Insertados en población: 25 (PR=25, perturbación=0)
Sin mejora. real=51 cost=73724.0000

--- Iteración 3 ---
Median Population dist: 79 | POP_DISTANCE_THRESHOLD: 80
Median RefSet dist: 743 | MIN_PR_DISTANCE: 200
Estancamiento detectado, perturbación estratégica...
Perturbación: 100 pares modificados (de 445 conflictivos)
Hijos PR: 14 | Total (inc. perturbación): 15
Insertados en población: 15 (PR=14, perturbación=1)
Sin mejora. real=51 cost=73724.0000
Diversificando población...
Población convergida (ratio=0.091), reemplazando 50%
Diversificaciones sin mejora: 1

--- Iteración 4 ---
Median Population dist: 174 | POP_DISTANCE_THRESHOLD: 80
Median RefSet dist: 171 | MIN_PR_DISTANCE: 200
Hijos PR: 0 | Total (inc. perturbación): 0
Insertados en población: 0 (PR=0, perturbación=0)
Sin mejora. real=51 cost=73724.0000

--- Iteración 5 ---
Median Population dist: 175 | POP_DISTANCE_THRESHOLD: 80
Median RefSet dist: 170 | MIN_PR_DISTANCE: 200
Hijos PR: 0 | Total (inc. perturbación): 0
Insertados en población: 0 (PR=0, perturbación=0)
Sin mejora. real=51 cost=73724.0000

--- Iteración 6 ---
Median Population dist: 177 | POP_DISTANCE_THRESHOLD: 80
Median RefSet dist: 171 | MIN_PR_DISTANCE: 200
Hijos PR: 0 | Total (inc. perturbación): 0
Insertados en población: 0 (PR=0, perturbación=0)
Sin mejora. real=51 cost=73724.0000
Diversificando población...
Diversificaciones sin mejora: 2

--- Iteración 7 ---
Median Population dist: 175 | POP_DISTANCE_THRESHOLD: 80
Median RefSet dist: 173 | MIN_PR_DISTANCE: 200
Hijos PR: 0 | Total (inc. perturbación): 0
Insertados en población: 0 (PR=0, perturbación=0)
Sin mejora. real=51 cost=73724.0000

--- Iteración 8 ---
Median Population dist: 177 | POP_DISTANCE_THRESHOLD: 80
Median RefSet dist: 173 | MIN_PR_DISTANCE: 200
Hijos PR: 0 | Total (inc. perturbación): 0
Insertados en población: 0 (PR=0, perturbación=0)
Sin mejora. real=51 cost=73724.0000

--- Iteración 9 ---
Median Population dist: 175 | POP_DISTANCE_THRESHOLD: 80
Median RefSet dist: 170 | MIN_PR_DISTANCE: 200
Estancamiento detectado, perturbación estratégica...
Perturbación: 100 pares modificados (de 445 conflictivos)
Hijos PR: 0 | Total (inc. perturbación): 1
Insertados en población: 1 (PR=0, perturbación=1)
Sin mejora. real=51 cost=73724.0000
Diversificando población...
Diversificaciones sin mejora: 3
Demasiadas diversificaciones sin mejora. Terminando.
========================Resultados========================
Índice de Transmisión aproximado (real): 51
Costo heurístico: 73724.0000
Carga total: 1624
Numero de pares: 870
Tiempo de ejecución: 1.4598 segundos
