========================Parámetros========================
Archivo: C:\Users\luisj\source\repos\Optimizacion en Scatter Search para el Problema del Indice de Transmision\Optimizacion en Scatter Search para el Problema del Indice de Transmision\test_graphs\wheel_graph\medium\wheel_graph_medium_(5).txt
Nodos: 50 | Población: 20 | RefSet: 10 | Iteraciones: 10
Precomputando caminos...
Construyendo base balanceada genérica...
Base inicial: indice=90
Construyendo población...
Mejorando población inicial...
Construyendo RefSet...
Iteración 1: real=90 cost=398345.0000

--- Iteración 1 ---
Median Population dist: 1521 | POP_DISTANCE_THRESHOLD: 80
Median RefSet dist: 1700 | MIN_PR_DISTANCE: 255
Hijos PR: 25 | Total (inc. perturbación): 25
Insertados en población: 25 (PR=25, perturbación=0)
Sin mejora. real=90 cost=398345.0000

--- Iteración 2 ---
Median Population dist: 1178 | POP_DISTANCE_THRESHOLD: 80
Median RefSet dist: 1418 | MIN_PR_DISTANCE: 212
Hijos PR: 26 | Total (inc. perturbación): 26
Insertados en población: 26 (PR=26, perturbación=0)
Sin mejora. real=90 cost=398345.0000

--- Iteración 3 ---
Median Population dist: 96 | POP_DISTANCE_THRESHOLD: 80
Median RefSet dist: 96 | MIN_PR_DISTANCE: 200
Estancamiento detectado, perturbación estratégica...
Perturbación: 100 pares modificados (de 844 conflictivos)
Hijos PR: 17 | Total (inc. perturbación): 18
Insertados en población: 18 (PR=17, perturbación=1)
Sin mejora. real=90 cost=398345.0000
Diversificando población...
Población convergida (ratio=0.039), reemplazando 50%
Diversificaciones sin mejora: 1

--- Iteración 4 ---
Median Population dist: 399 | POP_DISTANCE_THRESHOLD: 80
Median RefSet dist: 510 | MIN_PR_DISTANCE: 200
Hijos PR: 30 | Total (inc. perturbación): 30
Insertados en población: 30 (PR=30, perturbación=0)
Sin mejora. real=90 cost=398345.0000

--- Iteración 5 ---
Median Population dist: 114 | POP_DISTANCE_THRESHOLD: 80
Median RefSet dist: 292 | MIN_PR_DISTANCE: 200
Hijos PR: 13 | Total (inc. perturbación): 13
Insertados en población: 12 (PR=12, perturbación=0)
Sin mejora. real=90 cost=398345.0000

--- Iteración 6 ---
Median Population dist: 106 | POP_DISTANCE_THRESHOLD: 80
Median RefSet dist: 110 | MIN_PR_DISTANCE: 200
Hijos PR: 0 | Total (inc. perturbación): 0
Insertados en población: 0 (PR=0, perturbación=0)
Sin mejora. real=90 cost=398345.0000
Diversificando población...
Población convergida (ratio=0.043), reemplazando 50%
Diversificaciones sin mejora: 2

--- Iteración 7 ---
Median Population dist: 393 | POP_DISTANCE_THRESHOLD: 80
Median RefSet dist: 507 | MIN_PR_DISTANCE: 200
Hijos PR: 30 | Total (inc. perturbación): 30
Insertados en población: 30 (PR=30, perturbación=0)
Sin mejora. real=90 cost=398345.0000

--- Iteración 8 ---
Median Population dist: 123 | POP_DISTANCE_THRESHOLD: 80
Median RefSet dist: 320 | MIN_PR_DISTANCE: 200
Hijos PR: 17 | Total (inc. perturbación): 17
Insertados en población: 14 (PR=14, perturbación=0)
Sin mejora. real=90 cost=398345.0000

--- Iteración 9 ---
Median Population dist: 108 | POP_DISTANCE_THRESHOLD: 80
Median RefSet dist: 100 | MIN_PR_DISTANCE: 200
Estancamiento detectado, perturbación estratégica...
Perturbación: 100 pares modificados (de 844 conflictivos)
Hijos PR: 0 | Total (inc. perturbación): 1
Insertados en población: 1 (PR=0, perturbación=1)
Sin mejora. real=90 cost=398345.0000
Diversificando población...
Población convergida (ratio=0.044), reemplazando 50%
Diversificaciones sin mejora: 3
Demasiadas diversificaciones sin mejora. Terminando.
========================Resultados========================
Índice de Transmisión aproximado (real): 90
Costo heurístico: 398345.0000
Carga total: 4705
Numero de pares: 2450
Tiempo de ejecución: 3.9175 segundos
