========================Parámetros========================
Archivo: C:\Users\luisj\source\repos\Optimizacion en Scatter Search para el Problema del Indice de Transmision\Optimizacion en Scatter Search para el Problema del Indice de Transmision\test_graphs\wheel_graph\small\wheel_graph_small_(5).txt
Nodos: 6 | Población: 10 | RefSet: 5 | Iteraciones: 5
Precomputando caminos...
Construyendo base balanceada genérica...
Base inicial: indice=5
Construyendo población...
Mejorando población inicial...
Construyendo RefSet...
Iteración 1: real=4 cost=160.0000

--- Iteración 1 ---
Median Population dist: 9 | POP_DISTANCE_THRESHOLD: 80
Median RefSet dist: 9 | MIN_PR_DISTANCE: 200
Hijos PR: 0 | Total (inc. perturbación): 0
Insertados en población: 0 (PR=0, perturbación=0)
Sin mejora. real=4 cost=160.0000

--- Iteración 2 ---
Median Population dist: 9 | POP_DISTANCE_THRESHOLD: 80
Median RefSet dist: 9 | MIN_PR_DISTANCE: 200
Hijos PR: 0 | Total (inc. perturbación): 0
Insertados en población: 0 (PR=0, perturbación=0)
Sin mejora. real=4 cost=160.0000

--- Iteración 3 ---
Median Population dist: 9 | POP_DISTANCE_THRESHOLD: 80
Median RefSet dist: 9 | MIN_PR_DISTANCE: 200
Estancamiento detectado, perturbación estratégica...
Perturbación: 30 pares modificados (de 30 conflictivos)
Hijos PR: 0 | Total (inc. perturbación): 1
Insertados en población: 0 (PR=0, perturbación=0)
Sin mejora. real=4 cost=160.0000
Diversificando población...
Diversificaciones sin mejora: 1

--- Iteración 4 ---
Median Population dist: 9 | POP_DISTANCE_THRESHOLD: 80
Median RefSet dist: 8 | MIN_PR_DISTANCE: 200
Hijos PR: 0 | Total (inc. perturbación): 0
Insertados en población: 0 (PR=0, perturbación=0)
Sin mejora. real=4 cost=160.0000

--- Iteración 5 ---
Median Population dist: 9 | POP_DISTANCE_THRESHOLD: 80
Median RefSet dist: 8 | MIN_PR_DISTANCE: 200
Hijos PR: 0 | Total (inc. perturbación): 0
Insertados en población: 0 (PR=0, perturbación=0)
Sin mejora. real=4 cost=160.0000
========================Resultados========================
Índice de Transmisión aproximado (real): 4
Costo heurístico: 160.0000
Carga total: 40
Numero de pares: 30
Tiempo de ejecución: 0.0135 segundos
