========================Parámetros========================
Archivo: C:\Users\luisj\source\repos\Optimizacion en Scatter Search para el Problema del Indice de Transmision\Optimizacion en Scatter Search para el Problema del Indice de Transmision\test_graphs\wheel_graph\medium\wheel_graph_medium_(6).txt
Nodos: 60 | Población: 20 | RefSet: 10 | Iteraciones: 10
Precomputando caminos...
Construyendo base balanceada genérica...
Base inicial: indice=110
Construyendo población...
Mejorando población inicial...
Construyendo RefSet...
Iteración 1: real=110 cost=716024.0000

--- Iteración 1 ---
Median Population dist: 2225 | POP_DISTANCE_THRESHOLD: 89
Median RefSet dist: 2225 | MIN_PR_DISTANCE: 333
Hijos PR: 25 | Total (inc. perturbación): 25
Insertados en población: 25 (PR=25, perturbación=0)
Sin mejora. real=110 cost=716024.0000

--- Iteración 2 ---
Median Population dist: 1177 | POP_DISTANCE_THRESHOLD: 80
Median RefSet dist: 1688 | MIN_PR_DISTANCE: 253
Hijos PR: 27 | Total (inc. perturbación): 27
Insertados en población: 27 (PR=27, perturbación=0)
Sin mejora. real=110 cost=716024.0000

--- Iteración 3 ---
Median Population dist: 96 | POP_DISTANCE_THRESHOLD: 80
Median RefSet dist: 110 | MIN_PR_DISTANCE: 200
Estancamiento detectado, perturbación estratégica...
Perturbación: 100 pares modificados (de 1044 conflictivos)
Hijos PR: 15 | Total (inc. perturbación): 16
Insertados en población: 14 (PR=13, perturbación=1)
Sin mejora. real=110 cost=716024.0000
Diversificando población...
Población convergida (ratio=0.027), reemplazando 50%
Diversificaciones sin mejora: 1

--- Iteración 4 ---
Median Population dist: 543 | POP_DISTANCE_THRESHOLD: 80
Median RefSet dist: 742 | MIN_PR_DISTANCE: 200
Hijos PR: 30 | Total (inc. perturbación): 30
Insertados en población: 29 (PR=29, perturbación=0)
Sin mejora. real=110 cost=716024.0000

--- Iteración 5 ---
Median Population dist: 129 | POP_DISTANCE_THRESHOLD: 80
Median RefSet dist: 494 | MIN_PR_DISTANCE: 200
Hijos PR: 25 | Total (inc. perturbación): 25
Insertados en población: 25 (PR=25, perturbación=0)
Sin mejora. real=110 cost=716024.0000

--- Iteración 6 ---
Median Population dist: 108 | POP_DISTANCE_THRESHOLD: 80
Median RefSet dist: 106 | MIN_PR_DISTANCE: 200
Hijos PR: 0 | Total (inc. perturbación): 0
Insertados en población: 0 (PR=0, perturbación=0)
Sin mejora. real=110 cost=716024.0000
Diversificando población...
Población convergida (ratio=0.031), reemplazando 50%
Diversificaciones sin mejora: 2

--- Iteración 7 ---
Median Population dist: 546 | POP_DISTANCE_THRESHOLD: 80
Median RefSet dist: 747 | MIN_PR_DISTANCE: 200
Hijos PR: 30 | Total (inc. perturbación): 30
Insertados en población: 30 (PR=30, perturbación=0)
Sin mejora. real=110 cost=716024.0000

--- Iteración 8 ---
Median Population dist: 105 | POP_DISTANCE_THRESHOLD: 80
Median RefSet dist: 120 | MIN_PR_DISTANCE: 200
Hijos PR: 11 | Total (inc. perturbación): 11
Insertados en población: 11 (PR=11, perturbación=0)
Sin mejora. real=110 cost=716024.0000

--- Iteración 9 ---
Median Population dist: 102 | POP_DISTANCE_THRESHOLD: 80
Median RefSet dist: 104 | MIN_PR_DISTANCE: 200
Estancamiento detectado, perturbación estratégica...
Perturbación: 100 pares modificados (de 1044 conflictivos)
Hijos PR: 0 | Total (inc. perturbación): 1
Insertados en población: 1 (PR=0, perturbación=1)
Sin mejora. real=110 cost=716024.0000
Diversificando población...
Población convergida (ratio=0.029), reemplazando 50%
Diversificaciones sin mejora: 3
Demasiadas diversificaciones sin mejora. Terminando.
========================Resultados========================
Índice de Transmisión aproximado (real): 110
Costo heurístico: 716024.0000
Carga total: 6844
Numero de pares: 3540
Tiempo de ejecución: 4.7340 segundos
