========================Parámetros========================
Archivo: C:\Users\luisj\source\repos\Optimizacion en Scatter Search para el Problema del Indice de Transmision\Optimizacion en Scatter Search para el Problema del Indice de Transmision\test_graphs\wheel_graph\large\wheel_graph_large_(5).txt
Nodos: 500 | Población: 30 | RefSet: 15 | Iteraciones: 5
Precomputando caminos...
Construyendo base balanceada genérica...
Base inicial: indice=991
Construyendo población...
Mejorando población inicial...
Construyendo RefSet...
Iteración 1: real=991 cost=489111504.0000

--- Iteración 1 ---
Median Population dist: 3387 | POP_DISTANCE_THRESHOLD: 135
Median RefSet dist: 3500 | MIN_PR_DISTANCE: 525
Hijos PR: 40 | Total (inc. perturbación): 40
Insertados en población: 40 (PR=40, perturbación=0)
Sin mejora. real=991 cost=489111504.0000

--- Iteración 2 ---
Median Population dist: 2209 | POP_DISTANCE_THRESHOLD: 88
Median RefSet dist: 1218 | MIN_PR_DISTANCE: 200
Hijos PR: 37 | Total (inc. perturbación): 37
Insertados en población: 36 (PR=36, perturbación=0)
Sin mejora. real=991 cost=489111504.0000

--- Iteración 3 ---
Median Population dist: 1065 | POP_DISTANCE_THRESHOLD: 80
Median RefSet dist: 1126 | MIN_PR_DISTANCE: 200
Estancamiento detectado, perturbación estratégica...
Perturbación: 748 pares modificados (de 9829 conflictivos)
Hijos PR: 36 | Total (inc. perturbación): 37
Insertados en población: 34 (PR=34, perturbación=0)
Sin mejora. real=991 cost=489111504.0000
Diversificando población...
Población convergida (ratio=0.004), reemplazando 50%
Diversificaciones sin mejora: 1

--- Iteración 4 ---
Median Population dist: 4968 | POP_DISTANCE_THRESHOLD: 198
Median RefSet dist: 7829 | MIN_PR_DISTANCE: 1174
Hijos PR: 40 | Total (inc. perturbación): 40
Insertados en población: 40 (PR=40, perturbación=0)
Sin mejora. real=991 cost=489111504.0000

--- Iteración 5 ---
Median Population dist: 210 | POP_DISTANCE_THRESHOLD: 80
Median RefSet dist: 206 | MIN_PR_DISTANCE: 200
Hijos PR: 24 | Total (inc. perturbación): 24
Insertados en población: 14 (PR=14, perturbación=0)
Sin mejora. real=991 cost=489111504.0000
========================Resultados========================
Índice de Transmisión aproximado (real): 991
Costo heurístico: 489111504.0000
Carga total: 497004
Numero de pares: 249500
Tiempo de ejecución: 855.6477 segundos
