========================Parámetros========================
Archivo: C:\Users\luisj\source\repos\Optimizacion en Scatter Search para el Problema del Indice de Transmision\Optimizacion en Scatter Search para el Problema del Indice de Transmision\test_graphs\wheel_graph\large\wheel_graph_large_(4).txt
Nodos: 400 | Población: 30 | RefSet: 15 | Iteraciones: 5
Precomputando caminos...
Construyendo base balanceada genérica...
Base inicial: indice=791
Construyendo población...
Mejorando población inicial...
Construyendo RefSet...
Iteración 1: real=791 cost=249033404.0000

--- Iteración 1 ---
Median Population dist: 3382 | POP_DISTANCE_THRESHOLD: 135
Median RefSet dist: 3378 | MIN_PR_DISTANCE: 506
Hijos PR: 40 | Total (inc. perturbación): 40
Insertados en población: 40 (PR=40, perturbación=0)
Sin mejora. real=791 cost=249033404.0000

--- Iteración 2 ---
Median Population dist: 2207 | POP_DISTANCE_THRESHOLD: 88
Median RefSet dist: 1221 | MIN_PR_DISTANCE: 200
Hijos PR: 37 | Total (inc. perturbación): 37
Insertados en población: 37 (PR=37, perturbación=0)
Sin mejora. real=791 cost=249033404.0000

--- Iteración 3 ---
Median Population dist: 1029 | POP_DISTANCE_THRESHOLD: 80
Median RefSet dist: 208 | MIN_PR_DISTANCE: 200
Estancamiento detectado, perturbación estratégica...
Perturbación: 478 pares modificados (de 7845 conflictivos)
Hijos PR: 29 | Total (inc. perturbación): 30
Insertados en población: 21 (PR=20, perturbación=1)
Sin mejora. real=791 cost=249033404.0000
Diversificando población...
Población convergida (ratio=0.006), reemplazando 50%
Diversificaciones sin mejora: 1

--- Iteración 4 ---
Median Population dist: 4797 | POP_DISTANCE_THRESHOLD: 191
Median RefSet dist: 7764 | MIN_PR_DISTANCE: 1164
Hijos PR: 40 | Total (inc. perturbación): 40
Insertados en población: 40 (PR=40, perturbación=0)
Sin mejora. real=791 cost=249033404.0000

--- Iteración 5 ---
Median Population dist: 4680 | POP_DISTANCE_THRESHOLD: 187
Median RefSet dist: 4622 | MIN_PR_DISTANCE: 693
Hijos PR: 16 | Total (inc. perturbación): 16
Insertados en población: 15 (PR=15, perturbación=0)
Sin mejora. real=791 cost=249033404.0000
========================Resultados========================
Índice de Transmisión aproximado (real): 791
Costo heurístico: 249033404.0000
Carga total: 317604
Numero de pares: 159600
Tiempo de ejecución: 424.0597 segundos
