========================Parámetros========================
Archivo: C:\Users\luisj\source\repos\Optimizacion en Scatter Search para el Problema del Indice de Transmision\Optimizacion en Scatter Search para el Problema del Indice de Transmision\test_graphs\wheel_graph\medium\wheel_graph_medium_(8).txt
Nodos: 80 | Población: 20 | RefSet: 10 | Iteraciones: 10
Precomputando caminos...
Construyendo base balanceada genérica...
Base inicial: indice=151
Construyendo población...
Mejorando población inicial...
Construyendo RefSet...
Iteración 1: real=150 cost=1780344.0000

--- Iteración 1 ---
Median Population dist: 2763 | POP_DISTANCE_THRESHOLD: 110
Median RefSet dist: 3565 | MIN_PR_DISTANCE: 534
Hijos PR: 28 | Total (inc. perturbación): 28
Insertados en población: 28 (PR=28, perturbación=0)
Sin mejora. real=150 cost=1780344.0000

--- Iteración 2 ---
Median Population dist: 1191 | POP_DISTANCE_THRESHOLD: 80
Median RefSet dist: 1223 | MIN_PR_DISTANCE: 200
Hijos PR: 27 | Total (inc. perturbación): 27
Insertados en población: 21 (PR=21, perturbación=0)
Sin mejora. real=150 cost=1780344.0000

--- Iteración 3 ---
Median Population dist: 131 | POP_DISTANCE_THRESHOLD: 80
Median RefSet dist: 1124 | MIN_PR_DISTANCE: 200
Estancamiento detectado, perturbación estratégica...
Perturbación: 100 pares modificados (de 1444 conflictivos)
Hijos PR: 19 | Total (inc. perturbación): 20
Insertados en población: 17 (PR=16, perturbación=1)
Sin mejora. real=150 cost=1780344.0000
Diversificando población...
Población convergida (ratio=0.021), reemplazando 50%
Diversificaciones sin mejora: 1

--- Iteración 4 ---
Median Population dist: 913 | POP_DISTANCE_THRESHOLD: 80
Median RefSet dist: 1356 | MIN_PR_DISTANCE: 203
Hijos PR: 30 | Total (inc. perturbación): 30
Insertados en población: 30 (PR=30, perturbación=0)
Sin mejora. real=150 cost=1780344.0000

--- Iteración 5 ---
Median Population dist: 109 | POP_DISTANCE_THRESHOLD: 80
Median RefSet dist: 824 | MIN_PR_DISTANCE: 200
Hijos PR: 15 | Total (inc. perturbación): 15
Insertados en población: 15 (PR=15, perturbación=0)
Sin mejora. real=150 cost=1780344.0000

--- Iteración 6 ---
Median Population dist: 105 | POP_DISTANCE_THRESHOLD: 80
Median RefSet dist: 91 | MIN_PR_DISTANCE: 200
Hijos PR: 0 | Total (inc. perturbación): 0
Insertados en población: 0 (PR=0, perturbación=0)
Sin mejora. real=150 cost=1780344.0000
Diversificando población...
Población convergida (ratio=0.017), reemplazando 50%
Diversificaciones sin mejora: 2

--- Iteración 7 ---
Median Population dist: 912 | POP_DISTANCE_THRESHOLD: 80
Median RefSet dist: 1358 | MIN_PR_DISTANCE: 203
Hijos PR: 30 | Total (inc. perturbación): 30
Insertados en población: 30 (PR=30, perturbación=0)
Sin mejora. real=150 cost=1780344.0000

--- Iteración 8 ---
Median Population dist: 102 | POP_DISTANCE_THRESHOLD: 80
Median RefSet dist: 828 | MIN_PR_DISTANCE: 200
Hijos PR: 18 | Total (inc. perturbación): 18
Insertados en población: 18 (PR=18, perturbación=0)
Sin mejora. real=150 cost=1780344.0000

--- Iteración 9 ---
Median Population dist: 95 | POP_DISTANCE_THRESHOLD: 80
Median RefSet dist: 97 | MIN_PR_DISTANCE: 200
Estancamiento detectado, perturbación estratégica...
Perturbación: 100 pares modificados (de 1444 conflictivos)
Hijos PR: 0 | Total (inc. perturbación): 1
Insertados en población: 1 (PR=0, perturbación=1)
Sin mejora. real=150 cost=1780344.0000
Diversificando población...
Población convergida (ratio=0.015), reemplazando 50%
Diversificaciones sin mejora: 3
Demasiadas diversificaciones sin mejora. Terminando.
========================Resultados========================
Índice de Transmisión aproximado (real): 150
Costo heurístico: 1780344.0000
Carga total: 12324
Numero de pares: 6320
Tiempo de ejecución: 8.3600 segundos
