========================Parámetros========================
Archivo: C:\Users\luisj\source\repos\Optimizacion en Scatter Search para el Problema del Indice de Transmision\Optimizacion en Scatter Search para el Problema del Indice de Transmision\test_graphs\wheel_graph\small\wheel_graph_small_(8).txt
Nodos: 9 | Población: 10 | RefSet: 5 | Iteraciones: 5
Precomputando caminos...
Construyendo base balanceada genérica...
Base inicial: indice=9
Construyendo población...
Mejorando población inicial...
Construyendo RefSet...
Iteración 1: real=8 cost=850.0000

--- Iteración 1 ---
Median Population dist: 31 | POP_DISTANCE_THRESHOLD: 80
Median RefSet dist: 34 | MIN_PR_DISTANCE: 200
Hijos PR: 0 | Total (inc. perturbación): 0
Insertados en población: 0 (PR=0, perturbación=0)
Sin mejora. real=8 cost=850.0000

--- Iteración 2 ---
Median Population dist: 31 | POP_DISTANCE_THRESHOLD: 80
Median RefSet dist: 34 | MIN_PR_DISTANCE: 200
Hijos PR: 0 | Total (inc. perturbación): 0
Insertados en población: 0 (PR=0, perturbación=0)
Sin mejora. real=8 cost=850.0000

--- Iteración 3 ---
Median Population dist: 31 | POP_DISTANCE_THRESHOLD: 80
Median RefSet dist: 34 | MIN_PR_DISTANCE: 200
Estancamiento detectado, perturbación estratégica...
Perturbación: 57 pares modificados (de 57 conflictivos)
Hijos PR: 0 | Total (inc. perturbación): 1
Insertados en población: 1 (PR=0, perturbación=1)
Sin mejora. real=8 cost=850.0000
Diversificando población...
Diversificaciones sin mejora: 1

--- Iteración 4 ---
Median Population dist: 41 | POP_DISTANCE_THRESHOLD: 80
Median RefSet dist: 45 | MIN_PR_DISTANCE: 200
Hijos PR: 0 | Total (inc. perturbación): 0
Insertados en población: 0 (PR=0, perturbación=0)
Sin mejora. real=8 cost=850.0000

--- Iteración 5 ---
Median Population dist: 41 | POP_DISTANCE_THRESHOLD: 80
Median RefSet dist: 45 | MIN_PR_DISTANCE: 200
Hijos PR: 0 | Total (inc. perturbación): 0
Insertados en población: 0 (PR=0, perturbación=0)
Sin mejora. real=8 cost=850.0000
========================Resultados========================
Índice de Transmisión aproximado (real): 8
Costo heurístico: 850.0000
Carga total: 116
Numero de pares: 72
Tiempo de ejecución: 0.0200 segundos
