========================Parámetros========================
Archivo: C:\Users\luisj\source\repos\Optimizacion en Scatter Search para el Problema del Indice de Transmision\Optimizacion en Scatter Search para el Problema del Indice de Transmision\test_graphs\wheel_graph\medium\wheel_graph_medium_(3).txt
Nodos: 30 | Población: 20 | RefSet: 10 | Iteraciones: 10
Precomputando caminos...
Construyendo base balanceada genérica...
Base inicial: indice=51
Construyendo población...
Mejorando población inicial...
Construyendo RefSet...
Iteración 1: real=51 cost=73724.0000

--- Iteración 1 ---
Median Population dist: 365 | POP_DISTANCE_THRESHOLD: 80
Median RefSet dist: 367 | MIN_PR_DISTANCE: 200
Hijos PR: 30 | Total (inc. perturbación): 30
Insertados en población: 30 (PR=30, perturbación=0)
Sin mejora. real=51 cost=73724.0000

--- Iteración 2 ---
Median Population dist: 387 | POP_DISTANCE_THRESHOLD: 80
Median RefSet dist: 374 | MIN_PR_DISTANCE: 200
Hijos PR: 27 | Total (inc. perturbación): 27
Insertados en población: 27 (PR=27, perturbación=0)
Sin mejora. real=51 cost=73724.0000

--- Iteración 3 ---
Median Population dist: 755 | POP_DISTANCE_THRESHOLD: 80
Median RefSet dist: 765 | MIN_PR_DISTANCE: 200
Estancamiento detectado, perturbación estratégica...
Perturbación: 100 pares modificados (de 445 conflictivos)
Hijos PR: 22 | Total (inc. perturbación): 23
Insertados en población: 23 (PR=22, perturbación=1)
Iter 3: Mejor real=51 cost=73543.0000 [PR+Improve (PR dejó=51, improve bajó a 51)]
  Cargas min (10): [6, 6, 7, 8, 8, 8, 8, 8, 8, 8]
  Cargas max (10): [51, 51, 51, 50, 50, 50, 50, 50, 50, 50]

--- Iteración 4 ---
Median Population dist: 71 | POP_DISTANCE_THRESHOLD: 80
Median RefSet dist: 72 | MIN_PR_DISTANCE: 200
Hijos PR: 0 | Total (inc. perturbación): 0
Insertados en población: 0 (PR=0, perturbación=0)
Sin mejora. real=51 cost=73543.0000

--- Iteración 5 ---
Median Population dist: 68 | POP_DISTANCE_THRESHOLD: 80
Median RefSet dist: 71 | MIN_PR_DISTANCE: 200
Hijos PR: 0 | Total (inc. perturbación): 0
Insertados en población: 0 (PR=0, perturbación=0)
Sin mejora. real=51 cost=73543.0000

--- Iteración 6 ---
Median Population dist: 66 | POP_DISTANCE_THRESHOLD: 80
Median RefSet dist: 71 | MIN_PR_DISTANCE: 200
Hijos PR: 0 | Total (inc. perturbación): 0
Insertados en población: 0 (PR=0, perturbación=0)
Sin mejora. real=51 cost=73543.0000
Diversificando población...
Población convergida (ratio=0.076), reemplazando 50%
Diversificaciones sin mejora: 1

--- Iteración 7 ---
Median Population dist: 176 | POP_DISTANCE_THRESHOLD: 80
Median RefSet dist: 173 | MIN_PR_DISTANCE: 200
Hijos PR: 0 | Total (inc. perturbación): 0
Insertados en población: 0 (PR=0, perturbación=0)
Sin mejora. real=51 cost=73543.0000

--- Iteración 8 ---
Median Population dist: 175 | POP_DISTANCE_THRESHOLD: 80
Median RefSet dist: 175 | MIN_PR_DISTANCE: 200
Hijos PR: 0 | Total (inc. perturbación): 0
Insertados en población: 0 (PR=0, perturbación=0)
Sin mejora. real=51 cost=73543.0000

--- Iteración 9 ---
Median Population dist: 174 | POP_DISTANCE_THRESHOLD: 80
Median RefSet dist: 175 | MIN_PR_DISTANCE: 200
Estancamiento detectado, perturbación estratégica...
Perturbación: 100 pares modificados (de 431 conflictivos)
Hijos PR: 1 | Total (inc. perturbación): 2
Insertados en población: 2 (PR=1, perturbación=1)
Iter 9: Mejor real=50 cost=73217.0000 [PR+Improve (PR dejó=52, improve bajó a 51) +deep=50]
  Cargas min (10): [7, 7, 7, 7, 7, 8, 8, 8, 8, 8]
  Cargas max (10): [50, 50, 50, 50, 50, 50, 50, 50, 50, 50]

--- Iteración 10 ---
Median Population dist: 176 | POP_DISTANCE_THRESHOLD: 80
Median RefSet dist: 176 | MIN_PR_DISTANCE: 200
Hijos PR: 6 | Total (inc. perturbación): 6
Insertados en población: 6 (PR=6, perturbación=0)
Sin mejora. real=50 cost=73217.0000
========================Resultados========================
Índice de Transmisión aproximado (real): 50
Costo heurístico: 73217.0000
Carga total: 1703
Numero de pares: 870
Tiempo de ejecución: 1.5057 segundos
