========================Parámetros========================
Archivo: C:\Users\luisj\source\repos\Optimizacion en Scatter Search para el Problema del Indice de Transmision\Optimizacion en Scatter Search para el Problema del Indice de Transmision\test_graphs\wheel_graph\medium\wheel_graph_medium_(3).txt
Nodos: 30 | Población: 20 | RefSet: 10 | Iteraciones: 10
Precomputando caminos...
Construyendo base balanceada genérica...
Base inicial: indice=50
Construyendo población...
Mejorando población inicial...
Construyendo RefSet...
Iteración 1: real=50 cost=73544.0000

--- Iteración 1 ---
Median Population dist: 366 | POP_DISTANCE_THRESHOLD: 80
Median RefSet dist: 371 | MIN_PR_DISTANCE: 200
Hijos PR: 30 | Total (inc. perturbación): 30
Insertados en población: 29 (PR=29, perturbación=0)
Sin mejora. real=50 cost=73544.0000

--- Iteración 2 ---
Median Population dist: 774 | POP_DISTANCE_THRESHOLD: 80
Median RefSet dist: 380 | MIN_PR_DISTANCE: 200
Hijos PR: 24 | Total (inc. perturbación): 24
Insertados en población: 24 (PR=24, perturbación=0)
Sin mejora. real=50 cost=73544.0000

--- Iteración 3 ---
Median Population dist: 225 | POP_DISTANCE_THRESHOLD: 80
Median RefSet dist: 762 | MIN_PR_DISTANCE: 200
Estancamiento detectado, perturbación estratégica...
Perturbación: 100 pares modificados (de 444 conflictivos)
Hijos PR: 21 | Total (inc. perturbación): 22
Insertados en población: 22 (PR=21, perturbación=1)
Sin mejora. real=50 cost=73544.0000
Diversificando población...
Diversificaciones sin mejora: 1

--- Iteración 4 ---
Median Population dist: 68 | POP_DISTANCE_THRESHOLD: 80
Median RefSet dist: 170 | MIN_PR_DISTANCE: 200
Hijos PR: 3 | Total (inc. perturbación): 3
Insertados en población: 2 (PR=2, perturbación=0)
Sin mejora. real=50 cost=73544.0000

--- Iteración 5 ---
Median Population dist: 71 | POP_DISTANCE_THRESHOLD: 80
Median RefSet dist: 154 | MIN_PR_DISTANCE: 200
Hijos PR: 2 | Total (inc. perturbación): 2
Insertados en población: 0 (PR=0, perturbación=0)
Sin mejora. real=50 cost=73544.0000

--- Iteración 6 ---
Median Population dist: 74 | POP_DISTANCE_THRESHOLD: 80
Median RefSet dist: 161 | MIN_PR_DISTANCE: 200
Hijos PR: 1 | Total (inc. perturbación): 1
Insertados en población: 0 (PR=0, perturbación=0)
Sin mejora. real=50 cost=73544.0000
Diversificando población...
Población convergida (ratio=0.086), reemplazando 50%
Diversificaciones sin mejora: 2

--- Iteración 7 ---
Median Population dist: 171 | POP_DISTANCE_THRESHOLD: 80
Median RefSet dist: 168 | MIN_PR_DISTANCE: 200
Hijos PR: 0 | Total (inc. perturbación): 0
Insertados en población: 0 (PR=0, perturbación=0)
Sin mejora. real=50 cost=73544.0000

--- Iteración 8 ---
Median Population dist: 171 | POP_DISTANCE_THRESHOLD: 80
Median RefSet dist: 168 | MIN_PR_DISTANCE: 200
Hijos PR: 0 | Total (inc. perturbación): 0
Insertados en población: 0 (PR=0, perturbación=0)
Sin mejora. real=50 cost=73544.0000

--- Iteración 9 ---
Median Population dist: 170 | POP_DISTANCE_THRESHOLD: 80
Median RefSet dist: 168 | MIN_PR_DISTANCE: 200
Estancamiento detectado, perturbación estratégica...
Perturbación: 100 pares modificados (de 444 conflictivos)
Hijos PR: 0 | Total (inc. perturbación): 1
Insertados en población: 1 (PR=0, perturbación=1)
Sin mejora. real=50 cost=73544.0000
Diversificando población...
Diversificaciones sin mejora: 3
Demasiadas diversificaciones sin mejora. Terminando.
========================Resultados========================
Índice de Transmisión aproximado (real): 50
Costo heurístico: 73544.0000
Carga total: 1624
Numero de pares: 870
Tiempo de ejecución: 1.4945 segundos
