========================Parámetros========================
Archivo: C:\Users\luisj\source\repos\Optimizacion en Scatter Search para el Problema del Indice de Transmision\Optimizacion en Scatter Search para el Problema del Indice de Transmision\test_graphs\wheel_graph\medium\wheel_graph_medium_(9).txt
Nodos: 90 | Población: 20 | RefSet: 10 | Iteraciones: 10
Precomputando caminos...
Construyendo base balanceada genérica...
Base inicial: indice=171
Construyendo población...
Mejorando población inicial...
Construyendo RefSet...
Iteración 1: real=171 cost=2575964.0000

--- Iteración 1 ---
Median Population dist: 2913 | POP_DISTANCE_THRESHOLD: 116
Median RefSet dist: 3480 | MIN_PR_DISTANCE: 522
Hijos PR: 28 | Total (inc. perturbación): 28
Insertados en población: 28 (PR=28, perturbación=0)
Sin mejora. real=171 cost=2575964.0000

--- Iteración 2 ---
Median Population dist: 1202 | POP_DISTANCE_THRESHOLD: 80
Median RefSet dist: 2032 | MIN_PR_DISTANCE: 304
Hijos PR: 25 | Total (inc. perturbación): 25
Insertados en población: 25 (PR=25, perturbación=0)
Sin mejora. real=171 cost=2575964.0000

--- Iteración 3 ---
Median Population dist: 1096 | POP_DISTANCE_THRESHOLD: 80
Median RefSet dist: 1130 | MIN_PR_DISTANCE: 200
Estancamiento detectado, perturbación estratégica...
Perturbación: 100 pares modificados (de 1645 conflictivos)
Hijos PR: 20 | Total (inc. perturbación): 21
Insertados en población: 21 (PR=20, perturbación=1)
Sin mejora. real=171 cost=2575964.0000
Diversificando población...
Población convergida (ratio=0.137), reemplazando 50%
Diversificaciones sin mejora: 1

--- Iteración 4 ---
Median Population dist: 1142 | POP_DISTANCE_THRESHOLD: 80
Median RefSet dist: 1725 | MIN_PR_DISTANCE: 258
Hijos PR: 30 | Total (inc. perturbación): 30
Insertados en población: 30 (PR=30, perturbación=0)
Sin mejora. real=171 cost=2575964.0000

--- Iteración 5 ---
Median Population dist: 116 | POP_DISTANCE_THRESHOLD: 80
Median RefSet dist: 570 | MIN_PR_DISTANCE: 200
Hijos PR: 13 | Total (inc. perturbación): 13
Insertados en población: 13 (PR=13, perturbación=0)
Sin mejora. real=171 cost=2575964.0000

--- Iteración 6 ---
Median Population dist: 112 | POP_DISTANCE_THRESHOLD: 80
Median RefSet dist: 114 | MIN_PR_DISTANCE: 200
Hijos PR: 0 | Total (inc. perturbación): 0
Insertados en población: 0 (PR=0, perturbación=0)
Sin mejora. real=171 cost=2575964.0000
Diversificando población...
Población convergida (ratio=0.014), reemplazando 50%
Diversificaciones sin mejora: 2

--- Iteración 7 ---
Median Population dist: 1131 | POP_DISTANCE_THRESHOLD: 80
Median RefSet dist: 1725 | MIN_PR_DISTANCE: 258
Hijos PR: 30 | Total (inc. perturbación): 30
Insertados en población: 30 (PR=30, perturbación=0)
Sin mejora. real=171 cost=2575964.0000

--- Iteración 8 ---
Median Population dist: 133 | POP_DISTANCE_THRESHOLD: 80
Median RefSet dist: 1061 | MIN_PR_DISTANCE: 200
Hijos PR: 17 | Total (inc. perturbación): 17
Insertados en población: 17 (PR=17, perturbación=0)
Sin mejora. real=171 cost=2575964.0000

--- Iteración 9 ---
Median Population dist: 114 | POP_DISTANCE_THRESHOLD: 80
Median RefSet dist: 118 | MIN_PR_DISTANCE: 200
Estancamiento detectado, perturbación estratégica...
Perturbación: 100 pares modificados (de 1645 conflictivos)
Hijos PR: 0 | Total (inc. perturbación): 1
Insertados en población: 1 (PR=0, perturbación=1)
Sin mejora. real=171 cost=2575964.0000
Diversificando población...
Población convergida (ratio=0.014), reemplazando 50%
Diversificaciones sin mejora: 3
Demasiadas diversificaciones sin mejora. Terminando.
========================Resultados========================
Índice de Transmisión aproximado (real): 171
Costo heurístico: 2575964.0000
Carga total: 15664
Numero de pares: 8010
Tiempo de ejecución: 10.1219 segundos
