========================Parámetros========================
Archivo: C:\Users\luisj\source\repos\Optimizacion en Scatter Search para el Problema del Indice de Transmision\Optimizacion en Scatter Search para el Problema del Indice de Transmision\test_graphs\wheel_graph\medium\wheel_graph_medium_(7).txt
Nodos: 70 | Población: 20 | RefSet: 10 | Iteraciones: 10
Precomputando caminos...
Construyendo base balanceada genérica...
Base inicial: indice=131
Construyendo población...
Mejorando población inicial...
Construyendo RefSet...
Iteración 1: real=131 cost=1169084.0000

--- Iteración 1 ---
Median Population dist: 2550 | POP_DISTANCE_THRESHOLD: 102
Median RefSet dist: 2557 | MIN_PR_DISTANCE: 383
Hijos PR: 29 | Total (inc. perturbación): 29
Insertados en población: 29 (PR=29, perturbación=0)
Sin mejora. real=131 cost=1169084.0000

--- Iteración 2 ---
Median Population dist: 1186 | POP_DISTANCE_THRESHOLD: 80
Median RefSet dist: 1845 | MIN_PR_DISTANCE: 276
Hijos PR: 22 | Total (inc. perturbación): 22
Insertados en población: 22 (PR=22, perturbación=0)
Sin mejora. real=131 cost=1169084.0000

--- Iteración 3 ---
Median Population dist: 1047 | POP_DISTANCE_THRESHOLD: 80
Median RefSet dist: 1074 | MIN_PR_DISTANCE: 200
Estancamiento detectado, perturbación estratégica...
Perturbación: 100 pares modificados (de 1245 conflictivos)
Hijos PR: 22 | Total (inc. perturbación): 23
Insertados en población: 23 (PR=22, perturbación=1)
Sin mejora. real=131 cost=1169084.0000
Diversificando población...
Diversificaciones sin mejora: 1

--- Iteración 4 ---
Median Population dist: 133 | POP_DISTANCE_THRESHOLD: 80
Median RefSet dist: 738 | MIN_PR_DISTANCE: 200
Hijos PR: 27 | Total (inc. perturbación): 27
Insertados en población: 27 (PR=27, perturbación=0)
Sin mejora. real=131 cost=1169084.0000

--- Iteración 5 ---
Median Population dist: 117 | POP_DISTANCE_THRESHOLD: 80
Median RefSet dist: 109 | MIN_PR_DISTANCE: 200
Hijos PR: 0 | Total (inc. perturbación): 0
Insertados en población: 0 (PR=0, perturbación=0)
Sin mejora. real=131 cost=1169084.0000

--- Iteración 6 ---
Median Population dist: 117 | POP_DISTANCE_THRESHOLD: 80
Median RefSet dist: 109 | MIN_PR_DISTANCE: 200
Hijos PR: 0 | Total (inc. perturbación): 0
Insertados en población: 0 (PR=0, perturbación=0)
Sin mejora. real=131 cost=1169084.0000
Diversificando población...
Población convergida (ratio=0.024), reemplazando 50%
Diversificaciones sin mejora: 2

--- Iteración 7 ---
Median Population dist: 720 | POP_DISTANCE_THRESHOLD: 80
Median RefSet dist: 1025 | MIN_PR_DISTANCE: 200
Hijos PR: 30 | Total (inc. perturbación): 30
Insertados en población: 29 (PR=29, perturbación=0)
Iter 7: Mejor real=131 cost=1168866.0000 [PR+Improve (PR dejó=131, improve bajó a 131)]
  Cargas min (10): [6, 6, 6, 6, 6, 6, 6, 6, 6, 6]
  Cargas max (10): [131, 131, 131, 131, 131, 131, 131, 131, 131, 131]

--- Iteración 8 ---
Median Population dist: 122 | POP_DISTANCE_THRESHOLD: 80
Median RefSet dist: 129 | MIN_PR_DISTANCE: 200
Hijos PR: 12 | Total (inc. perturbación): 12
Insertados en población: 12 (PR=12, perturbación=0)
Sin mejora. real=131 cost=1168866.0000

--- Iteración 9 ---
Median Population dist: 103 | POP_DISTANCE_THRESHOLD: 80
Median RefSet dist: 112 | MIN_PR_DISTANCE: 200
Hijos PR: 0 | Total (inc. perturbación): 0
Insertados en población: 0 (PR=0, perturbación=0)
Sin mejora. real=131 cost=1168866.0000

--- Iteración 10 ---
Median Population dist: 101 | POP_DISTANCE_THRESHOLD: 80
Median RefSet dist: 114 | MIN_PR_DISTANCE: 200
Estancamiento detectado, perturbación estratégica...
Perturbación: 100 pares modificados (de 1231 conflictivos)
Hijos PR: 0 | Total (inc. perturbación): 1
Insertados en población: 1 (PR=0, perturbación=1)
Sin mejora. real=131 cost=1168866.0000
Diversificando población...
Población convergida (ratio=0.021), reemplazando 50%
Diversificaciones sin mejora: 1
========================Resultados========================
Índice de Transmisión aproximado (real): 131
Costo heurístico: 1168866.0000
Carga total: 9436
Numero de pares: 4830
Tiempo de ejecución: 6.5083 segundos
