========================Parámetros========================
Archivo: C:\Users\luisj\source\repos\Optimizacion en Scatter Search para el Problema del Indice de Transmision\Optimizacion en Scatter Search para el Problema del Indice de Transmision\test_graphs\wheel_graph\medium\wheel_graph_medium_(4).txt
Nodos: 40 | Población: 20 | RefSet: 10 | Iteraciones: 10
Precomputando caminos...
Construyendo base balanceada genérica...
Base inicial: indice=70
Construyendo población...
Mejorando población inicial...
Construyendo RefSet...
Iteración 1: real=70 cost=192504.0000

--- Iteración 1 ---
Median Population dist: 884 | POP_DISTANCE_THRESHOLD: 80
Median RefSet dist: 960 | MIN_PR_DISTANCE: 200
Hijos PR: 29 | Total (inc. perturbación): 29
Insertados en población: 29 (PR=29, perturbación=0)
Sin mejora. real=70 cost=192504.0000

--- Iteración 2 ---
Median Population dist: 969 | POP_DISTANCE_THRESHOLD: 80
Median RefSet dist: 942 | MIN_PR_DISTANCE: 200
Hijos PR: 21 | Total (inc. perturbación): 21
Insertados en población: 21 (PR=21, perturbación=0)
Sin mejora. real=70 cost=192504.0000

--- Iteración 3 ---
Median Population dist: 508 | POP_DISTANCE_THRESHOLD: 80
Median RefSet dist: 1068 | MIN_PR_DISTANCE: 200
Estancamiento detectado, perturbación estratégica...
Perturbación: 100 pares modificados (de 644 conflictivos)
Hijos PR: 24 | Total (inc. perturbación): 25
Insertados en población: 25 (PR=24, perturbación=1)
Sin mejora. real=70 cost=192504.0000
Diversificando población...
Diversificaciones sin mejora: 1

--- Iteración 4 ---
Median Population dist: 92 | POP_DISTANCE_THRESHOLD: 80
Median RefSet dist: 289 | MIN_PR_DISTANCE: 200
Hijos PR: 23 | Total (inc. perturbación): 23
Insertados en población: 21 (PR=21, perturbación=0)
Sin mejora. real=70 cost=192504.0000

--- Iteración 5 ---
Median Population dist: 85 | POP_DISTANCE_THRESHOLD: 80
Median RefSet dist: 88 | MIN_PR_DISTANCE: 200
Hijos PR: 0 | Total (inc. perturbación): 0
Insertados en población: 0 (PR=0, perturbación=0)
Sin mejora. real=70 cost=192504.0000

--- Iteración 6 ---
Median Population dist: 85 | POP_DISTANCE_THRESHOLD: 80
Median RefSet dist: 88 | MIN_PR_DISTANCE: 200
Hijos PR: 0 | Total (inc. perturbación): 0
Insertados en población: 0 (PR=0, perturbación=0)
Sin mejora. real=70 cost=192504.0000
Diversificando población...
Población convergida (ratio=0.054), reemplazando 50%
Diversificaciones sin mejora: 2

--- Iteración 7 ---
Median Population dist: 268 | POP_DISTANCE_THRESHOLD: 80
Median RefSet dist: 317 | MIN_PR_DISTANCE: 200
Hijos PR: 30 | Total (inc. perturbación): 30
Insertados en población: 30 (PR=30, perturbación=0)
Sin mejora. real=70 cost=192504.0000

--- Iteración 8 ---
Median Population dist: 124 | POP_DISTANCE_THRESHOLD: 80
Median RefSet dist: 178 | MIN_PR_DISTANCE: 200
Hijos PR: 13 | Total (inc. perturbación): 13
Insertados en población: 10 (PR=10, perturbación=0)
Sin mejora. real=70 cost=192504.0000

--- Iteración 9 ---
Median Population dist: 86 | POP_DISTANCE_THRESHOLD: 80
Median RefSet dist: 100 | MIN_PR_DISTANCE: 200
Estancamiento detectado, perturbación estratégica...
Perturbación: 100 pares modificados (de 644 conflictivos)
Hijos PR: 0 | Total (inc. perturbación): 1
Insertados en población: 1 (PR=0, perturbación=1)
Sin mejora. real=70 cost=192504.0000
Diversificando población...
Población convergida (ratio=0.055), reemplazando 50%
Diversificaciones sin mejora: 3
Demasiadas diversificaciones sin mejora. Terminando.
========================Resultados========================
Índice de Transmisión aproximado (real): 70
Costo heurístico: 192504.0000
Carga total: 2964
Numero de pares: 1560
Tiempo de ejecución: 2.7389 segundos
