========================Parámetros========================
Archivo: C:\Users\luisj\source\repos\Optimizacion en Scatter Search para el Problema del Indice de Transmision\Optimizacion en Scatter Search para el Problema del Indice de Transmision\test_graphs\wheel_graph\medium\wheel_graph_medium_(7).txt
Nodos: 70 | Población: 20 | RefSet: 10 | Iteraciones: 10
Precomputando caminos...
Construyendo base balanceada genérica...
Base inicial: indice=130
Construyendo población...
Mejorando población inicial...
Construyendo RefSet...
Iteración 1: real=130 cost=1168584.0000

--- Iteración 1 ---
Median Population dist: 2550 | POP_DISTANCE_THRESHOLD: 102
Median RefSet dist: 3137 | MIN_PR_DISTANCE: 470
Hijos PR: 26 | Total (inc. perturbación): 26
Insertados en población: 26 (PR=26, perturbación=0)
Sin mejora. real=130 cost=1168584.0000

--- Iteración 2 ---
Median Population dist: 1222 | POP_DISTANCE_THRESHOLD: 80
Median RefSet dist: 1851 | MIN_PR_DISTANCE: 277
Hijos PR: 23 | Total (inc. perturbación): 23
Insertados en población: 23 (PR=23, perturbación=0)
Sin mejora. real=130 cost=1168584.0000

--- Iteración 3 ---
Median Population dist: 119 | POP_DISTANCE_THRESHOLD: 80
Median RefSet dist: 1068 | MIN_PR_DISTANCE: 200
Estancamiento detectado, perturbación estratégica...
Perturbación: 100 pares modificados (de 1244 conflictivos)
Hijos PR: 20 | Total (inc. perturbación): 21
Insertados en población: 18 (PR=17, perturbación=1)
Sin mejora. real=130 cost=1168584.0000
Diversificando población...
Población convergida (ratio=0.025), reemplazando 50%
Diversificaciones sin mejora: 1

--- Iteración 4 ---
Median Population dist: 707 | POP_DISTANCE_THRESHOLD: 80
Median RefSet dist: 1026 | MIN_PR_DISTANCE: 200
Hijos PR: 30 | Total (inc. perturbación): 30
Insertados en población: 30 (PR=30, perturbación=0)
Sin mejora. real=130 cost=1168584.0000

--- Iteración 5 ---
Median Population dist: 102 | POP_DISTANCE_THRESHOLD: 80
Median RefSet dist: 121 | MIN_PR_DISTANCE: 200
Hijos PR: 15 | Total (inc. perturbación): 15
Insertados en población: 15 (PR=15, perturbación=0)
Sin mejora. real=130 cost=1168584.0000

--- Iteración 6 ---
Median Population dist: 91 | POP_DISTANCE_THRESHOLD: 80
Median RefSet dist: 106 | MIN_PR_DISTANCE: 200
Hijos PR: 0 | Total (inc. perturbación): 0
Insertados en población: 0 (PR=0, perturbación=0)
Sin mejora. real=130 cost=1168584.0000
Diversificando población...
Población convergida (ratio=0.019), reemplazando 50%
Diversificaciones sin mejora: 2

--- Iteración 7 ---
Median Population dist: 705 | POP_DISTANCE_THRESHOLD: 80
Median RefSet dist: 1026 | MIN_PR_DISTANCE: 200
Hijos PR: 30 | Total (inc. perturbación): 30
Insertados en población: 30 (PR=30, perturbación=0)
Sin mejora. real=130 cost=1168584.0000

--- Iteración 8 ---
Median Population dist: 102 | POP_DISTANCE_THRESHOLD: 80
Median RefSet dist: 640 | MIN_PR_DISTANCE: 200
Hijos PR: 19 | Total (inc. perturbación): 19
Insertados en población: 19 (PR=19, perturbación=0)
Sin mejora. real=130 cost=1168584.0000

--- Iteración 9 ---
Median Population dist: 96 | POP_DISTANCE_THRESHOLD: 80
Median RefSet dist: 100 | MIN_PR_DISTANCE: 200
Estancamiento detectado, perturbación estratégica...
Perturbación: 100 pares modificados (de 1244 conflictivos)
Hijos PR: 0 | Total (inc. perturbación): 1
Insertados en población: 1 (PR=0, perturbación=1)
Sin mejora. real=130 cost=1168584.0000
Diversificando población...
Población convergida (ratio=0.020), reemplazando 50%
Diversificaciones sin mejora: 3
Demasiadas diversificaciones sin mejora. Terminando.
========================Resultados========================
Índice de Transmisión aproximado (real): 130
Costo heurístico: 1168584.0000
Carga total: 9384
Numero de pares: 4830
Tiempo de ejecución: 6.4690 segundos
