========================Parámetros========================
Archivo: C:\Users\luisj\source\repos\Optimizacion en Scatter Search para el Problema del Indice de Transmision\Optimizacion en Scatter Search para el Problema del Indice de Transmision\test_graphs\wheel_graph\medium\wheel_graph_medium_(2).txt
Nodos: 20 | Población: 20 | RefSet: 10 | Iteraciones: 10
Precomputando caminos...
Construyendo base balanceada genérica...
Base inicial: indice=30
Construyendo población...
Mejorando población inicial...
Construyendo RefSet...
Iteración 1: real=30 cost=17626.0000

--- Iteración 1 ---
Median Population dist: 147 | POP_DISTANCE_THRESHOLD: 80
Median RefSet dist: 150 | MIN_PR_DISTANCE: 200
Hijos PR: 5 | Total (inc. perturbación): 5
Insertados en población: 2 (PR=2, perturbación=0)
Sin mejora. real=30 cost=17626.0000

--- Iteración 2 ---
Median Population dist: 147 | POP_DISTANCE_THRESHOLD: 80
Median RefSet dist: 148 | MIN_PR_DISTANCE: 200
Hijos PR: 5 | Total (inc. perturbación): 5
Insertados en población: 3 (PR=3, perturbación=0)
Sin mejora. real=30 cost=17626.0000

--- Iteración 3 ---
Median Population dist: 158 | POP_DISTANCE_THRESHOLD: 80
Median RefSet dist: 151 | MIN_PR_DISTANCE: 200
Estancamiento detectado, perturbación estratégica...
Perturbación: 100 pares modificados (de 236 conflictivos)
Hijos PR: 8 | Total (inc. perturbación): 9
Insertados en población: 5 (PR=4, perturbación=1)
Sin mejora. real=30 cost=17626.0000
Diversificando población...
Diversificaciones sin mejora: 1

--- Iteración 4 ---
Median Population dist: 99 | POP_DISTANCE_THRESHOLD: 80
Median RefSet dist: 237 | MIN_PR_DISTANCE: 200
Hijos PR: 13 | Total (inc. perturbación): 13
Insertados en población: 10 (PR=10, perturbación=0)
Sin mejora. real=30 cost=17626.0000

--- Iteración 5 ---
Median Population dist: 111 | POP_DISTANCE_THRESHOLD: 80
Median RefSet dist: 116 | MIN_PR_DISTANCE: 200
Hijos PR: 0 | Total (inc. perturbación): 0
Insertados en población: 0 (PR=0, perturbación=0)
Sin mejora. real=30 cost=17626.0000

--- Iteración 6 ---
Median Population dist: 111 | POP_DISTANCE_THRESHOLD: 80
Median RefSet dist: 129 | MIN_PR_DISTANCE: 200
Hijos PR: 1 | Total (inc. perturbación): 1
Insertados en población: 1 (PR=1, perturbación=0)
Sin mejora. real=30 cost=17626.0000
Diversificando población...
Diversificaciones sin mejora: 2

--- Iteración 7 ---
Median Population dist: 104 | POP_DISTANCE_THRESHOLD: 80
Median RefSet dist: 121 | MIN_PR_DISTANCE: 200
Hijos PR: 3 | Total (inc. perturbación): 3
Insertados en población: 3 (PR=3, perturbación=0)
Sin mejora. real=30 cost=17626.0000

--- Iteración 8 ---
Median Population dist: 95 | POP_DISTANCE_THRESHOLD: 80
Median RefSet dist: 119 | MIN_PR_DISTANCE: 200
Hijos PR: 1 | Total (inc. perturbación): 1
Insertados en población: 1 (PR=1, perturbación=0)
Sin mejora. real=30 cost=17626.0000

--- Iteración 9 ---
Median Population dist: 100 | POP_DISTANCE_THRESHOLD: 80
Median RefSet dist: 113 | MIN_PR_DISTANCE: 200
Estancamiento detectado, perturbación estratégica...
Perturbación: 100 pares modificados (de 236 conflictivos)
Hijos PR: 0 | Total (inc. perturbación): 1
Insertados en población: 1 (PR=0, perturbación=1)
Sin mejora. real=30 cost=17626.0000
Diversificando población...
Diversificaciones sin mejora: 3
Demasiadas diversificaciones sin mejora. Terminando.
========================Resultados========================
Índice de Transmisión aproximado (real): 30
Costo heurístico: 17626.0000
Carga total: 686
Numero de pares: 380
Tiempo de ejecución: 0.6893 segundos
