========================Parámetros========================
Archivo: C:\Users\luisj\source\repos\Optimizacion en Scatter Search para el Problema del Indice de Transmision\Optimizacion en Scatter Search para el Problema del Indice de Transmision\test_graphs\wheel_graph\large\wheel_graph_large_(2).txt
Nodos: 200 | Población: 30 | RefSet: 15 | Iteraciones: 5
Precomputando caminos...
Construyendo base balanceada genérica...
Base inicial: indice=391
Construyendo población...
Mejorando población inicial...
Construyendo RefSet...
Iteración 1: real=391 cost=30276604.0000

--- Iteración 1 ---
Median Population dist: 3301 | POP_DISTANCE_THRESHOLD: 132
Median RefSet dist: 3307 | MIN_PR_DISTANCE: 496
Hijos PR: 40 | Total (inc. perturbación): 40
Insertados en población: 40 (PR=40, perturbación=0)
Sin mejora. real=391 cost=30276604.0000

--- Iteración 2 ---
Median Population dist: 1216 | POP_DISTANCE_THRESHOLD: 80
Median RefSet dist: 1219 | MIN_PR_DISTANCE: 200
Hijos PR: 37 | Total (inc. perturbación): 37
Insertados en población: 37 (PR=37, perturbación=0)
Sin mejora. real=391 cost=30276604.0000

--- Iteración 3 ---
Median Population dist: 143 | POP_DISTANCE_THRESHOLD: 80
Median RefSet dist: 201 | MIN_PR_DISTANCE: 200
Estancamiento detectado, perturbación estratégica...
Perturbación: 119 pares modificados (de 3839 conflictivos)
Hijos PR: 21 | Total (inc. perturbación): 22
Insertados en población: 8 (PR=7, perturbación=1)
Sin mejora. real=391 cost=30276604.0000
Diversificando población...
Población convergida (ratio=0.004), reemplazando 50%
Diversificaciones sin mejora: 1

--- Iteración 4 ---
Median Population dist: 4290 | POP_DISTANCE_THRESHOLD: 171
Median RefSet dist: 7237 | MIN_PR_DISTANCE: 1085
Hijos PR: 34 | Total (inc. perturbación): 34
Insertados en población: 34 (PR=34, perturbación=0)
Sin mejora. real=391 cost=30276604.0000

--- Iteración 5 ---
Median Population dist: 199 | POP_DISTANCE_THRESHOLD: 80
Median RefSet dist: 208 | MIN_PR_DISTANCE: 200
Hijos PR: 29 | Total (inc. perturbación): 29
Insertados en población: 19 (PR=19, perturbación=0)
Sin mejora. real=391 cost=30276604.0000
========================Resultados========================
Índice de Transmisión aproximado (real): 391
Costo heurístico: 30276604.0000
Carga total: 78804
Numero de pares: 39800
Tiempo de ejecución: 66.5130 segundos
