========================Parámetros========================
Archivo: C:\Users\luisj\source\repos\Optimizacion en Scatter Search para el Problema del Indice de Transmision\Optimizacion en Scatter Search para el Problema del Indice de Transmision\test_graphs\wheel_graph\small\wheel_graph_small_(4).txt
Nodos: 5 | Población: 10 | RefSet: 5 | Iteraciones: 5
Precomputando caminos...
Construyendo base balanceada genérica...
Base inicial: indice=4
Construyendo población...
Mejorando población inicial...
Construyendo RefSet...
Iteración 1: real=4 cost=74.0000

--- Iteración 1 ---
Median Population dist: 2 | POP_DISTANCE_THRESHOLD: 80
Median RefSet dist: 3 | MIN_PR_DISTANCE: 200
Hijos PR: 0 | Total (inc. perturbación): 0
Insertados en población: 0 (PR=0, perturbación=0)
Sin mejora. real=4 cost=74.0000

--- Iteración 2 ---
Median Population dist: 2 | POP_DISTANCE_THRESHOLD: 80
Median RefSet dist: 3 | MIN_PR_DISTANCE: 200
Hijos PR: 0 | Total (inc. perturbación): 0
Insertados en población: 0 (PR=0, perturbación=0)
Sin mejora. real=4 cost=74.0000

--- Iteración 3 ---
Median Population dist: 2 | POP_DISTANCE_THRESHOLD: 80
Median RefSet dist: 3 | MIN_PR_DISTANCE: 200
Estancamiento detectado, perturbación estratégica...
Perturbación: 20 pares modificados (de 20 conflictivos)
Hijos PR: 0 | Total (inc. perturbación): 1
Insertados en población: 0 (PR=0, perturbación=0)
Sin mejora. real=4 cost=74.0000
Diversificando población...
Población convergida (ratio=0.100), reemplazando 50%
Diversificaciones sin mejora: 1

--- Iteración 4 ---
Median Population dist: 2 | POP_DISTANCE_THRESHOLD: 80
Median RefSet dist: 2 | MIN_PR_DISTANCE: 200
Hijos PR: 0 | Total (inc. perturbación): 0
Insertados en población: 0 (PR=0, perturbación=0)
Sin mejora. real=4 cost=74.0000

--- Iteración 5 ---
Median Population dist: 2 | POP_DISTANCE_THRESHOLD: 80
Median RefSet dist: 2 | MIN_PR_DISTANCE: 200
Hijos PR: 0 | Total (inc. perturbación): 0
Insertados en población: 0 (PR=0, perturbación=0)
Sin mejora. real=4 cost=74.0000
========================Resultados========================
Índice de Transmisión aproximado (real): 4
Costo heurístico: 74.0000
Carga total: 24
Numero de pares: 20
Tiempo de ejecución: 0.0127 segundos
