========================Parámetros========================
Archivo: C:\Users\luisj\source\repos\Optimizacion en Scatter Search para el Problema del Indice de Transmision\Optimizacion en Scatter Search para el Problema del Indice de Transmision\test_graphs\wheel_graph\medium\wheel_graph_medium_(8).txt
Nodos: 80 | Población: 20 | RefSet: 10 | Iteraciones: 10
Precomputando caminos...
Construyendo base balanceada genérica...
Base inicial: indice=151
Construyendo población...
Mejorando población inicial...
Construyendo RefSet...
Iteración 1: real=151 cost=1780924.0000

--- Iteración 1 ---
Median Population dist: 2712 | POP_DISTANCE_THRESHOLD: 108
Median RefSet dist: 2755 | MIN_PR_DISTANCE: 413
Hijos PR: 28 | Total (inc. perturbación): 28
Insertados en población: 28 (PR=28, perturbación=0)
Iter 1: Mejor real=151 cost=1780414.0000 [PR+Improve (PR dejó=152, improve bajó a 151)]
  Cargas min (10): [6, 6, 6, 6, 6, 6, 6, 6, 6, 6]
  Cargas max (10): [151, 151, 151, 151, 151, 151, 151, 151, 151, 151]

--- Iteración 2 ---
Median Population dist: 1173 | POP_DISTANCE_THRESHOLD: 80
Median RefSet dist: 1183 | MIN_PR_DISTANCE: 200
Hijos PR: 23 | Total (inc. perturbación): 23
Insertados en población: 23 (PR=23, perturbación=0)
Sin mejora. real=151 cost=1780414.0000

--- Iteración 3 ---
Median Population dist: 103 | POP_DISTANCE_THRESHOLD: 80
Median RefSet dist: 108 | MIN_PR_DISTANCE: 200
Hijos PR: 0 | Total (inc. perturbación): 0
Insertados en población: 0 (PR=0, perturbación=0)
Sin mejora. real=151 cost=1780414.0000

--- Iteración 4 ---
Median Population dist: 99 | POP_DISTANCE_THRESHOLD: 80
Median RefSet dist: 108 | MIN_PR_DISTANCE: 200
Estancamiento detectado, perturbación estratégica...
Perturbación: 100 pares modificados (de 1423 conflictivos)
Hijos PR: 0 | Total (inc. perturbación): 1
Insertados en población: 1 (PR=0, perturbación=1)
Sin mejora. real=151 cost=1780414.0000
Diversificando población...
Población convergida (ratio=0.016), reemplazando 50%
Diversificaciones sin mejora: 1

--- Iteración 5 ---
Median Population dist: 909 | POP_DISTANCE_THRESHOLD: 80
Median RefSet dist: 1354 | MIN_PR_DISTANCE: 203
Hijos PR: 30 | Total (inc. perturbación): 30
Insertados en población: 30 (PR=30, perturbación=0)
Sin mejora. real=151 cost=1780414.0000

--- Iteración 6 ---
Median Population dist: 85 | POP_DISTANCE_THRESHOLD: 80
Median RefSet dist: 819 | MIN_PR_DISTANCE: 200
Hijos PR: 14 | Total (inc. perturbación): 14
Insertados en población: 14 (PR=14, perturbación=0)
Sin mejora. real=151 cost=1780414.0000

--- Iteración 7 ---
Median Population dist: 74 | POP_DISTANCE_THRESHOLD: 80
Median RefSet dist: 73 | MIN_PR_DISTANCE: 200
Hijos PR: 0 | Total (inc. perturbación): 0
Insertados en población: 0 (PR=0, perturbación=0)
Sin mejora. real=151 cost=1780414.0000
Diversificando población...
Población convergida (ratio=0.012), reemplazando 50%
Diversificaciones sin mejora: 2

--- Iteración 8 ---
Median Population dist: 901 | POP_DISTANCE_THRESHOLD: 80
Median RefSet dist: 1353 | MIN_PR_DISTANCE: 203
Hijos PR: 30 | Total (inc. perturbación): 30
Insertados en población: 30 (PR=30, perturbación=0)
Sin mejora. real=151 cost=1780414.0000

--- Iteración 9 ---
Median Population dist: 76 | POP_DISTANCE_THRESHOLD: 80
Median RefSet dist: 86 | MIN_PR_DISTANCE: 200
Hijos PR: 12 | Total (inc. perturbación): 12
Insertados en población: 12 (PR=12, perturbación=0)
Sin mejora. real=151 cost=1780414.0000

--- Iteración 10 ---
Median Population dist: 71 | POP_DISTANCE_THRESHOLD: 80
Median RefSet dist: 72 | MIN_PR_DISTANCE: 200
Estancamiento detectado, perturbación estratégica...
Perturbación: 100 pares modificados (de 1423 conflictivos)
Hijos PR: 0 | Total (inc. perturbación): 1
Insertados en población: 1 (PR=0, perturbación=1)
Sin mejora. real=151 cost=1780414.0000
Diversificando población...
Población convergida (ratio=0.011), reemplazando 50%
Diversificaciones sin mejora: 3
Demasiadas diversificaciones sin mejora. Terminando.
========================Resultados========================
Índice de Transmisión aproximado (real): 151
Costo heurístico: 1780414.0000
Carga total: 12368
Numero de pares: 6320
Tiempo de ejecución: 7.8060 segundos
