========================Parámetros========================
Archivo: C:\Users\luisj\source\repos\Optimizacion en Scatter Search para el Problema del Indice de Transmision\Optimizacion en Scatter Search para el Problema del Indice de Transmision\test_graphs\wheel_graph\small\wheel_graph_small_(9).txt
Nodos: 10 | Población: 20 | RefSet: 10 | Iteraciones: 10
Precomputando caminos...
Construyendo base balanceada genérica...
Base inicial: indice=10
Construyendo población...
Mejorando población inicial...
Construyendo RefSet...
Iteración 1: real=10 cost=1257.0000

--- Iteración 1 ---
Median Population dist: 27 | POP_DISTANCE_THRESHOLD: 80
Median RefSet dist: 35 | MIN_PR_DISTANCE: 200
Hijos PR: 0 | Total (inc. perturbación): 0
Insertados en población: 0 (PR=0, perturbación=0)
Sin mejora. real=10 cost=1257.0000

--- Iteración 2 ---
Median Population dist: 27 | POP_DISTANCE_THRESHOLD: 80
Median RefSet dist: 35 | MIN_PR_DISTANCE: 200
Hijos PR: 0 | Total (inc. perturbación): 0
Insertados en población: 0 (PR=0, perturbación=0)
Sin mejora. real=10 cost=1257.0000

--- Iteración 3 ---
Median Population dist: 27 | POP_DISTANCE_THRESHOLD: 80
Median RefSet dist: 34 | MIN_PR_DISTANCE: 200
Estancamiento detectado, perturbación estratégica...
Perturbación: 60 pares modificados (de 60 conflictivos)
Hijos PR: 0 | Total (inc. perturbación): 1
Insertados en población: 1 (PR=0, perturbación=1)
Sin mejora. real=10 cost=1257.0000
Diversificando población...
Diversificaciones sin mejora: 1

--- Iteración 4 ---
Median Population dist: 54 | POP_DISTANCE_THRESHOLD: 80
Median RefSet dist: 52 | MIN_PR_DISTANCE: 200
Hijos PR: 0 | Total (inc. perturbación): 0
Insertados en población: 0 (PR=0, perturbación=0)
Sin mejora. real=10 cost=1257.0000

--- Iteración 5 ---
Median Population dist: 45 | POP_DISTANCE_THRESHOLD: 80
Median RefSet dist: 56 | MIN_PR_DISTANCE: 200
Hijos PR: 0 | Total (inc. perturbación): 0
Insertados en población: 0 (PR=0, perturbación=0)
Sin mejora. real=10 cost=1257.0000

--- Iteración 6 ---
Median Population dist: 56 | POP_DISTANCE_THRESHOLD: 80
Median RefSet dist: 63 | MIN_PR_DISTANCE: 200
Hijos PR: 0 | Total (inc. perturbación): 0
Insertados en población: 0 (PR=0, perturbación=0)
Sin mejora. real=10 cost=1257.0000
Diversificando población...
Diversificaciones sin mejora: 2

--- Iteración 7 ---
Median Population dist: 50 | POP_DISTANCE_THRESHOLD: 80
Median RefSet dist: 50 | MIN_PR_DISTANCE: 200
Hijos PR: 0 | Total (inc. perturbación): 0
Insertados en población: 0 (PR=0, perturbación=0)
Sin mejora. real=10 cost=1257.0000

--- Iteración 8 ---
Median Population dist: 54 | POP_DISTANCE_THRESHOLD: 80
Median RefSet dist: 62 | MIN_PR_DISTANCE: 200
Hijos PR: 0 | Total (inc. perturbación): 0
Insertados en población: 0 (PR=0, perturbación=0)
Sin mejora. real=10 cost=1257.0000

--- Iteración 9 ---
Median Population dist: 54 | POP_DISTANCE_THRESHOLD: 80
Median RefSet dist: 54 | MIN_PR_DISTANCE: 200
Estancamiento detectado, perturbación estratégica...
Perturbación: 60 pares modificados (de 60 conflictivos)
Hijos PR: 0 | Total (inc. perturbación): 1
Insertados en población: 0 (PR=0, perturbación=0)
Sin mejora. real=10 cost=1257.0000
Diversificando población...
Diversificaciones sin mejora: 3
Demasiadas diversificaciones sin mejora. Terminando.
========================Resultados========================
Índice de Transmisión aproximado (real): 10
Costo heurístico: 1257.0000
Carga total: 149
Numero de pares: 90
Tiempo de ejecución: 0.1069 segundos
